Archive member included to satisfy reference by file (symbol)

c:/st/stm32cubeide_1.10.1/stm32cubeide/plugins/com.st.stm32cube.ide.mcu.externaltools.gnu-tools-for-stm32.10.3-2021.10.win32_1.0.0.202111181127/tools/bin/../lib/gcc/arm-none-eabi/10.3.1/../../../../arm-none-eabi/lib/thumb/v7-m/nofp\libc_nano.a(lib_a-errno.o)
                              ./Core/Src/syscalls.o (__errno)
c:/st/stm32cubeide_1.10.1/stm32cubeide/plugins/com.st.stm32cube.ide.mcu.externaltools.gnu-tools-for-stm32.10.3-2021.10.win32_1.0.0.202111181127/tools/bin/../lib/gcc/arm-none-eabi/10.3.1/../../../../arm-none-eabi/lib/thumb/v7-m/nofp\libc_nano.a(lib_a-exit.o)
                              c:/st/stm32cubeide_1.10.1/stm32cubeide/plugins/com.st.stm32cube.ide.mcu.externaltools.gnu-tools-for-stm32.10.3-2021.10.win32_1.0.0.202111181127/tools/bin/../lib/gcc/arm-none-eabi/10.3.1/../../../../arm-none-eabi/lib/thumb/v7-m/nofp/crt0.o (exit)
c:/st/stm32cubeide_1.10.1/stm32cubeide/plugins/com.st.stm32cube.ide.mcu.externaltools.gnu-tools-for-stm32.10.3-2021.10.win32_1.0.0.202111181127/tools/bin/../lib/gcc/arm-none-eabi/10.3.1/../../../../arm-none-eabi/lib/thumb/v7-m/nofp\libc_nano.a(lib_a-impure.o)
                              c:/st/stm32cubeide_1.10.1/stm32cubeide/plugins/com.st.stm32cube.ide.mcu.externaltools.gnu-tools-for-stm32.10.3-2021.10.win32_1.0.0.202111181127/tools/bin/../lib/gcc/arm-none-eabi/10.3.1/../../../../arm-none-eabi/lib/thumb/v7-m/nofp\libc_nano.a(lib_a-exit.o) (_global_impure_ptr)
c:/st/stm32cubeide_1.10.1/stm32cubeide/plugins/com.st.stm32cube.ide.mcu.externaltools.gnu-tools-for-stm32.10.3-2021.10.win32_1.0.0.202111181127/tools/bin/../lib/gcc/arm-none-eabi/10.3.1/../../../../arm-none-eabi/lib/thumb/v7-m/nofp\libc_nano.a(lib_a-init.o)
                              c:/st/stm32cubeide_1.10.1/stm32cubeide/plugins/com.st.stm32cube.ide.mcu.externaltools.gnu-tools-for-stm32.10.3-2021.10.win32_1.0.0.202111181127/tools/bin/../lib/gcc/arm-none-eabi/10.3.1/../../../../arm-none-eabi/lib/thumb/v7-m/nofp/crt0.o (__libc_init_array)
c:/st/stm32cubeide_1.10.1/stm32cubeide/plugins/com.st.stm32cube.ide.mcu.externaltools.gnu-tools-for-stm32.10.3-2021.10.win32_1.0.0.202111181127/tools/bin/../lib/gcc/arm-none-eabi/10.3.1/../../../../arm-none-eabi/lib/thumb/v7-m/nofp\libc_nano.a(lib_a-memset.o)
                              c:/st/stm32cubeide_1.10.1/stm32cubeide/plugins/com.st.stm32cube.ide.mcu.externaltools.gnu-tools-for-stm32.10.3-2021.10.win32_1.0.0.202111181127/tools/bin/../lib/gcc/arm-none-eabi/10.3.1/../../../../arm-none-eabi/lib/thumb/v7-m/nofp/crt0.o (memset)

Discarded input sections

 .text          0x0000000000000000        0x0 c:/st/stm32cubeide_1.10.1/stm32cubeide/plugins/com.st.stm32cube.ide.mcu.externaltools.gnu-tools-for-stm32.10.3-2021.10.win32_1.0.0.202111181127/tools/bin/../lib/gcc/arm-none-eabi/10.3.1/thumb/v7-m/nofp/crti.o
 .data          0x0000000000000000        0x0 c:/st/stm32cubeide_1.10.1/stm32cubeide/plugins/com.st.stm32cube.ide.mcu.externaltools.gnu-tools-for-stm32.10.3-2021.10.win32_1.0.0.202111181127/tools/bin/../lib/gcc/arm-none-eabi/10.3.1/thumb/v7-m/nofp/crti.o
 .bss           0x0000000000000000        0x0 c:/st/stm32cubeide_1.10.1/stm32cubeide/plugins/com.st.stm32cube.ide.mcu.externaltools.gnu-tools-for-stm32.10.3-2021.10.win32_1.0.0.202111181127/tools/bin/../lib/gcc/arm-none-eabi/10.3.1/thumb/v7-m/nofp/crti.o
 .data          0x0000000000000000        0x4 c:/st/stm32cubeide_1.10.1/stm32cubeide/plugins/com.st.stm32cube.ide.mcu.externaltools.gnu-tools-for-stm32.10.3-2021.10.win32_1.0.0.202111181127/tools/bin/../lib/gcc/arm-none-eabi/10.3.1/thumb/v7-m/nofp/crtbegin.o
 .rodata        0x0000000000000000       0x24 c:/st/stm32cubeide_1.10.1/stm32cubeide/plugins/com.st.stm32cube.ide.mcu.externaltools.gnu-tools-for-stm32.10.3-2021.10.win32_1.0.0.202111181127/tools/bin/../lib/gcc/arm-none-eabi/10.3.1/thumb/v7-m/nofp/crtbegin.o
 .text          0x0000000000000000       0x7c c:/st/stm32cubeide_1.10.1/stm32cubeide/plugins/com.st.stm32cube.ide.mcu.externaltools.gnu-tools-for-stm32.10.3-2021.10.win32_1.0.0.202111181127/tools/bin/../lib/gcc/arm-none-eabi/10.3.1/../../../../arm-none-eabi/lib/thumb/v7-m/nofp/crt0.o
 .data          0x0000000000000000        0x0 c:/st/stm32cubeide_1.10.1/stm32cubeide/plugins/com.st.stm32cube.ide.mcu.externaltools.gnu-tools-for-stm32.10.3-2021.10.win32_1.0.0.202111181127/tools/bin/../lib/gcc/arm-none-eabi/10.3.1/../../../../arm-none-eabi/lib/thumb/v7-m/nofp/crt0.o
 .bss           0x0000000000000000        0x0 c:/st/stm32cubeide_1.10.1/stm32cubeide/plugins/com.st.stm32cube.ide.mcu.externaltools.gnu-tools-for-stm32.10.3-2021.10.win32_1.0.0.202111181127/tools/bin/../lib/gcc/arm-none-eabi/10.3.1/../../../../arm-none-eabi/lib/thumb/v7-m/nofp/crt0.o
[...]
Memory Configuration

Name             Origin             Length             Attributes
RAM              0x0000000020000000 0x0000000000002800 xrw
FLASH            0x0000000008000000 0x0000000000008000 xr
*default*        0x0000000000000000 0xffffffffffffffff

Linker script and memory map

LOAD c:/st/stm32cubeide_1.10.1/stm32cubeide/plugins/com.st.stm32cube.ide.mcu.externaltools.gnu-tools-for-stm32.10.3-2021.10.win32_1.0.0.202111181127/tools/bin/../lib/gcc/arm-none-eabi/10.3.1/thumb/v7-m/nofp/crti.o
LOAD c:/st/stm32cubeide_1.10.1/stm32cubeide/plugins/com.st.stm32cube.ide.mcu.externaltools.gnu-tools-for-stm32.10.3-2021.10.win32_1.0.0.202111181127/tools/bin/../lib/gcc/arm-none-eabi/10.3.1/thumb/v7-m/nofp/crtbegin.o
LOAD c:/st/stm32cubeide_1.10.1/stm32cubeide/plugins/com.st.stm32cube.ide.mcu.externaltools.gnu-tools-for-stm32.10.3-2021.10.win32_1.0.0.202111181127/tools/bin/../lib/gcc/arm-none-eabi/10.3.1/../../../../arm-none-eabi/lib/thumb/v7-m/nofp/crt0.o
LOAD ./Core/Src/NRF24L01.o
LOAD ./Core/Src/main.o
LOAD ./Core/Src/stm32f1xx_hal_msp.o
LOAD ./Core/Src/stm32f1xx_it.o
LOAD ./Core/Src/syscalls.o
LOAD ./Core/Src/sysmem.o
LOAD ./Core/Src/system_stm32f1xx.o
LOAD ./Core/Startup/startup_stm32f103c6tx.o
LOAD ./Drivers/STM32F1xx_HAL_Driver/Src/stm32f1xx_hal.o
LOAD ./Drivers/STM32F1xx_HAL_Driver/Src/stm32f1xx_hal_adc.o
LOAD ./Drivers/STM32F1xx_HAL_Driver/Src/stm32f1xx_hal_adc_ex.o
LOAD ./Drivers/STM32F1xx_HAL_Driver/Src/stm32f1xx_hal_cortex.o
LOAD ./Drivers/STM32F1xx_HAL_Driver/Src/stm32f1xx_hal_dma.o
LOAD ./Drivers/STM32F1xx_HAL_Driver/Src/stm32f1xx_hal_exti.o
LOAD ./Drivers/STM32F1xx_HAL_Driver/Src/stm32f1xx_hal_flash.o
LOAD ./Drivers/STM32F1xx_HAL_Driver/Src/stm32f1xx_hal_flash_ex.o
LOAD ./Drivers/STM32F1xx_HAL_Driver/Src/stm32f1xx_hal_gpio.o
LOAD ./Drivers/STM32F1xx_HAL_Driver/Src/stm32f1xx_hal_gpio_ex.o
LOAD ./Drivers/STM32F1xx_HAL_Driver/Src/stm32f1xx_hal_pwr.o
LOAD ./Drivers/STM32F1xx_HAL_Driver/Src/stm32f1xx_hal_rcc.o
LOAD ./Drivers/STM32F1xx_HAL_Driver/Src/stm32f1xx_hal_rcc_ex.o
LOAD ./Drivers/STM32F1xx_HAL_Driver/Src/stm32f1xx_hal_spi.o
LOAD ./Drivers/STM32F1xx_HAL_Driver/Src/stm32f1xx_hal_tim.o
LOAD ./Drivers/STM32F1xx_HAL_Driver/Src/stm32f1xx_hal_tim_ex.o
START GROUP
LOAD c:/st/stm32cubeide_1.10.1/stm32cubeide/plugins/com.st.stm32cube.ide.mcu.externaltools.gnu-tools-for-stm32.10.3-2021.10.win32_1.0.0.202111181127/tools/bin/../lib/gcc/arm-none-eabi/10.3.1/../../../../arm-none-eabi/lib/thumb/v7-m/nofp\libc_nano.a
LOAD c:/st/stm32cubeide_1.10.1/stm32cubeide/plugins/com.st.stm32cube.ide.mcu.externaltools.gnu-tools-for-stm32.10.3-2021.10.win32_1.0.0.202111181127/tools/bin/../lib/gcc/arm-none-eabi/10.3.1/../../../../arm-none-eabi/lib/thumb/v7-m/nofp\libm.a
END GROUP
START GROUP
LOAD c:/st/stm32cubeide_1.10.1/stm32cubeide/plugins/com.st.stm32cube.ide.mcu.externaltools.gnu-tools-for-stm32.10.3-2021.10.win32_1.0.0.202111181127/tools/bin/../lib/gcc/arm-none-eabi/10.3.1/thumb/v7-m/nofp\libgcc.a
LOAD c:/st/stm32cubeide_1.10.1/stm32cubeide/plugins/com.st.stm32cube.ide.mcu.externaltools.gnu-tools-for-stm32.10.3-2021.10.win32_1.0.0.202111181127/tools/bin/../lib/gcc/arm-none-eabi/10.3.1/../../../../arm-none-eabi/lib/thumb/v7-m/nofp\libc_nano.a
END GROUP
START GROUP
LOAD c:/st/stm32cubeide_1.10.1/stm32cubeide/plugins/com.st.stm32cube.ide.mcu.externaltools.gnu-tools-for-stm32.10.3-2021.10.win32_1.0.0.202111181127/tools/bin/../lib/gcc/arm-none-eabi/10.3.1/thumb/v7-m/nofp\libgcc.a
LOAD c:/st/stm32cubeide_1.10.1/stm32cubeide/plugins/com.st.stm32cube.ide.mcu.externaltools.gnu-tools-for-stm32.10.3-2021.10.win32_1.0.0.202111181127/tools/bin/../lib/gcc/arm-none-eabi/10.3.1/../../../../arm-none-eabi/lib/thumb/v7-m/nofp\libc_nano.a
LOAD c:/st/stm32cubeide_1.10.1/stm32cubeide/plugins/com.st.stm32cube.ide.mcu.externaltools.gnu-tools-for-stm32.10.3-2021.10.win32_1.0.0.202111181127/tools/bin/../lib/gcc/arm-none-eabi/10.3.1/../../../../arm-none-eabi/lib/thumb/v7-m/nofp\libnosys.a
END GROUP
START GROUP
LOAD c:/st/stm32cubeide_1.10.1/stm32cubeide/plugins/com.st.stm32cube.ide.mcu.externaltools.gnu-tools-for-stm32.10.3-2021.10.win32_1.0.0.202111181127/tools/bin/../lib/gcc/arm-none-eabi/10.3.1/thumb/v7-m/nofp\libgcc.a
LOAD c:/st/stm32cubeide_1.10.1/stm32cubeide/plugins/com.st.stm32cube.ide.mcu.externaltools.gnu-tools-for-stm32.10.3-2021.10.win32_1.0.0.202111181127/tools/bin/../lib/gcc/arm-none-eabi/10.3.1/../../../../arm-none-eabi/lib/thumb/v7-m/nofp\libc_nano.a
LOAD c:/st/stm32cubeide_1.10.1/stm32cubeide/plugins/com.st.stm32cube.ide.mcu.externaltools.gnu-tools-for-stm32.10.3-2021.10.win32_1.0.0.202111181127/tools/bin/../lib/gcc/arm-none-eabi/10.3.1/../../../../arm-none-eabi/lib/thumb/v7-m/nofp\libnosys.a
END GROUP
LOAD c:/st/stm32cubeide_1.10.1/stm32cubeide/plugins/com.st.stm32cube.ide.mcu.externaltools.gnu-tools-for-stm32.10.3-2021.10.win32_1.0.0.202111181127/tools/bin/../lib/gcc/arm-none-eabi/10.3.1/thumb/v7-m/nofp/crtend.o
LOAD c:/st/stm32cubeide_1.10.1/stm32cubeide/plugins/com.st.stm32cube.ide.mcu.externaltools.gnu-tools-for-stm32.10.3-2021.10.win32_1.0.0.202111181127/tools/bin/../lib/gcc/arm-none-eabi/10.3.1/thumb/v7-m/nofp/crtn.o
                0x0000000020002800                _estack = (ORIGIN (RAM) + LENGTH (RAM))
                0x0000000000000200                _Min_Heap_Size = 0x200
                0x0000000000000400                _Min_Stack_Size = 0x400

.isr_vector     0x0000000008000000      0x10c
                0x0000000008000000                . = ALIGN (0x4)
 *(.isr_vector)
 .isr_vector    0x0000000008000000      0x10c ./Core/Startup/startup_stm32f103c6tx.o
                0x0000000008000000                g_pfnVectors
                0x000000000800010c                . = ALIGN (0x4)

.text           0x000000000800010c     0x32ac
                0x000000000800010c                . = ALIGN (0x4)
 *(.text)
 .text          0x000000000800010c       0x40 c:/st/stm32cubeide_1.10.1/stm32cubeide/plugins/com.st.stm32cube.ide.mcu.externaltools.gnu-tools-for-stm32.10.3-2021.10.win32_1.0.0.202111181127/tools/bin/../lib/gcc/arm-none-eabi/10.3.1/thumb/v7-m/nofp/crtbegin.o
 *(.text*)
 .text.CS_Select
                0x000000000800014c       0x18 ./Core/Src/NRF24L01.o
                0x000000000800014c                CS_Select
 .text.CS_UnSelect
                0x0000000008000164       0x18 ./Core/Src/NRF24L01.o
                0x0000000008000164                CS_UnSelect
 .text.CE_Enable
                0x000000000800017c       0x18 ./Core/Src/NRF24L01.o
                0x000000000800017c                CE_Enable
 .text.CE_Disable
                0x0000000008000194       0x18 ./Core/Src/NRF24L01.o
                0x0000000008000194                CE_Disable
 .text.nrf24_WriteReg
                0x00000000080001ac       0x44 ./Core/Src/NRF24L01.o
                0x00000000080001ac                nrf24_WriteReg
 .text.nrf24_WriteRegMulti
                0x00000000080001f0       0x4c ./Core/Src/NRF24L01.o
                0x00000000080001f0                nrf24_WriteRegMulti
 .text.nrf24_ReadReg
                0x000000000800023c       0x40 ./Core/Src/NRF24L01.o
                0x000000000800023c                nrf24_ReadReg
 .text.nrfsendCmd
                0x000000000800027c       0x2c ./Core/Src/NRF24L01.o
                0x000000000800027c                nrfsendCmd
 .text.NRF24_Init
                0x00000000080002a8       0x48 ./Core/Src/NRF24L01.o
                0x00000000080002a8                NRF24_Init
 .text.NRF24_TxMode
                0x00000000080002f0       0x6a ./Core/Src/NRF24L01.o
                0x00000000080002f0                NRF24_TxMode
 *fill*         0x000000000800035a        0x2 
 .text.NRF24_Transmit
                0x000000000800035c       0x78 ./Core/Src/NRF24L01.o
                0x000000000800035c                NRF24_Transmit
 .text.map      0x00000000080003d4       0x3a ./Core/Src/main.o
                0x00000000080003d4                map
 *fill*         0x000000000800040e        0x2 
 .text.main     0x0000000008000410       0xd0 ./Core/Src/main.o
                0x0000000008000410                main
 .text.SystemClock_Config
                0x00000000080004e0       0xb0 ./Core/Src/main.o
                0x00000000080004e0                SystemClock_Config
 .text.MX_ADC1_Init
                0x0000000008000590       0x7c ./Core/Src/main.o
 .text.MX_ADC2_Init
                0x000000000800060c       0x7c ./Core/Src/main.o
 .text.MX_SPI1_Init
                0x0000000008000688       0x6c ./Core/Src/main.o
 .text.MX_GPIO_Init
                0x00000000080006f4       0xc0 ./Core/Src/main.o
 .text.Error_Handler
                0x00000000080007b4        0xa ./Core/Src/main.o
                0x00000000080007b4                Error_Handler
 *fill*         0x00000000080007be        0x2 
 .text.HAL_MspInit
                0x00000000080007c0       0x64 ./Core/Src/stm32f1xx_hal_msp.o
                0x00000000080007c0                HAL_MspInit
 .text.HAL_ADC_MspInit
                0x0000000008000824       0xec ./Core/Src/stm32f1xx_hal_msp.o
                0x0000000008000824                HAL_ADC_MspInit
 .text.HAL_SPI_MspInit
                0x0000000008000910       0xa4 ./Core/Src/stm32f1xx_hal_msp.o
                0x0000000008000910                HAL_SPI_MspInit
 .text.NMI_Handler
                0x00000000080009b4        0x6 ./Core/Src/stm32f1xx_it.o
                0x00000000080009b4                NMI_Handler
 .text.HardFault_Handler
                0x00000000080009ba        0x6 ./Core/Src/stm32f1xx_it.o
                0x00000000080009ba                HardFault_Handler
 .text.MemManage_Handler
                0x00000000080009c0        0x6 ./Core/Src/stm32f1xx_it.o
                0x00000000080009c0                MemManage_Handler
 .text.BusFault_Handler
                0x00000000080009c6        0x6 ./Core/Src/stm32f1xx_it.o
                0x00000000080009c6                BusFault_Handler
 .text.UsageFault_Handler
                0x00000000080009cc        0x6 ./Core/Src/stm32f1xx_it.o
                0x00000000080009cc                UsageFault_Handler
 .text.SVC_Handler
                0x00000000080009d2        0xc ./Core/Src/stm32f1xx_it.o
                0x00000000080009d2                SVC_Handler
 .text.DebugMon_Handler
                0x00000000080009de        0xc ./Core/Src/stm32f1xx_it.o
                0x00000000080009de                DebugMon_Handler
 .text.PendSV_Handler
                0x00000000080009ea        0xc ./Core/Src/stm32f1xx_it.o
                0x00000000080009ea                PendSV_Handler
 .text.SysTick_Handler
                0x00000000080009f6        0xc ./Core/Src/stm32f1xx_it.o
                0x00000000080009f6                SysTick_Handler
 *fill*         0x0000000008000a02        0x2 
 .text.ADC1_2_IRQHandler
                0x0000000008000a04       0x1c ./Core/Src/stm32f1xx_it.o
                0x0000000008000a04                ADC1_2_IRQHandler
 .text.SPI1_IRQHandler
                0x0000000008000a20       0x14 ./Core/Src/stm32f1xx_it.o
                0x0000000008000a20                SPI1_IRQHandler
 .text.SystemInit
                0x0000000008000a34        0xc ./Core/Src/system_stm32f1xx.o
                0x0000000008000a34                SystemInit
 .text.Reset_Handler
                0x0000000008000a40       0x48 ./Core/Startup/startup_stm32f103c6tx.o
                0x0000000008000a40                Reset_Handler
 .text.Default_Handler
                0x0000000008000a88        0x2 ./Core/Startup/startup_stm32f103c6tx.o
                0x0000000008000a88                RTC_Alarm_IRQHandler
                0x0000000008000a88                EXTI2_IRQHandler
                0x0000000008000a88                TIM1_CC_IRQHandler
                0x0000000008000a88                PVD_IRQHandler
                0x0000000008000a88                EXTI3_IRQHandler
                0x0000000008000a88                EXTI0_IRQHandler
                0x0000000008000a88                TAMPER_IRQHandler
                0x0000000008000a88                DMA1_Channel4_IRQHandler
                0x0000000008000a88                RTC_IRQHandler
                0x0000000008000a88                DMA1_Channel7_IRQHandler
                0x0000000008000a88                CAN1_RX1_IRQHandler
                0x0000000008000a88                I2C1_EV_IRQHandler
                0x0000000008000a88                DMA1_Channel6_IRQHandler
                0x0000000008000a88                TIM3_IRQHandler
                0x0000000008000a88                RCC_IRQHandler
                0x0000000008000a88                TIM1_TRG_COM_IRQHandler
                0x0000000008000a88                DMA1_Channel1_IRQHandler
                0x0000000008000a88                Default_Handler
                0x0000000008000a88                EXTI15_10_IRQHandler
                0x0000000008000a88                EXTI9_5_IRQHandler
                0x0000000008000a88                DMA1_Channel5_IRQHandler
                0x0000000008000a88                EXTI4_IRQHandler
                0x0000000008000a88                USB_LP_CAN1_RX0_IRQHandler
                0x0000000008000a88                USB_HP_CAN1_TX_IRQHandler
                0x0000000008000a88                DMA1_Channel3_IRQHandler
                0x0000000008000a88                TIM1_UP_IRQHandler
                0x0000000008000a88                WWDG_IRQHandler
                0x0000000008000a88                TIM2_IRQHandler
                0x0000000008000a88                TIM1_BRK_IRQHandler
                0x0000000008000a88                EXTI1_IRQHandler
                0x0000000008000a88                USART2_IRQHandler
                0x0000000008000a88                DMA1_Channel2_IRQHandler
                0x0000000008000a88                CAN1_SCE_IRQHandler
                0x0000000008000a88                FLASH_IRQHandler
                0x0000000008000a88                USART1_IRQHandler
                0x0000000008000a88                I2C1_ER_IRQHandler
                0x0000000008000a88                USBWakeUp_IRQHandler
 *fill*         0x0000000008000a8a        0x2 
 .text.HAL_Init
                0x0000000008000a8c       0x2c ./Drivers/STM32F1xx_HAL_Driver/Src/stm32f1xx_hal.o
                0x0000000008000a8c                HAL_Init
 .text.HAL_InitTick
                0x0000000008000ab8       0x60 ./Drivers/STM32F1xx_HAL_Driver/Src/stm32f1xx_hal.o
                0x0000000008000ab8                HAL_InitTick
 .text.HAL_IncTick
                0x0000000008000b18       0x24 ./Drivers/STM32F1xx_HAL_Driver/Src/stm32f1xx_hal.o
                0x0000000008000b18                HAL_IncTick
 .text.HAL_GetTick
                0x0000000008000b3c       0x14 ./Drivers/STM32F1xx_HAL_Driver/Src/stm32f1xx_hal.o
                0x0000000008000b3c                HAL_GetTick
 .text.HAL_Delay
                0x0000000008000b50       0x48 ./Drivers/STM32F1xx_HAL_Driver/Src/stm32f1xx_hal.o
                0x0000000008000b50                HAL_Delay
 .text.HAL_ADC_Init
                0x0000000008000b98      0x1b0 ./Drivers/STM32F1xx_HAL_Driver/Src/stm32f1xx_hal_adc.o
                0x0000000008000b98                HAL_ADC_Init
 .text.HAL_ADC_Start
                0x0000000008000d48      0x15c ./Drivers/STM32F1xx_HAL_Driver/Src/stm32f1xx_hal_adc.o
                0x0000000008000d48                HAL_ADC_Start
 .text.HAL_ADC_GetValue
                0x0000000008000ea4       0x18 ./Drivers/STM32F1xx_HAL_Driver/Src/stm32f1xx_hal_adc.o
                0x0000000008000ea4                HAL_ADC_GetValue
 .text.HAL_ADC_IRQHandler
                0x0000000008000ebc      0x17e ./Drivers/STM32F1xx_HAL_Driver/Src/stm32f1xx_hal_adc.o
                0x0000000008000ebc                HAL_ADC_IRQHandler
 .text.HAL_ADC_ConvCpltCallback
                0x000000000800103a       0x12 ./Drivers/STM32F1xx_HAL_Driver/Src/stm32f1xx_hal_adc.o
                0x000000000800103a                HAL_ADC_ConvCpltCallback
 .text.HAL_ADC_LevelOutOfWindowCallback
                0x000000000800104c       0x12 ./Drivers/STM32F1xx_HAL_Driver/Src/stm32f1xx_hal_adc.o
                0x000000000800104c                HAL_ADC_LevelOutOfWindowCallback
 *fill*         0x000000000800105e        0x2 
 .text.HAL_ADC_ConfigChannel
                0x0000000008001060      0x1f0 ./Drivers/STM32F1xx_HAL_Driver/Src/stm32f1xx_hal_adc.o
                0x0000000008001060                HAL_ADC_ConfigChannel
 .text.ADC_Enable
                0x0000000008001250       0xb4 ./Drivers/STM32F1xx_HAL_Driver/Src/stm32f1xx_hal_adc.o
                0x0000000008001250                ADC_Enable
 .text.ADC_ConversionStop_Disable
                0x0000000008001304       0x82 ./Drivers/STM32F1xx_HAL_Driver/Src/stm32f1xx_hal_adc.o
                0x0000000008001304                ADC_ConversionStop_Disable
 *fill*         0x0000000008001386        0x2 
 .text.HAL_ADCEx_Calibration_Start
                0x0000000008001388      0x15c ./Drivers/STM32F1xx_HAL_Driver/Src/stm32f1xx_hal_adc_ex.o
                0x0000000008001388                HAL_ADCEx_Calibration_Start
 .text.HAL_ADCEx_InjectedConvCpltCallback
                0x00000000080014e4       0x12 ./Drivers/STM32F1xx_HAL_Driver/Src/stm32f1xx_hal_adc_ex.o
                0x00000000080014e4                HAL_ADCEx_InjectedConvCpltCallback
 *fill*         0x00000000080014f6        0x2 
 .text.__NVIC_SetPriorityGrouping
                0x00000000080014f8       0x48 ./Drivers/STM32F1xx_HAL_Driver/Src/stm32f1xx_hal_cortex.o
 .text.__NVIC_GetPriorityGrouping
                0x0000000008001540       0x1c ./Drivers/STM32F1xx_HAL_Driver/Src/stm32f1xx_hal_cortex.o
 .text.__NVIC_EnableIRQ
                0x000000000800155c       0x38 ./Drivers/STM32F1xx_HAL_Driver/Src/stm32f1xx_hal_cortex.o
 .text.__NVIC_SetPriority
                0x0000000008001594       0x54 ./Drivers/STM32F1xx_HAL_Driver/Src/stm32f1xx_hal_cortex.o
 .text.NVIC_EncodePriority
                0x00000000080015e8       0x64 ./Drivers/STM32F1xx_HAL_Driver/Src/stm32f1xx_hal_cortex.o
 .text.SysTick_Config
                0x000000000800164c       0x44 ./Drivers/STM32F1xx_HAL_Driver/Src/stm32f1xx_hal_cortex.o
 .text.HAL_NVIC_SetPriorityGrouping
                0x0000000008001690       0x16 ./Drivers/STM32F1xx_HAL_Driver/Src/stm32f1xx_hal_cortex.o
                0x0000000008001690                HAL_NVIC_SetPriorityGrouping
 .text.HAL_NVIC_SetPriority
                0x00000000080016a6       0x38 ./Drivers/STM32F1xx_HAL_Driver/Src/stm32f1xx_hal_cortex.o
                0x00000000080016a6                HAL_NVIC_SetPriority
 .text.HAL_NVIC_EnableIRQ
                0x00000000080016de       0x1c ./Drivers/STM32F1xx_HAL_Driver/Src/stm32f1xx_hal_cortex.o
                0x00000000080016de                HAL_NVIC_EnableIRQ
 .text.HAL_SYSTICK_Config
                0x00000000080016fa       0x18 ./Drivers/STM32F1xx_HAL_Driver/Src/stm32f1xx_hal_cortex.o
                0x00000000080016fa                HAL_SYSTICK_Config
 *fill*         0x0000000008001712        0x2 
 .text.HAL_DMA_Abort_IT
                0x0000000008001714       0xf0 ./Drivers/STM32F1xx_HAL_Driver/Src/stm32f1xx_hal_dma.o
                0x0000000008001714                HAL_DMA_Abort_IT
 .text.HAL_GPIO_Init
                0x0000000008001804      0x2f8 ./Drivers/STM32F1xx_HAL_Driver/Src/stm32f1xx_hal_gpio.o
                0x0000000008001804                HAL_GPIO_Init
 .text.HAL_GPIO_WritePin
                0x0000000008001afc       0x30 ./Drivers/STM32F1xx_HAL_Driver/Src/stm32f1xx_hal_gpio.o
                0x0000000008001afc                HAL_GPIO_WritePin
 .text.HAL_GPIO_TogglePin
                0x0000000008001b2c       0x32 ./Drivers/STM32F1xx_HAL_Driver/Src/stm32f1xx_hal_gpio.o
                0x0000000008001b2c                HAL_GPIO_TogglePin
 *fill*         0x0000000008001b5e        0x2 
 .text.HAL_RCC_OscConfig
                0x0000000008001b60      0x504 ./Drivers/STM32F1xx_HAL_Driver/Src/stm32f1xx_hal_rcc.o
                0x0000000008001b60                HAL_RCC_OscConfig
 .text.HAL_RCC_ClockConfig
                0x0000000008002064      0x1d4 ./Drivers/STM32F1xx_HAL_Driver/Src/stm32f1xx_hal_rcc.o
                0x0000000008002064                HAL_RCC_ClockConfig
 .text.HAL_RCC_GetSysClockFreq
                0x0000000008002238       0xa8 ./Drivers/STM32F1xx_HAL_Driver/Src/stm32f1xx_hal_rcc.o
                0x0000000008002238                HAL_RCC_GetSysClockFreq
 .text.HAL_RCC_GetHCLKFreq
                0x00000000080022e0       0x14 ./Drivers/STM32F1xx_HAL_Driver/Src/stm32f1xx_hal_rcc.o
                0x00000000080022e0                HAL_RCC_GetHCLKFreq
 .text.HAL_RCC_GetPCLK2Freq
                0x00000000080022f4       0x28 ./Drivers/STM32F1xx_HAL_Driver/Src/stm32f1xx_hal_rcc.o
                0x00000000080022f4                HAL_RCC_GetPCLK2Freq
 .text.RCC_Delay
                0x000000000800231c       0x3c ./Drivers/STM32F1xx_HAL_Driver/Src/stm32f1xx_hal_rcc.o
 .text.HAL_RCCEx_PeriphCLKConfig
                0x0000000008002358      0x16c ./Drivers/STM32F1xx_HAL_Driver/Src/stm32f1xx_hal_rcc_ex.o
                0x0000000008002358                HAL_RCCEx_PeriphCLKConfig
 .text.HAL_RCCEx_GetPeriphCLKFreq
                0x00000000080024c4      0x16c ./Drivers/STM32F1xx_HAL_Driver/Src/stm32f1xx_hal_rcc_ex.o
                0x00000000080024c4                HAL_RCCEx_GetPeriphCLKFreq
 .text.HAL_SPI_Init
                0x0000000008002630      0x108 ./Drivers/STM32F1xx_HAL_Driver/Src/stm32f1xx_hal_spi.o
                0x0000000008002630                HAL_SPI_Init
 .text.HAL_SPI_Transmit
                0x0000000008002738      0x286 ./Drivers/STM32F1xx_HAL_Driver/Src/stm32f1xx_hal_spi.o
                0x0000000008002738                HAL_SPI_Transmit
 .text.HAL_SPI_Receive
                0x00000000080029be      0x230 ./Drivers/STM32F1xx_HAL_Driver/Src/stm32f1xx_hal_spi.o
                0x00000000080029be                HAL_SPI_Receive
 .text.HAL_SPI_TransmitReceive
                0x0000000008002bee      0x360 ./Drivers/STM32F1xx_HAL_Driver/Src/stm32f1xx_hal_spi.o
                0x0000000008002bee                HAL_SPI_TransmitReceive
 *fill*         0x0000000008002f4e        0x2 
 .text.HAL_SPI_IRQHandler
                0x0000000008002f50      0x1cc ./Drivers/STM32F1xx_HAL_Driver/Src/stm32f1xx_hal_spi.o
                0x0000000008002f50                HAL_SPI_IRQHandler
 .text.HAL_SPI_ErrorCallback
                0x000000000800311c       0x12 ./Drivers/STM32F1xx_HAL_Driver/Src/stm32f1xx_hal_spi.o
                0x000000000800311c                HAL_SPI_ErrorCallback
 .text.SPI_DMAAbortOnError
                0x000000000800312e       0x28 ./Drivers/STM32F1xx_HAL_Driver/Src/stm32f1xx_hal_spi.o
 *fill*         0x0000000008003156        0x2 
 .text.SPI_WaitFlagStateUntilTimeout
                0x0000000008003158      0x110 ./Drivers/STM32F1xx_HAL_Driver/Src/stm32f1xx_hal_spi.o
 .text.SPI_EndRxTransaction
                0x0000000008003268       0xa4 ./Drivers/STM32F1xx_HAL_Driver/Src/stm32f1xx_hal_spi.o
 .text.SPI_EndRxTxTransaction
                0x000000000800330c       0x3c ./Drivers/STM32F1xx_HAL_Driver/Src/stm32f1xx_hal_spi.o
 .text.__libc_init_array
                0x0000000008003348       0x48 c:/st/stm32cubeide_1.10.1/stm32cubeide/plugins/com.st.stm32cube.ide.mcu.externaltools.gnu-tools-for-stm32.10.3-2021.10.win32_1.0.0.202111181127/tools/bin/../lib/gcc/arm-none-eabi/10.3.1/../../../../arm-none-eabi/lib/thumb/v7-m/nofp\libc_nano.a(lib_a-init.o)
                0x0000000008003348                __libc_init_array
 .text.memset   0x0000000008003390       0x10 c:/st/stm32cubeide_1.10.1/stm32cubeide/plugins/com.st.stm32cube.ide.mcu.externaltools.gnu-tools-for-stm32.10.3-2021.10.win32_1.0.0.202111181127/tools/bin/../lib/gcc/arm-none-eabi/10.3.1/../../../../arm-none-eabi/lib/thumb/v7-m/nofp\libc_nano.a(lib_a-memset.o)
                0x0000000008003390                memset
 *(.glue_7)
 .glue_7        0x00000000080033a0        0x0 linker stubs
 *(.glue_7t)
 .glue_7t       0x00000000080033a0        0x0 linker stubs
 *(.eh_frame)
 .eh_frame      0x00000000080033a0        0x0 c:/st/stm32cubeide_1.10.1/stm32cubeide/plugins/com.st.stm32cube.ide.mcu.externaltools.gnu-tools-for-stm32.10.3-2021.10.win32_1.0.0.202111181127/tools/bin/../lib/gcc/arm-none-eabi/10.3.1/thumb/v7-m/nofp/crtbegin.o
 *(.init)
 .init          0x00000000080033a0        0x4 c:/st/stm32cubeide_1.10.1/stm32cubeide/plugins/com.st.stm32cube.ide.mcu.externaltools.gnu-tools-for-stm32.10.3-2021.10.win32_1.0.0.202111181127/tools/bin/../lib/gcc/arm-none-eabi/10.3.1/thumb/v7-m/nofp/crti.o
                0x00000000080033a0                _init
 .init          0x00000000080033a4        0x8 c:/st/stm32cubeide_1.10.1/stm32cubeide/plugins/com.st.stm32cube.ide.mcu.externaltools.gnu-tools-for-stm32.10.3-2021.10.win32_1.0.0.202111181127/tools/bin/../lib/gcc/arm-none-eabi/10.3.1/thumb/v7-m/nofp/crtn.o
 *(.fini)
 .fini          0x00000000080033ac        0x4 c:/st/stm32cubeide_1.10.1/stm32cubeide/plugins/com.st.stm32cube.ide.mcu.externaltools.gnu-tools-for-stm32.10.3-2021.10.win32_1.0.0.202111181127/tools/bin/../lib/gcc/arm-none-eabi/10.3.1/thumb/v7-m/nofp/crti.o
                0x00000000080033ac                _fini
 .fini          0x00000000080033b0        0x8 c:/st/stm32cubeide_1.10.1/stm32cubeide/plugins/com.st.stm32cube.ide.mcu.externaltools.gnu-tools-for-stm32.10.3-2021.10.win32_1.0.0.202111181127/tools/bin/../lib/gcc/arm-none-eabi/10.3.1/thumb/v7-m/nofp/crtn.o
                0x00000000080033b8                . = ALIGN (0x4)
                0x00000000080033b8                _etext = .

.vfp11_veneer   0x00000000080033b8        0x0
 .vfp11_veneer  0x00000000080033b8        0x0 linker stubs

.v4_bx          0x00000000080033b8        0x0
 .v4_bx         0x00000000080033b8        0x0 linker stubs

.iplt           0x00000000080033b8        0x0
 .iplt          0x00000000080033b8        0x0 c:/st/stm32cubeide_1.10.1/stm32cubeide/plugins/com.st.stm32cube.ide.mcu.externaltools.gnu-tools-for-stm32.10.3-2021.10.win32_1.0.0.202111181127/tools/bin/../lib/gcc/arm-none-eabi/10.3.1/thumb/v7-m/nofp/crtbegin.o

.rodata         0x00000000080033b8       0x40
                0x00000000080033b8                . = ALIGN (0x4)
 *(.rodata)
 *(.rodata*)
 .rodata.AHBPrescTable
                0x00000000080033b8       0x10 ./Core/Src/system_stm32f1xx.o
                0x00000000080033b8                AHBPrescTable
 .rodata.APBPrescTable
                0x00000000080033c8        0x8 ./Core/Src/system_stm32f1xx.o
                0x00000000080033c8                APBPrescTable
 .rodata.aPLLMULFactorTable.1
                0x00000000080033d0       0x10 ./Drivers/STM32F1xx_HAL_Driver/Src/stm32f1xx_hal_rcc.o
 .rodata.aPredivFactorTable.0
                0x00000000080033e0        0x2 ./Drivers/STM32F1xx_HAL_Driver/Src/stm32f1xx_hal_rcc.o
 *fill*         0x00000000080033e2        0x2 
 .rodata.aPLLMULFactorTable.1
                0x00000000080033e4       0x10 ./Drivers/STM32F1xx_HAL_Driver/Src/stm32f1xx_hal_rcc_ex.o
 .rodata.aPredivFactorTable.0
                0x00000000080033f4        0x2 ./Drivers/STM32F1xx_HAL_Driver/Src/stm32f1xx_hal_rcc_ex.o
                0x00000000080033f8                . = ALIGN (0x4)
 *fill*         0x00000000080033f6        0x2 

.rel.dyn        0x00000000080033f8        0x0
 .rel.iplt      0x00000000080033f8        0x0 c:/st/stm32cubeide_1.10.1/stm32cubeide/plugins/com.st.stm32cube.ide.mcu.externaltools.gnu-tools-for-stm32.10.3-2021.10.win32_1.0.0.202111181127/tools/bin/../lib/gcc/arm-none-eabi/10.3.1/thumb/v7-m/nofp/crtbegin.o

.ARM.extab      0x00000000080033f8        0x0
                0x00000000080033f8                . = ALIGN (0x4)
 *(.ARM.extab* .gnu.linkonce.armextab.*)
                0x00000000080033f8                . = ALIGN (0x4)

.ARM            0x00000000080033f8        0x0
                0x00000000080033f8                . = ALIGN (0x4)
                0x00000000080033f8                __exidx_start = .
 *(.ARM.exidx*)
                0x00000000080033f8                __exidx_end = .
                0x00000000080033f8                . = ALIGN (0x4)

.preinit_array  0x00000000080033f8        0x0
                0x00000000080033f8                . = ALIGN (0x4)
                0x00000000080033f8                PROVIDE (__preinit_array_start = .)
 *(.preinit_array*)
                0x00000000080033f8                PROVIDE (__preinit_array_end = .)
                0x00000000080033f8                . = ALIGN (0x4)

.init_array     0x00000000080033f8        0x4
                0x00000000080033f8                . = ALIGN (0x4)
                0x00000000080033f8                PROVIDE (__init_array_start = .)
 *(SORT_BY_NAME(.init_array.*))
 *(.init_array*)
 .init_array    0x00000000080033f8        0x4 c:/st/stm32cubeide_1.10.1/stm32cubeide/plugins/com.st.stm32cube.ide.mcu.externaltools.gnu-tools-for-stm32.10.3-2021.10.win32_1.0.0.202111181127/tools/bin/../lib/gcc/arm-none-eabi/10.3.1/thumb/v7-m/nofp/crtbegin.o
                0x00000000080033fc                PROVIDE (__init_array_end = .)
                0x00000000080033fc                . = ALIGN (0x4)

.fini_array     0x00000000080033fc        0x4
                0x00000000080033fc                . = ALIGN (0x4)
                [!provide]                        PROVIDE (__fini_array_start = .)
 *(SORT_BY_NAME(.fini_array.*))
 *(.fini_array*)
 .fini_array    0x00000000080033fc        0x4 c:/st/stm32cubeide_1.10.1/stm32cubeide/plugins/com.st.stm32cube.ide.mcu.externaltools.gnu-tools-for-stm32.10.3-2021.10.win32_1.0.0.202111181127/tools/bin/../lib/gcc/arm-none-eabi/10.3.1/thumb/v7-m/nofp/crtbegin.o
                [!provide]                        PROVIDE (__fini_array_end = .)
                0x0000000008003400                . = ALIGN (0x4)
                0x0000000008003400                _sidata = LOADADDR (.data)

.data           0x0000000020000000       0x14 load address 0x0000000008003400
                0x0000000020000000                . = ALIGN (0x4)
                0x0000000020000000                _sdata = .
 *(.data)
 *(.data*)
 .data.TxAddress
                0x0000000020000000        0x5 ./Core/Src/main.o
                0x0000000020000000                TxAddress
 *fill*         0x0000000020000005        0x3 
 .data.SystemCoreClock
                0x0000000020000008        0x4 ./Core/Src/system_stm32f1xx.o
                0x0000000020000008                SystemCoreClock
 .data.uwTickPrio
                0x000000002000000c        0x4 ./Drivers/STM32F1xx_HAL_Driver/Src/stm32f1xx_hal.o
                0x000000002000000c                uwTickPrio
 .data.uwTickFreq
                0x0000000020000010        0x1 ./Drivers/STM32F1xx_HAL_Driver/Src/stm32f1xx_hal.o
                0x0000000020000010                uwTickFreq
 *(.RamFunc)
 *(.RamFunc*)
                0x0000000020000014                . = ALIGN (0x4)
 *fill*         0x0000000020000011        0x3 
                0x0000000020000014                _edata = .

.igot.plt       0x0000000020000014        0x0 load address 0x0000000008003414
 .igot.plt      0x0000000020000014        0x0 c:/st/stm32cubeide_1.10.1/stm32cubeide/plugins/com.st.stm32cube.ide.mcu.externaltools.gnu-tools-for-stm32.10.3-2021.10.win32_1.0.0.202111181127/tools/bin/../lib/gcc/arm-none-eabi/10.3.1/thumb/v7-m/nofp/crtbegin.o
                0x0000000020000014                . = ALIGN (0x4)

.bss            0x0000000020000014       0xe4 load address 0x0000000008003414
                0x0000000020000014                _sbss = .
                0x0000000020000014                __bss_start__ = _sbss
 *(.bss)
 .bss           0x0000000020000014       0x1c c:/st/stm32cubeide_1.10.1/stm32cubeide/plugins/com.st.stm32cube.ide.mcu.externaltools.gnu-tools-for-stm32.10.3-2021.10.win32_1.0.0.202111181127/tools/bin/../lib/gcc/arm-none-eabi/10.3.1/thumb/v7-m/nofp/crtbegin.o
 *(.bss*)
 .bss.ADC_Read_Potentiometer_speed
                0x0000000020000030        0x4 ./Core/Src/main.o
                0x0000000020000030                ADC_Read_Potentiometer_speed
 .bss.ADC_Read_Joy_Direction
                0x0000000020000034        0x4 ./Core/Src/main.o
                0x0000000020000034                ADC_Read_Joy_Direction
 .bss.TxData    0x0000000020000038        0x2 ./Core/Src/main.o
                0x0000000020000038                TxData
 *fill*         0x000000002000003a        0x2 
 .bss.hadc1     0x000000002000003c       0x30 ./Core/Src/main.o
                0x000000002000003c                hadc1
 .bss.hadc2     0x000000002000006c       0x30 ./Core/Src/main.o
                0x000000002000006c                hadc2
 .bss.hspi1     0x000000002000009c       0x58 ./Core/Src/main.o
                0x000000002000009c                hspi1
 .bss.uwTick    0x00000000200000f4        0x4 ./Drivers/STM32F1xx_HAL_Driver/Src/stm32f1xx_hal.o
                0x00000000200000f4                uwTick
 *(COMMON)
                0x00000000200000f8                . = ALIGN (0x4)
                0x00000000200000f8                _ebss = .
                0x00000000200000f8                __bss_end__ = _ebss

._user_heap_stack
                0x00000000200000f8      0x600 load address 0x0000000008003414
                0x00000000200000f8                . = ALIGN (0x8)
                [!provide]                        PROVIDE (end = .)
                0x00000000200000f8                PROVIDE (_end = .)
                0x00000000200002f8                . = (. + _Min_Heap_Size)
 *fill*         0x00000000200000f8      0x200 
                0x00000000200006f8                . = (. + _Min_Stack_Size)
 *fill*         0x00000000200002f8      0x400 
                0x00000000200006f8                . = ALIGN (0x8)

/DISCARD/
 libc.a(*)
 libm.a(*)
 libgcc.a(*)

.ARM.attributes
                0x0000000000000000       0x29
 *(.ARM.attributes)
 .ARM.attributes
                0x0000000000000000       0x1d c:/st/stm32cubeide_1.10.1/stm32cubeide/plugins/com.st.stm32cube.ide.mcu.externaltools.gnu-tools-for-stm32.10.3-2021.10.win32_1.0.0.202111181127/tools/bin/../lib/gcc/arm-none-eabi/10.3.1/thumb/v7-m/nofp/crti.o
 .ARM.attributes
                0x000000000000001d       0x2d c:/st/stm32cubeide_1.10.1/stm32cubeide/plugins/com.st.stm32cube.ide.mcu.externaltools.gnu-tools-for-stm32.10.3-2021.10.win32_1.0.0.202111181127/tools/bin/../lib/gcc/arm-none-eabi/10.3.1/thumb/v7-m/nofp/crtbegin.o
 .ARM.attributes
                0x000000000000004a       0x2d ./Core/Src/NRF24L01.o
 .ARM.attributes
                0x0000000000000077       0x2d ./Core/Src/main.o
 .ARM.attributes
                0x00000000000000a4       0x2d ./Core/Src/stm32f1xx_hal_msp.o
 .ARM.attributes
                0x00000000000000d1       0x2d ./Core/Src/stm32f1xx_it.o
 .ARM.attributes
                0x00000000000000fe       0x2d ./Core/Src/system_stm32f1xx.o
 .ARM.attributes
                0x000000000000012b       0x21 ./Core/Startup/startup_stm32f103c6tx.o
 .ARM.attributes
                0x000000000000014c       0x2d ./Drivers/STM32F1xx_HAL_Driver/Src/stm32f1xx_hal.o
 .ARM.attributes
                0x0000000000000179       0x2d ./Drivers/STM32F1xx_HAL_Driver/Src/stm32f1xx_hal_adc.o
 .ARM.attributes
                0x00000000000001a6       0x2d ./Drivers/STM32F1xx_HAL_Driver/Src/stm32f1xx_hal_adc_ex.o
 .ARM.attributes
                0x00000000000001d3       0x2d ./Drivers/STM32F1xx_HAL_Driver/Src/stm32f1xx_hal_cortex.o
 .ARM.attributes
                0x0000000000000200       0x2d ./Drivers/STM32F1xx_HAL_Driver/Src/stm32f1xx_hal_dma.o
 .ARM.attributes
                0x000000000000022d       0x2d ./Drivers/STM32F1xx_HAL_Driver/Src/stm32f1xx_hal_gpio.o
 .ARM.attributes
                0x000000000000025a       0x2d ./Drivers/STM32F1xx_HAL_Driver/Src/stm32f1xx_hal_rcc.o
 .ARM.attributes
                0x0000000000000287       0x2d ./Drivers/STM32F1xx_HAL_Driver/Src/stm32f1xx_hal_rcc_ex.o
 .ARM.attributes
                0x00000000000002b4       0x2d ./Drivers/STM32F1xx_HAL_Driver/Src/stm32f1xx_hal_spi.o
 .ARM.attributes
                0x00000000000002e1       0x2d c:/st/stm32cubeide_1.10.1/stm32cubeide/plugins/com.st.stm32cube.ide.mcu.externaltools.gnu-tools-for-stm32.10.3-2021.10.win32_1.0.0.202111181127/tools/bin/../lib/gcc/arm-none-eabi/10.3.1/../../../../arm-none-eabi/lib/thumb/v7-m/nofp\libc_nano.a(lib_a-init.o)
 .ARM.attributes
                0x000000000000030e       0x2d c:/st/stm32cubeide_1.10.1/stm32cubeide/plugins/com.st.stm32cube.ide.mcu.externaltools.gnu-tools-for-stm32.10.3-2021.10.win32_1.0.0.202111181127/tools/bin/../lib/gcc/arm-none-eabi/10.3.1/../../../../arm-none-eabi/lib/thumb/v7-m/nofp\libc_nano.a(lib_a-memset.o)
 .ARM.attributes
                0x000000000000033b       0x1d c:/st/stm32cubeide_1.10.1/stm32cubeide/plugins/com.st.stm32cube.ide.mcu.externaltools.gnu-tools-for-stm32.10.3-2021.10.win32_1.0.0.202111181127/tools/bin/../lib/gcc/arm-none-eabi/10.3.1/thumb/v7-m/nofp/crtn.o
OUTPUT(Graduation_Project.elf elf32-littlearm)
LOAD linker stubs
LOAD c:/st/stm32cubeide_1.10.1/stm32cubeide/plugins/com.st.stm32cube.ide.mcu.externaltools.gnu-tools-for-stm32.10.3-2021.10.win32_1.0.0.202111181127/tools/bin/../lib/gcc/arm-none-eabi/10.3.1/../../../../arm-none-eabi/lib/thumb/v7-m/nofp\libc.a
LOAD c:/st/stm32cubeide_1.10.1/stm32cubeide/plugins/com.st.stm32cube.ide.mcu.externaltools.gnu-tools-for-stm32.10.3-2021.10.win32_1.0.0.202111181127/tools/bin/../lib/gcc/arm-none-eabi/10.3.1/../../../../arm-none-eabi/lib/thumb/v7-m/nofp\libm.a
LOAD c:/st/stm32cubeide_1.10.1/stm32cubeide/plugins/com.st.stm32cube.ide.mcu.externaltools.gnu-tools-for-stm32.10.3-2021.10.win32_1.0.0.202111181127/tools/bin/../lib/gcc/arm-none-eabi/10.3.1/thumb/v7-m/nofp\libgcc.a

.debug_info     0x0000000000000000     0x8b10
 .debug_info    0x0000000000000000      0xa01 ./Core/Src/NRF24L01.o
 .debug_info    0x0000000000000a01      0xf58 ./Core/Src/main.o
 .debug_info    0x0000000000001959      0xcf1 ./Core/Src/stm32f1xx_hal_msp.o
 .debug_info    0x000000000000264a      0x8bc ./Core/Src/stm32f1xx_it.o
 .debug_info    0x0000000000002f06      0x23d ./Core/Src/system_stm32f1xx.o
 .debug_info    0x0000000000003143       0x22 ./Core/Startup/startup_stm32f103c6tx.o
 .debug_info    0x0000000000003165      0x716 ./Drivers/STM32F1xx_HAL_Driver/Src/stm32f1xx_hal.o
 .debug_info    0x000000000000387b      0xcfe ./Drivers/STM32F1xx_HAL_Driver/Src/stm32f1xx_hal_adc.o
 .debug_info    0x0000000000004579      0xa94 ./Drivers/STM32F1xx_HAL_Driver/Src/stm32f1xx_hal_adc_ex.o
 .debug_info    0x000000000000500d      0xb02 ./Drivers/STM32F1xx_HAL_Driver/Src/stm32f1xx_hal_cortex.o
 .debug_info    0x0000000000005b0f      0x744 ./Drivers/STM32F1xx_HAL_Driver/Src/stm32f1xx_hal_dma.o
 .debug_info    0x0000000000006253      0x615 ./Drivers/STM32F1xx_HAL_Driver/Src/stm32f1xx_hal_gpio.o
 .debug_info    0x0000000000006868      0x865 ./Drivers/STM32F1xx_HAL_Driver/Src/stm32f1xx_hal_rcc.o
 .debug_info    0x00000000000070cd      0x3e6 ./Drivers/STM32F1xx_HAL_Driver/Src/stm32f1xx_hal_rcc_ex.o
 .debug_info    0x00000000000074b3     0x165d ./Drivers/STM32F1xx_HAL_Driver/Src/stm32f1xx_hal_spi.o

.debug_abbrev   0x0000000000000000     0x1d07
 .debug_abbrev  0x0000000000000000      0x23d ./Core/Src/NRF24L01.o
 .debug_abbrev  0x000000000000023d      0x2de ./Core/Src/main.o
 .debug_abbrev  0x000000000000051b      0x1b2 ./Core/Src/stm32f1xx_hal_msp.o
 .debug_abbrev  0x00000000000006cd      0x170 ./Core/Src/stm32f1xx_it.o
 .debug_abbrev  0x000000000000083d      0x13b ./Core/Src/system_stm32f1xx.o
 .debug_abbrev  0x0000000000000978       0x12 ./Core/Startup/startup_stm32f103c6tx.o
 .debug_abbrev  0x000000000000098a      0x1fb ./Drivers/STM32F1xx_HAL_Driver/Src/stm32f1xx_hal.o
 .debug_abbrev  0x0000000000000b85      0x210 ./Drivers/STM32F1xx_HAL_Driver/Src/stm32f1xx_hal_adc.o
 .debug_abbrev  0x0000000000000d95      0x234 ./Drivers/STM32F1xx_HAL_Driver/Src/stm32f1xx_hal_adc_ex.o
 .debug_abbrev  0x0000000000000fc9      0x2ed ./Drivers/STM32F1xx_HAL_Driver/Src/stm32f1xx_hal_cortex.o
 .debug_abbrev  0x00000000000012b6      0x1fe ./Drivers/STM32F1xx_HAL_Driver/Src/stm32f1xx_hal_dma.o
 .debug_abbrev  0x00000000000014b4      0x1bb ./Drivers/STM32F1xx_HAL_Driver/Src/stm32f1xx_hal_gpio.o
 .debug_abbrev  0x000000000000166f      0x2a8 ./Drivers/STM32F1xx_HAL_Driver/Src/stm32f1xx_hal_rcc.o
 .debug_abbrev  0x0000000000001917      0x182 ./Drivers/STM32F1xx_HAL_Driver/Src/stm32f1xx_hal_rcc_ex.o
 .debug_abbrev  0x0000000000001a99      0x26e ./Drivers/STM32F1xx_HAL_Driver/Src/stm32f1xx_hal_spi.o

.debug_aranges  0x0000000000000000      0x8a8
 .debug_aranges
                0x0000000000000000       0x90 ./Core/Src/NRF24L01.o
 .debug_aranges
                0x0000000000000090       0x60 ./Core/Src/main.o
 .debug_aranges
                0x00000000000000f0       0x40 ./Core/Src/stm32f1xx_hal_msp.o
 .debug_aranges
                0x0000000000000130       0x70 ./Core/Src/stm32f1xx_it.o
 .debug_aranges
                0x00000000000001a0       0x28 ./Core/Src/system_stm32f1xx.o
 .debug_aranges
                0x00000000000001c8       0x28 ./Core/Startup/startup_stm32f103c6tx.o
 .debug_aranges
                0x00000000000001f0       0xe0 ./Drivers/STM32F1xx_HAL_Driver/Src/stm32f1xx_hal.o
 .debug_aranges
                0x00000000000002d0       0xf0 ./Drivers/STM32F1xx_HAL_Driver/Src/stm32f1xx_hal_adc.o
 .debug_aranges
                0x00000000000003c0       0x80 ./Drivers/STM32F1xx_HAL_Driver/Src/stm32f1xx_hal_adc_ex.o
 .debug_aranges
                0x0000000000000440      0x100 ./Drivers/STM32F1xx_HAL_Driver/Src/stm32f1xx_hal_cortex.o
 .debug_aranges
                0x0000000000000540       0x80 ./Drivers/STM32F1xx_HAL_Driver/Src/stm32f1xx_hal_dma.o
 .debug_aranges
                0x00000000000005c0       0x58 ./Drivers/STM32F1xx_HAL_Driver/Src/stm32f1xx_hal_gpio.o
 .debug_aranges
                0x0000000000000618       0x90 ./Drivers/STM32F1xx_HAL_Driver/Src/stm32f1xx_hal_rcc.o
 .debug_aranges
                0x00000000000006a8       0x30 ./Drivers/STM32F1xx_HAL_Driver/Src/stm32f1xx_hal_rcc_ex.o
 .debug_aranges
                0x00000000000006d8      0x1d0 ./Drivers/STM32F1xx_HAL_Driver/Src/stm32f1xx_hal_spi.o

.debug_ranges   0x0000000000000000      0x7c0
 .debug_ranges  0x0000000000000000       0x80 ./Core/Src/NRF24L01.o
 .debug_ranges  0x0000000000000080       0x50 ./Core/Src/main.o
 .debug_ranges  0x00000000000000d0       0x30 ./Core/Src/stm32f1xx_hal_msp.o
 .debug_ranges  0x0000000000000100       0x60 ./Core/Src/stm32f1xx_it.o
 .debug_ranges  0x0000000000000160       0x18 ./Core/Src/system_stm32f1xx.o
 .debug_ranges  0x0000000000000178       0x20 ./Core/Startup/startup_stm32f103c6tx.o
 .debug_ranges  0x0000000000000198       0xd0 ./Drivers/STM32F1xx_HAL_Driver/Src/stm32f1xx_hal.o
 .debug_ranges  0x0000000000000268       0xe0 ./Drivers/STM32F1xx_HAL_Driver/Src/stm32f1xx_hal_adc.o
 .debug_ranges  0x0000000000000348       0x70 ./Drivers/STM32F1xx_HAL_Driver/Src/stm32f1xx_hal_adc_ex.o
 .debug_ranges  0x00000000000003b8       0xf0 ./Drivers/STM32F1xx_HAL_Driver/Src/stm32f1xx_hal_cortex.o
 .debug_ranges  0x00000000000004a8       0x70 ./Drivers/STM32F1xx_HAL_Driver/Src/stm32f1xx_hal_dma.o
 .debug_ranges  0x0000000000000518       0x48 ./Drivers/STM32F1xx_HAL_Driver/Src/stm32f1xx_hal_gpio.o
 .debug_ranges  0x0000000000000560       0x80 ./Drivers/STM32F1xx_HAL_Driver/Src/stm32f1xx_hal_rcc.o
 .debug_ranges  0x00000000000005e0       0x20 ./Drivers/STM32F1xx_HAL_Driver/Src/stm32f1xx_hal_rcc_ex.o
 .debug_ranges  0x0000000000000600      0x1c0 ./Drivers/STM32F1xx_HAL_Driver/Src/stm32f1xx_hal_spi.o

.debug_macro    0x0000000000000000    0x16925
 .debug_macro   0x0000000000000000      0x1c7 ./Core/Src/NRF24L01.o
 .debug_macro   0x00000000000001c7      0xa6c ./Core/Src/NRF24L01.o
 .debug_macro   0x0000000000000c33      0x21b ./Core/Src/NRF24L01.o
 .debug_macro   0x0000000000000e4e       0x2e ./Core/Src/NRF24L01.o
 .debug_macro   0x0000000000000e7c       0x22 ./Core/Src/NRF24L01.o
 .debug_macro   0x0000000000000e9e       0x22 ./Core/Src/NRF24L01.o
 .debug_macro   0x0000000000000ec0       0x8e ./Core/Src/NRF24L01.o
 .debug_macro   0x0000000000000f4e       0x51 ./Core/Src/NRF24L01.o
 .debug_macro   0x0000000000000f9f      0x103 ./Core/Src/NRF24L01.o
 .debug_macro   0x00000000000010a2       0x6a ./Core/Src/NRF24L01.o
 .debug_macro   0x000000000000110c      0x1df ./Core/Src/NRF24L01.o
 .debug_macro   0x00000000000012eb       0x1c ./Core/Src/NRF24L01.o
 .debug_macro   0x0000000000001307       0x22 ./Core/Src/NRF24L01.o
 .debug_macro   0x0000000000001329       0xbd ./Core/Src/NRF24L01.o
 .debug_macro   0x00000000000013e6      0xd23 ./Core/Src/NRF24L01.o
 .debug_macro   0x0000000000002109     0xde75 ./Core/Src/NRF24L01.o
 .debug_macro   0x000000000000ff7e       0x6d ./Core/Src/NRF24L01.o
 .debug_macro   0x000000000000ffeb     0x348d ./Core/Src/NRF24L01.o
 .debug_macro   0x0000000000013478      0x174 ./Core/Src/NRF24L01.o
 .debug_macro   0x00000000000135ec       0x5c ./Core/Src/NRF24L01.o
 .debug_macro   0x0000000000013648      0x5bc ./Core/Src/NRF24L01.o
 .debug_macro   0x0000000000013c04      0x1b7 ./Core/Src/NRF24L01.o
 .debug_macro   0x0000000000013dbb      0x1cb ./Core/Src/NRF24L01.o
 .debug_macro   0x0000000000013f86      0x114 ./Core/Src/NRF24L01.o
 .debug_macro   0x000000000001409a      0x1b2 ./Core/Src/NRF24L01.o
 .debug_macro   0x000000000001424c       0x27 ./Core/Src/NRF24L01.o
 .debug_macro   0x0000000000014273      0x12f ./Core/Src/NRF24L01.o
 .debug_macro   0x00000000000143a2      0x1bc ./Core/Src/NRF24L01.o
 .debug_macro   0x000000000001455e       0x34 ./Core/Src/NRF24L01.o
 .debug_macro   0x0000000000014592       0x3c ./Core/Src/NRF24L01.o
 .debug_macro   0x00000000000145ce       0x57 ./Core/Src/NRF24L01.o
 .debug_macro   0x0000000000014625      0x46a ./Core/Src/NRF24L01.o
 .debug_macro   0x0000000000014a8f      0x1b5 ./Core/Src/NRF24L01.o
 .debug_macro   0x0000000000014c44       0x87 ./Core/Src/NRF24L01.o
 .debug_macro   0x0000000000014ccb      0x183 ./Core/Src/NRF24L01.o
 .debug_macro   0x0000000000014e4e      0x140 ./Core/Src/NRF24L01.o
 .debug_macro   0x0000000000014f8e      0x217 ./Core/Src/NRF24L01.o
 .debug_macro   0x00000000000151a5       0x69 ./Core/Src/NRF24L01.o
 .debug_macro   0x000000000001520e       0xee ./Core/Src/NRF24L01.o
 .debug_macro   0x00000000000152fc      0x1b3 ./Core/Src/main.o
 .debug_macro   0x00000000000154af      0x1aa ./Core/Src/stm32f1xx_hal_msp.o
 .debug_macro   0x0000000000015659      0x1b4 ./Core/Src/stm32f1xx_it.o
 .debug_macro   0x000000000001580d      0x1a0 ./Core/Src/system_stm32f1xx.o
 .debug_macro   0x00000000000159ad      0x1c4 ./Drivers/STM32F1xx_HAL_Driver/Src/stm32f1xx_hal.o
 .debug_macro   0x0000000000015b71      0x1bd ./Drivers/STM32F1xx_HAL_Driver/Src/stm32f1xx_hal_adc.o
 .debug_macro   0x0000000000015d2e      0x1b2 ./Drivers/STM32F1xx_HAL_Driver/Src/stm32f1xx_hal_adc_ex.o
 .debug_macro   0x0000000000015ee0      0x1a0 ./Drivers/STM32F1xx_HAL_Driver/Src/stm32f1xx_hal_cortex.o
 .debug_macro   0x0000000000016080      0x1a0 ./Drivers/STM32F1xx_HAL_Driver/Src/stm32f1xx_hal_dma.o
 .debug_macro   0x0000000000016220      0x20b ./Drivers/STM32F1xx_HAL_Driver/Src/stm32f1xx_hal_gpio.o
 .debug_macro   0x000000000001642b      0x1b2 ./Drivers/STM32F1xx_HAL_Driver/Src/stm32f1xx_hal_rcc.o
 .debug_macro   0x00000000000165dd      0x1a0 ./Drivers/STM32F1xx_HAL_Driver/Src/stm32f1xx_hal_rcc_ex.o
 .debug_macro   0x000000000001677d      0x1a8 ./Drivers/STM32F1xx_HAL_Driver/Src/stm32f1xx_hal_spi.o

.debug_line     0x0000000000000000     0x9ff2
 .debug_line    0x0000000000000000      0x87c ./Core/Src/NRF24L01.o
 .debug_line    0x000000000000087c      0x87c ./Core/Src/main.o
 .debug_line    0x00000000000010f8      0x73e ./Core/Src/stm32f1xx_hal_msp.o
 .debug_line    0x0000000000001836      0x764 ./Core/Src/stm32f1xx_it.o
 .debug_line    0x0000000000001f9a      0x6ef ./Core/Src/system_stm32f1xx.o
 .debug_line    0x0000000000002689       0x86 ./Core/Startup/startup_stm32f103c6tx.o
 .debug_line    0x000000000000270f      0x91c ./Drivers/STM32F1xx_HAL_Driver/Src/stm32f1xx_hal.o
 .debug_line    0x000000000000302b      0xfa1 ./Drivers/STM32F1xx_HAL_Driver/Src/stm32f1xx_hal_adc.o
 .debug_line    0x0000000000003fcc      0xce5 ./Drivers/STM32F1xx_HAL_Driver/Src/stm32f1xx_hal_adc_ex.o
 .debug_line    0x0000000000004cb1      0xb04 ./Drivers/STM32F1xx_HAL_Driver/Src/stm32f1xx_hal_cortex.o
 .debug_line    0x00000000000057b5      0xd75 ./Drivers/STM32F1xx_HAL_Driver/Src/stm32f1xx_hal_dma.o
 .debug_line    0x000000000000652a      0x9a0 ./Drivers/STM32F1xx_HAL_Driver/Src/stm32f1xx_hal_gpio.o
 .debug_line    0x0000000000006eca      0xd28 ./Drivers/STM32F1xx_HAL_Driver/Src/stm32f1xx_hal_rcc.o
 .debug_line    0x0000000000007bf2      0x863 ./Drivers/STM32F1xx_HAL_Driver/Src/stm32f1xx_hal_rcc_ex.o
 .debug_line    0x0000000000008455     0x1b9d ./Drivers/STM32F1xx_HAL_Driver/Src/stm32f1xx_hal_spi.o

.debug_str      0x0000000000000000    0x80cbd
 .debug_str     0x0000000000000000    0x7ea57 ./Core/Src/NRF24L01.o
                                      0x7edff (size before relaxing)
 .debug_str     0x000000000007ea57      0x4df ./Core/Src/main.o
                                      0x7f1a1 (size before relaxing)
 .debug_str     0x000000000007ef36      0x323 ./Core/Src/stm32f1xx_hal_msp.o
                                      0x7eea9 (size before relaxing)
 .debug_str     0x000000000007f259       0xff ./Core/Src/stm32f1xx_it.o
                                      0x7eb9c (size before relaxing)
 .debug_str     0x000000000007f358       0x7e ./Core/Src/system_stm32f1xx.o
                                      0x7e644 (size before relaxing)
 .debug_str     0x000000000007f3d6       0x36 ./Core/Startup/startup_stm32f103c6tx.o
                                         0x72 (size before relaxing)
 .debug_str     0x000000000007f40c      0x37a ./Drivers/STM32F1xx_HAL_Driver/Src/stm32f1xx_hal.o
                                      0x7ed3d (size before relaxing)
 .debug_str     0x000000000007f786      0x36b ./Drivers/STM32F1xx_HAL_Driver/Src/stm32f1xx_hal_adc.o
                                      0x7ed28 (size before relaxing)
 .debug_str     0x000000000007faf1      0x2bc ./Drivers/STM32F1xx_HAL_Driver/Src/stm32f1xx_hal_adc_ex.o
                                      0x7ecf8 (size before relaxing)
 .debug_str     0x000000000007fdad      0x294 ./Drivers/STM32F1xx_HAL_Driver/Src/stm32f1xx_hal_cortex.o
                                      0x7ec89 (size before relaxing)
 .debug_str     0x0000000000080041      0x216 ./Drivers/STM32F1xx_HAL_Driver/Src/stm32f1xx_hal_dma.o
                                      0x7e9ed (size before relaxing)
 .debug_str     0x0000000000080257      0x2ce ./Drivers/STM32F1xx_HAL_Driver/Src/stm32f1xx_hal_gpio.o
                                      0x7e9ca (size before relaxing)
 .debug_str     0x0000000000080525      0x229 ./Drivers/STM32F1xx_HAL_Driver/Src/stm32f1xx_hal_rcc.o
                                      0x7ea73 (size before relaxing)
 .debug_str     0x000000000008074e       0x84 ./Drivers/STM32F1xx_HAL_Driver/Src/stm32f1xx_hal_rcc_ex.o
                                      0x7e7c3 (size before relaxing)
 .debug_str     0x00000000000807d2      0x4eb ./Drivers/STM32F1xx_HAL_Driver/Src/stm32f1xx_hal_spi.o
                                      0x7ef70 (size before relaxing)

.comment        0x0000000000000000       0x50
 .comment       0x0000000000000000       0x50 ./Core/Src/NRF24L01.o
                                         0x51 (size before relaxing)
 .comment       0x0000000000000050       0x51 ./Core/Src/main.o
 .comment       0x0000000000000050       0x51 ./Core/Src/stm32f1xx_hal_msp.o
 .comment       0x0000000000000050       0x51 ./Core/Src/stm32f1xx_it.o
 .comment       0x0000000000000050       0x51 ./Core/Src/system_stm32f1xx.o
 .comment       0x0000000000000050       0x51 ./Drivers/STM32F1xx_HAL_Driver/Src/stm32f1xx_hal.o
 .comment       0x0000000000000050       0x51 ./Drivers/STM32F1xx_HAL_Driver/Src/stm32f1xx_hal_adc.o
 .comment       0x0000000000000050       0x51 ./Drivers/STM32F1xx_HAL_Driver/Src/stm32f1xx_hal_adc_ex.o
 .comment       0x0000000000000050       0x51 ./Drivers/STM32F1xx_HAL_Driver/Src/stm32f1xx_hal_cortex.o
 .comment       0x0000000000000050       0x51 ./Drivers/STM32F1xx_HAL_Driver/Src/stm32f1xx_hal_dma.o
 .comment       0x0000000000000050       0x51 ./Drivers/STM32F1xx_HAL_Driver/Src/stm32f1xx_hal_gpio.o
 .comment       0x0000000000000050       0x51 ./Drivers/STM32F1xx_HAL_Driver/Src/stm32f1xx_hal_rcc.o
 .comment       0x0000000000000050       0x51 ./Drivers/STM32F1xx_HAL_Driver/Src/stm32f1xx_hal_rcc_ex.o
 .comment       0x0000000000000050       0x51 ./Drivers/STM32F1xx_HAL_Driver/Src/stm32f1xx_hal_spi.o

.debug_frame    0x0000000000000000     0x2164
 .debug_frame   0x0000000000000000      0x204 ./Core/Src/NRF24L01.o
 .debug_frame   0x0000000000000204      0x140 ./Core/Src/main.o
 .debug_frame   0x0000000000000344       0xc8 ./Core/Src/stm32f1xx_hal_msp.o
 .debug_frame   0x000000000000040c      0x13c ./Core/Src/stm32f1xx_it.o
 .debug_frame   0x0000000000000548       0x58 ./Core/Src/system_stm32f1xx.o
 .debug_frame   0x00000000000005a0      0x334 ./Drivers/STM32F1xx_HAL_Driver/Src/stm32f1xx_hal.o
 .debug_frame   0x00000000000008d4      0x40c ./Drivers/STM32F1xx_HAL_Driver/Src/stm32f1xx_hal_adc.o
 .debug_frame   0x0000000000000ce0      0x200 ./Drivers/STM32F1xx_HAL_Driver/Src/stm32f1xx_hal_adc_ex.o
 .debug_frame   0x0000000000000ee0      0x428 ./Drivers/STM32F1xx_HAL_Driver/Src/stm32f1xx_hal_cortex.o
 .debug_frame   0x0000000000001308      0x208 ./Drivers/STM32F1xx_HAL_Driver/Src/stm32f1xx_hal_dma.o
 .debug_frame   0x0000000000001510      0x14c ./Drivers/STM32F1xx_HAL_Driver/Src/stm32f1xx_hal_gpio.o
 .debug_frame   0x000000000000165c      0x218 ./Drivers/STM32F1xx_HAL_Driver/Src/stm32f1xx_hal_rcc.o
 .debug_frame   0x0000000000001874       0x80 ./Drivers/STM32F1xx_HAL_Driver/Src/stm32f1xx_hal_rcc_ex.o
 .debug_frame   0x00000000000018f4      0x824 ./Drivers/STM32F1xx_HAL_Driver/Src/stm32f1xx_hal_spi.o
 .debug_frame   0x0000000000002118       0x2c c:/st/stm32cubeide_1.10.1/stm32cubeide/plugins/com.st.stm32cube.ide.mcu.externaltools.gnu-tools-for-stm32.10.3-2021.10.win32_1.0.0.202111181127/tools/bin/../lib/gcc/arm-none-eabi/10.3.1/../../../../arm-none-eabi/lib/thumb/v7-m/nofp\libc_nano.a(lib_a-init.o)
 .debug_frame   0x0000000000002144       0x20 c:/st/stm32cubeide_1.10.1/stm32cubeide/plugins/com.st.stm32cube.ide.mcu.externaltools.gnu-tools-for-stm32.10.3-2021.10.win32_1.0.0.202111181127/tools/bin/../lib/gcc/arm-none-eabi/10.3.1/../../../../arm-none-eabi/lib/thumb/v7-m/nofp\libc_nano.a(lib_a-memset.o)
