Archive member included to satisfy reference by file (symbol)

c:/st/stm32cubeide_1.10.1/stm32cubeide/plugins/com.st.stm32cube.ide.mcu.externaltools.gnu-tools-for-stm32.10.3-2021.10.win32_1.0.0.202111181127/tools/bin/../lib/gcc/arm-none-eabi/10.3.1/../../../../arm-none-eabi/lib/thumb/v7-m/nofp\libc_nano.a(lib_a-atoi.o)
                              ./Core/Src/main.o (atoi)
c:/st/stm32cubeide_1.10.1/stm32cubeide/plugins/com.st.stm32cube.ide.mcu.externaltools.gnu-tools-for-stm32.10.3-2021.10.win32_1.0.0.202111181127/tools/bin/../lib/gcc/arm-none-eabi/10.3.1/../../../../arm-none-eabi/lib/thumb/v7-m/nofp\libc_nano.a(lib_a-errno.o)
                              ./Core/Src/syscalls.o (__errno)
c:/st/stm32cubeide_1.10.1/stm32cubeide/plugins/com.st.stm32cube.ide.mcu.externaltools.gnu-tools-for-stm32.10.3-2021.10.win32_1.0.0.202111181127/tools/bin/../lib/gcc/arm-none-eabi/10.3.1/../../../../arm-none-eabi/lib/thumb/v7-m/nofp\libc_nano.a(lib_a-exit.o)
                              c:/st/stm32cubeide_1.10.1/stm32cubeide/plugins/com.st.stm32cube.ide.mcu.externaltools.gnu-tools-for-stm32.10.3-2021.10.win32_1.0.0.202111181127/tools/bin/../lib/gcc/arm-none-eabi/10.3.1/../../../../arm-none-eabi/lib/thumb/v7-m/nofp/crt0.o (exit)
c:/st/stm32cubeide_1.10.1/stm32cubeide/plugins/com.st.stm32cube.ide.mcu.externaltools.gnu-tools-for-stm32.10.3-2021.10.win32_1.0.0.202111181127/tools/bin/../lib/gcc/arm-none-eabi/10.3.1/../../../../arm-none-eabi/lib/thumb/v7-m/nofp\libc_nano.a(lib_a-impure.o)
                              c:/st/stm32cubeide_1.10.1/stm32cubeide/plugins/com.st.stm32cube.ide.mcu.externaltools.gnu-tools-for-stm32.10.3-2021.10.win32_1.0.0.202111181127/tools/bin/../lib/gcc/arm-none-eabi/10.3.1/../../../../arm-none-eabi/lib/thumb/v7-m/nofp\libc_nano.a(lib_a-exit.o) (_global_impure_ptr)
c:/st/stm32cubeide_1.10.1/stm32cubeide/plugins/com.st.stm32cube.ide.mcu.externaltools.gnu-tools-for-stm32.10.3-2021.10.win32_1.0.0.202111181127/tools/bin/../lib/gcc/arm-none-eabi/10.3.1/../../../../arm-none-eabi/lib/thumb/v7-m/nofp\libc_nano.a(lib_a-init.o)
                              c:/st/stm32cubeide_1.10.1/stm32cubeide/plugins/com.st.stm32cube.ide.mcu.externaltools.gnu-tools-for-stm32.10.3-2021.10.win32_1.0.0.202111181127/tools/bin/../lib/gcc/arm-none-eabi/10.3.1/../../../../arm-none-eabi/lib/thumb/v7-m/nofp/crt0.o (__libc_init_array)
c:/st/stm32cubeide_1.10.1/stm32cubeide/plugins/com.st.stm32cube.ide.mcu.externaltools.gnu-tools-for-stm32.10.3-2021.10.win32_1.0.0.202111181127/tools/bin/../lib/gcc/arm-none-eabi/10.3.1/../../../../arm-none-eabi/lib/thumb/v7-m/nofp\libc_nano.a(lib_a-memcpy-stub.o)
                              ./Middlewares/Third_Party/FreeRTOS/Source/CMSIS_RTOS_V2/cmsis_os2.o (memcpy)
c:/st/stm32cubeide_1.10.1/stm32cubeide/plugins/com.st.stm32cube.ide.mcu.externaltools.gnu-tools-for-stm32.10.3-2021.10.win32_1.0.0.202111181127/tools/bin/../lib/gcc/arm-none-eabi/10.3.1/../../../../arm-none-eabi/lib/thumb/v7-m/nofp\libc_nano.a(lib_a-memset.o)
                              c:/st/stm32cubeide_1.10.1/stm32cubeide/plugins/com.st.stm32cube.ide.mcu.externaltools.gnu-tools-for-stm32.10.3-2021.10.win32_1.0.0.202111181127/tools/bin/../lib/gcc/arm-none-eabi/10.3.1/../../../../arm-none-eabi/lib/thumb/v7-m/nofp/crt0.o (memset)
c:/st/stm32cubeide_1.10.1/stm32cubeide/plugins/com.st.stm32cube.ide.mcu.externaltools.gnu-tools-for-stm32.10.3-2021.10.win32_1.0.0.202111181127/tools/bin/../lib/gcc/arm-none-eabi/10.3.1/../../../../arm-none-eabi/lib/thumb/v7-m/nofp\libc_nano.a(lib_a-strtol.o)
                              c:/st/stm32cubeide_1.10.1/stm32cubeide/plugins/com.st.stm32cube.ide.mcu.externaltools.gnu-tools-for-stm32.10.3-2021.10.win32_1.0.0.202111181127/tools/bin/../lib/gcc/arm-none-eabi/10.3.1/../../../../arm-none-eabi/lib/thumb/v7-m/nofp\libc_nano.a(lib_a-atoi.o) (_strtol_r)
c:/st/stm32cubeide_1.10.1/stm32cubeide/plugins/com.st.stm32cube.ide.mcu.externaltools.gnu-tools-for-stm32.10.3-2021.10.win32_1.0.0.202111181127/tools/bin/../lib/gcc/arm-none-eabi/10.3.1/../../../../arm-none-eabi/lib/thumb/v7-m/nofp\libc_nano.a(lib_a-ctype_.o)
                              c:/st/stm32cubeide_1.10.1/stm32cubeide/plugins/com.st.stm32cube.ide.mcu.externaltools.gnu-tools-for-stm32.10.3-2021.10.win32_1.0.0.202111181127/tools/bin/../lib/gcc/arm-none-eabi/10.3.1/../../../../arm-none-eabi/lib/thumb/v7-m/nofp\libc_nano.a(lib_a-strtol.o) (_ctype_)

Discarded input sections

 .text          0x0000000000000000        0x0 c:/st/stm32cubeide_1.10.1/stm32cubeide/plugins/com.st.stm32cube.ide.mcu.externaltools.gnu-tools-for-stm32.10.3-2021.10.win32_1.0.0.202111181127/tools/bin/../lib/gcc/arm-none-eabi/10.3.1/thumb/v7-m/nofp/crti.o
 .data          0x0000000000000000        0x0 c:/st/stm32cubeide_1.10.1/stm32cubeide/plugins/com.st.stm32cube.ide.mcu.externaltools.gnu-tools-for-stm32.10.3-2021.10.win32_1.0.0.202111181127/tools/bin/../lib/gcc/arm-none-eabi/10.3.1/thumb/v7-m/nofp/crti.o
[...]
Memory Configuration

Name             Origin             Length             Attributes
RAM              0x0000000020000000 0x0000000000002800 xrw
FLASH            0x0000000008000000 0x0000000000008000 xr
*default*        0x0000000000000000 0xffffffffffffffff

Linker script and memory map

LOAD c:/st/stm32cubeide_1.10.1/stm32cubeide/plugins/com.st.stm32cube.ide.mcu.externaltools.gnu-tools-for-stm32.10.3-2021.10.win32_1.0.0.202111181127/tools/bin/../lib/gcc/arm-none-eabi/10.3.1/thumb/v7-m/nofp/crti.o
LOAD c:/st/stm32cubeide_1.10.1/stm32cubeide/plugins/com.st.stm32cube.ide.mcu.externaltools.gnu-tools-for-stm32.10.3-2021.10.win32_1.0.0.202111181127/tools/bin/../lib/gcc/arm-none-eabi/10.3.1/thumb/v7-m/nofp/crtbegin.o
LOAD c:/st/stm32cubeide_1.10.1/stm32cubeide/plugins/com.st.stm32cube.ide.mcu.externaltools.gnu-tools-for-stm32.10.3-2021.10.win32_1.0.0.202111181127/tools/bin/../lib/gcc/arm-none-eabi/10.3.1/../../../../arm-none-eabi/lib/thumb/v7-m/nofp/crt0.o
LOAD ./Core/Src/NRF24L01.o
LOAD ./Core/Src/freertos.o
LOAD ./Core/Src/main.o
LOAD ./Core/Src/stm32f1xx_hal_msp.o
LOAD ./Core/Src/stm32f1xx_hal_timebase_tim.o
LOAD ./Core/Src/stm32f1xx_it.o
LOAD ./Core/Src/syscalls.o
LOAD ./Core/Src/sysmem.o
LOAD ./Core/Src/system_stm32f1xx.o
LOAD ./Core/Startup/startup_stm32f103c6tx.o
LOAD ./Drivers/STM32F1xx_HAL_Driver/Src/stm32f1xx_hal.o
LOAD ./Drivers/STM32F1xx_HAL_Driver/Src/stm32f1xx_hal_cortex.o
LOAD ./Drivers/STM32F1xx_HAL_Driver/Src/stm32f1xx_hal_dma.o
LOAD ./Drivers/STM32F1xx_HAL_Driver/Src/stm32f1xx_hal_exti.o
LOAD ./Drivers/STM32F1xx_HAL_Driver/Src/stm32f1xx_hal_flash.o
LOAD ./Drivers/STM32F1xx_HAL_Driver/Src/stm32f1xx_hal_flash_ex.o
LOAD ./Drivers/STM32F1xx_HAL_Driver/Src/stm32f1xx_hal_gpio.o
LOAD ./Drivers/STM32F1xx_HAL_Driver/Src/stm32f1xx_hal_gpio_ex.o
LOAD ./Drivers/STM32F1xx_HAL_Driver/Src/stm32f1xx_hal_pwr.o
LOAD ./Drivers/STM32F1xx_HAL_Driver/Src/stm32f1xx_hal_rcc.o
LOAD ./Drivers/STM32F1xx_HAL_Driver/Src/stm32f1xx_hal_rcc_ex.o
LOAD ./Drivers/STM32F1xx_HAL_Driver/Src/stm32f1xx_hal_spi.o
LOAD ./Drivers/STM32F1xx_HAL_Driver/Src/stm32f1xx_hal_tim.o
LOAD ./Drivers/STM32F1xx_HAL_Driver/Src/stm32f1xx_hal_tim_ex.o
LOAD ./Drivers/STM32F1xx_HAL_Driver/Src/stm32f1xx_hal_uart.o
LOAD ./Middlewares/Third_Party/FreeRTOS/Source/CMSIS_RTOS_V2/cmsis_os2.o
LOAD ./Middlewares/Third_Party/FreeRTOS/Source/croutine.o
LOAD ./Middlewares/Third_Party/FreeRTOS/Source/event_groups.o
LOAD ./Middlewares/Third_Party/FreeRTOS/Source/list.o
LOAD ./Middlewares/Third_Party/FreeRTOS/Source/queue.o
LOAD ./Middlewares/Third_Party/FreeRTOS/Source/stream_buffer.o
LOAD ./Middlewares/Third_Party/FreeRTOS/Source/tasks.o
LOAD ./Middlewares/Third_Party/FreeRTOS/Source/timers.o
LOAD ./Middlewares/Third_Party/FreeRTOS/Source/portable/GCC/ARM_CM3/port.o
LOAD ./Middlewares/Third_Party/FreeRTOS/Source/portable/MemMang/heap_4.o
START GROUP
LOAD c:/st/stm32cubeide_1.10.1/stm32cubeide/plugins/com.st.stm32cube.ide.mcu.externaltools.gnu-tools-for-stm32.10.3-2021.10.win32_1.0.0.202111181127/tools/bin/../lib/gcc/arm-none-eabi/10.3.1/../../../../arm-none-eabi/lib/thumb/v7-m/nofp\libc_nano.a
LOAD c:/st/stm32cubeide_1.10.1/stm32cubeide/plugins/com.st.stm32cube.ide.mcu.externaltools.gnu-tools-for-stm32.10.3-2021.10.win32_1.0.0.202111181127/tools/bin/../lib/gcc/arm-none-eabi/10.3.1/../../../../arm-none-eabi/lib/thumb/v7-m/nofp\libm.a
END GROUP
START GROUP
LOAD c:/st/stm32cubeide_1.10.1/stm32cubeide/plugins/com.st.stm32cube.ide.mcu.externaltools.gnu-tools-for-stm32.10.3-2021.10.win32_1.0.0.202111181127/tools/bin/../lib/gcc/arm-none-eabi/10.3.1/thumb/v7-m/nofp\libgcc.a
LOAD c:/st/stm32cubeide_1.10.1/stm32cubeide/plugins/com.st.stm32cube.ide.mcu.externaltools.gnu-tools-for-stm32.10.3-2021.10.win32_1.0.0.202111181127/tools/bin/../lib/gcc/arm-none-eabi/10.3.1/../../../../arm-none-eabi/lib/thumb/v7-m/nofp\libc_nano.a
END GROUP
START GROUP
LOAD c:/st/stm32cubeide_1.10.1/stm32cubeide/plugins/com.st.stm32cube.ide.mcu.externaltools.gnu-tools-for-stm32.10.3-2021.10.win32_1.0.0.202111181127/tools/bin/../lib/gcc/arm-none-eabi/10.3.1/thumb/v7-m/nofp\libgcc.a
LOAD c:/st/stm32cubeide_1.10.1/stm32cubeide/plugins/com.st.stm32cube.ide.mcu.externaltools.gnu-tools-for-stm32.10.3-2021.10.win32_1.0.0.202111181127/tools/bin/../lib/gcc/arm-none-eabi/10.3.1/../../../../arm-none-eabi/lib/thumb/v7-m/nofp\libc_nano.a
LOAD c:/st/stm32cubeide_1.10.1/stm32cubeide/plugins/com.st.stm32cube.ide.mcu.externaltools.gnu-tools-for-stm32.10.3-2021.10.win32_1.0.0.202111181127/tools/bin/../lib/gcc/arm-none-eabi/10.3.1/../../../../arm-none-eabi/lib/thumb/v7-m/nofp\libnosys.a
END GROUP
START GROUP
LOAD c:/st/stm32cubeide_1.10.1/stm32cubeide/plugins/com.st.stm32cube.ide.mcu.externaltools.gnu-tools-for-stm32.10.3-2021.10.win32_1.0.0.202111181127/tools/bin/../lib/gcc/arm-none-eabi/10.3.1/thumb/v7-m/nofp\libgcc.a
LOAD c:/st/stm32cubeide_1.10.1/stm32cubeide/plugins/com.st.stm32cube.ide.mcu.externaltools.gnu-tools-for-stm32.10.3-2021.10.win32_1.0.0.202111181127/tools/bin/../lib/gcc/arm-none-eabi/10.3.1/../../../../arm-none-eabi/lib/thumb/v7-m/nofp\libc_nano.a
LOAD c:/st/stm32cubeide_1.10.1/stm32cubeide/plugins/com.st.stm32cube.ide.mcu.externaltools.gnu-tools-for-stm32.10.3-2021.10.win32_1.0.0.202111181127/tools/bin/../lib/gcc/arm-none-eabi/10.3.1/../../../../arm-none-eabi/lib/thumb/v7-m/nofp\libnosys.a
END GROUP
LOAD c:/st/stm32cubeide_1.10.1/stm32cubeide/plugins/com.st.stm32cube.ide.mcu.externaltools.gnu-tools-for-stm32.10.3-2021.10.win32_1.0.0.202111181127/tools/bin/../lib/gcc/arm-none-eabi/10.3.1/thumb/v7-m/nofp/crtend.o
LOAD c:/st/stm32cubeide_1.10.1/stm32cubeide/plugins/com.st.stm32cube.ide.mcu.externaltools.gnu-tools-for-stm32.10.3-2021.10.win32_1.0.0.202111181127/tools/bin/../lib/gcc/arm-none-eabi/10.3.1/thumb/v7-m/nofp/crtn.o
                0x0000000020002800                _estack = (ORIGIN (RAM) + LENGTH (RAM))
                0x0000000000000200                _Min_Heap_Size = 0x200
                0x0000000000000400                _Min_Stack_Size = 0x400

.isr_vector     0x0000000008000000      0x10c
                0x0000000008000000                . = ALIGN (0x4)
 *(.isr_vector)
 .isr_vector    0x0000000008000000      0x10c ./Core/Startup/startup_stm32f103c6tx.o
                0x0000000008000000                g_pfnVectors
                0x000000000800010c                . = ALIGN (0x4)

.text           0x0000000008000110     0x6308
                0x0000000008000110                . = ALIGN (0x4)
 *(.text)
 .text          0x0000000008000110       0x40 c:/st/stm32cubeide_1.10.1/stm32cubeide/plugins/com.st.stm32cube.ide.mcu.externaltools.gnu-tools-for-stm32.10.3-2021.10.win32_1.0.0.202111181127/tools/bin/../lib/gcc/arm-none-eabi/10.3.1/thumb/v7-m/nofp/crtbegin.o
 *(.text*)
 .text.CS_Select
                0x0000000008000150       0x18 ./Core/Src/NRF24L01.o
                0x0000000008000150                CS_Select
 .text.CS_UnSelect
                0x0000000008000168       0x18 ./Core/Src/NRF24L01.o
                0x0000000008000168                CS_UnSelect
 .text.CE_Enable
                0x0000000008000180       0x18 ./Core/Src/NRF24L01.o
                0x0000000008000180                CE_Enable
 .text.CE_Disable
                0x0000000008000198       0x18 ./Core/Src/NRF24L01.o
                0x0000000008000198                CE_Disable
 .text.nrf24_WriteReg
                0x00000000080001b0       0x44 ./Core/Src/NRF24L01.o
                0x00000000080001b0                nrf24_WriteReg
 .text.nrf24_WriteRegMulti
                0x00000000080001f4       0x4c ./Core/Src/NRF24L01.o
                0x00000000080001f4                nrf24_WriteRegMulti
 .text.nrf24_ReadReg
                0x0000000008000240       0x40 ./Core/Src/NRF24L01.o
                0x0000000008000240                nrf24_ReadReg
 .text.nrfsendCmd
                0x0000000008000280       0x2c ./Core/Src/NRF24L01.o
                0x0000000008000280                nrfsendCmd
 .text.NRF24_Init
                0x00000000080002ac       0x48 ./Core/Src/NRF24L01.o
                0x00000000080002ac                NRF24_Init
 .text.NRF24_RxMode
                0x00000000080002f4       0x98 ./Core/Src/NRF24L01.o
                0x00000000080002f4                NRF24_RxMode
 .text.isDataAvailable
                0x000000000800038c       0x3e ./Core/Src/NRF24L01.o
                0x000000000800038c                isDataAvailable
 *fill*         0x00000000080003ca        0x2 
 .text.NRF24_Receive
                0x00000000080003cc       0x54 ./Core/Src/NRF24L01.o
                0x00000000080003cc                NRF24_Receive
 .text.map      0x0000000008000420       0x3a ./Core/Src/main.o
                0x0000000008000420                map
 *fill*         0x000000000800045a        0x2 
 .text.adjustMotorSpeed
                0x000000000800045c      0x128 ./Core/Src/main.o
                0x000000000800045c                adjustMotorSpeed
 .text.camera_move_left_motor
                0x0000000008000584       0x40 ./Core/Src/main.o
                0x0000000008000584                camera_move_left_motor
 .text.camera_move_right_motor
                0x00000000080005c4       0x40 ./Core/Src/main.o
                0x00000000080005c4                camera_move_right_motor
 .text.SetMotorSpeed
                0x0000000008000604       0x28 ./Core/Src/main.o
                0x0000000008000604                SetMotorSpeed
 .text.CalculateSpeedAdjustment
                0x000000000800062c       0x68 ./Core/Src/main.o
                0x000000000800062c                CalculateSpeedAdjustment
 .text.AdjustMotorSpeedBasedOnError
                0x0000000008000694       0x4a ./Core/Src/main.o
                0x0000000008000694                AdjustMotorSpeedBasedOnError
 *fill*         0x00000000080006de        0x2 
 .text.main     0x00000000080006e0       0xbc ./Core/Src/main.o
                0x00000000080006e0                main
 .text.SystemClock_Config
                0x000000000800079c       0x86 ./Core/Src/main.o
                0x000000000800079c                SystemClock_Config
 *fill*         0x0000000008000822        0x2 
 .text.MX_SPI1_Init
                0x0000000008000824       0x6c ./Core/Src/main.o
 .text.MX_TIM3_Init
                0x0000000008000890       0xc8 ./Core/Src/main.o
 .text.MX_USART1_UART_Init
                0x0000000008000958       0x54 ./Core/Src/main.o
 .text.MX_GPIO_Init
                0x00000000080009ac       0xc0 ./Core/Src/main.o
 .text.Task_one
                0x0000000008000a6c       0xc0 ./Core/Src/main.o
                0x0000000008000a6c                Task_one
 .text.Task_Two
                0x0000000008000b2c       0x88 ./Core/Src/main.o
                0x0000000008000b2c                Task_Two
 .text.HAL_TIM_PeriodElapsedCallback
                0x0000000008000bb4       0x1e ./Core/Src/main.o
                0x0000000008000bb4                HAL_TIM_PeriodElapsedCallback
 .text.Error_Handler
                0x0000000008000bd2        0xa ./Core/Src/main.o
                0x0000000008000bd2                Error_Handler
 .text.HAL_MspInit
                0x0000000008000bdc       0x70 ./Core/Src/stm32f1xx_hal_msp.o
                0x0000000008000bdc                HAL_MspInit
 .text.HAL_SPI_MspInit
                0x0000000008000c4c       0x94 ./Core/Src/stm32f1xx_hal_msp.o
                0x0000000008000c4c                HAL_SPI_MspInit
 .text.HAL_TIM_PWM_MspInit
                0x0000000008000ce0       0x3c ./Core/Src/stm32f1xx_hal_msp.o
                0x0000000008000ce0                HAL_TIM_PWM_MspInit
 .text.HAL_TIM_MspPostInit
                0x0000000008000d1c       0x8c ./Core/Src/stm32f1xx_hal_msp.o
                0x0000000008000d1c                HAL_TIM_MspPostInit
 .text.HAL_UART_MspInit
                0x0000000008000da8       0x98 ./Core/Src/stm32f1xx_hal_msp.o
                0x0000000008000da8                HAL_UART_MspInit
 .text.HAL_InitTick
                0x0000000008000e40       0xf8 ./Core/Src/stm32f1xx_hal_timebase_tim.o
                0x0000000008000e40                HAL_InitTick
 .text.NMI_Handler
                0x0000000008000f38        0x6 ./Core/Src/stm32f1xx_it.o
                0x0000000008000f38                NMI_Handler
 .text.HardFault_Handler
                0x0000000008000f3e        0x6 ./Core/Src/stm32f1xx_it.o
                0x0000000008000f3e                HardFault_Handler
 .text.MemManage_Handler
                0x0000000008000f44        0x6 ./Core/Src/stm32f1xx_it.o
                0x0000000008000f44                MemManage_Handler
 .text.BusFault_Handler
                0x0000000008000f4a        0x6 ./Core/Src/stm32f1xx_it.o
                0x0000000008000f4a                BusFault_Handler
 .text.UsageFault_Handler
                0x0000000008000f50        0x6 ./Core/Src/stm32f1xx_it.o
                0x0000000008000f50                UsageFault_Handler
 .text.DebugMon_Handler
                0x0000000008000f56        0xc ./Core/Src/stm32f1xx_it.o
                0x0000000008000f56                DebugMon_Handler
 *fill*         0x0000000008000f62        0x2 
 .text.TIM2_IRQHandler
                0x0000000008000f64       0x14 ./Core/Src/stm32f1xx_it.o
                0x0000000008000f64                TIM2_IRQHandler
 .text.SystemInit
                0x0000000008000f78        0xc ./Core/Src/system_stm32f1xx.o
                0x0000000008000f78                SystemInit
 .text.Reset_Handler
                0x0000000008000f84       0x48 ./Core/Startup/startup_stm32f103c6tx.o
                0x0000000008000f84                Reset_Handler
 .text.Default_Handler
                0x0000000008000fcc        0x2 ./Core/Startup/startup_stm32f103c6tx.o
                0x0000000008000fcc                RTC_Alarm_IRQHandler
                0x0000000008000fcc                EXTI2_IRQHandler
                0x0000000008000fcc                TIM1_CC_IRQHandler
                0x0000000008000fcc                PVD_IRQHandler
                0x0000000008000fcc                EXTI3_IRQHandler
                0x0000000008000fcc                EXTI0_IRQHandler
                0x0000000008000fcc                ADC1_2_IRQHandler
                0x0000000008000fcc                SPI1_IRQHandler
                0x0000000008000fcc                TAMPER_IRQHandler
                0x0000000008000fcc                DMA1_Channel4_IRQHandler
                0x0000000008000fcc                RTC_IRQHandler
                0x0000000008000fcc                DMA1_Channel7_IRQHandler
                0x0000000008000fcc                CAN1_RX1_IRQHandler
                0x0000000008000fcc                I2C1_EV_IRQHandler
                0x0000000008000fcc                DMA1_Channel6_IRQHandler
                0x0000000008000fcc                TIM3_IRQHandler
                0x0000000008000fcc                RCC_IRQHandler
                0x0000000008000fcc                TIM1_TRG_COM_IRQHandler
                0x0000000008000fcc                DMA1_Channel1_IRQHandler
                0x0000000008000fcc                Default_Handler
                0x0000000008000fcc                EXTI15_10_IRQHandler
                0x0000000008000fcc                EXTI9_5_IRQHandler
                0x0000000008000fcc                DMA1_Channel5_IRQHandler
                0x0000000008000fcc                EXTI4_IRQHandler
                0x0000000008000fcc                USB_LP_CAN1_RX0_IRQHandler
                0x0000000008000fcc                USB_HP_CAN1_TX_IRQHandler
                0x0000000008000fcc                DMA1_Channel3_IRQHandler
                0x0000000008000fcc                TIM1_UP_IRQHandler
                0x0000000008000fcc                WWDG_IRQHandler
                0x0000000008000fcc                TIM1_BRK_IRQHandler
                0x0000000008000fcc                EXTI1_IRQHandler
                0x0000000008000fcc                USART2_IRQHandler
                0x0000000008000fcc                DMA1_Channel2_IRQHandler
                0x0000000008000fcc                CAN1_SCE_IRQHandler
                0x0000000008000fcc                FLASH_IRQHandler
                0x0000000008000fcc                USART1_IRQHandler
                0x0000000008000fcc                I2C1_ER_IRQHandler
                0x0000000008000fcc                USBWakeUp_IRQHandler
 *fill*         0x0000000008000fce        0x2 
 .text.HAL_Init
                0x0000000008000fd0       0x2c ./Drivers/STM32F1xx_HAL_Driver/Src/stm32f1xx_hal.o
                0x0000000008000fd0                HAL_Init
 .text.HAL_IncTick
                0x0000000008000ffc       0x24 ./Drivers/STM32F1xx_HAL_Driver/Src/stm32f1xx_hal.o
                0x0000000008000ffc                HAL_IncTick
 .text.HAL_GetTick
                0x0000000008001020       0x14 ./Drivers/STM32F1xx_HAL_Driver/Src/stm32f1xx_hal.o
                0x0000000008001020                HAL_GetTick
 .text.HAL_Delay
                0x0000000008001034       0x48 ./Drivers/STM32F1xx_HAL_Driver/Src/stm32f1xx_hal.o
                0x0000000008001034                HAL_Delay
 .text.__NVIC_SetPriorityGrouping
                0x000000000800107c       0x48 ./Drivers/STM32F1xx_HAL_Driver/Src/stm32f1xx_hal_cortex.o
 .text.__NVIC_GetPriorityGrouping
                0x00000000080010c4       0x1c ./Drivers/STM32F1xx_HAL_Driver/Src/stm32f1xx_hal_cortex.o
 .text.__NVIC_EnableIRQ
                0x00000000080010e0       0x38 ./Drivers/STM32F1xx_HAL_Driver/Src/stm32f1xx_hal_cortex.o
 .text.__NVIC_SetPriority
                0x0000000008001118       0x54 ./Drivers/STM32F1xx_HAL_Driver/Src/stm32f1xx_hal_cortex.o
 .text.NVIC_EncodePriority
                0x000000000800116c       0x64 ./Drivers/STM32F1xx_HAL_Driver/Src/stm32f1xx_hal_cortex.o
 .text.HAL_NVIC_SetPriorityGrouping
                0x00000000080011d0       0x16 ./Drivers/STM32F1xx_HAL_Driver/Src/stm32f1xx_hal_cortex.o
                0x00000000080011d0                HAL_NVIC_SetPriorityGrouping
 .text.HAL_NVIC_SetPriority
                0x00000000080011e6       0x38 ./Drivers/STM32F1xx_HAL_Driver/Src/stm32f1xx_hal_cortex.o
                0x00000000080011e6                HAL_NVIC_SetPriority
 .text.HAL_NVIC_EnableIRQ
                0x000000000800121e       0x1c ./Drivers/STM32F1xx_HAL_Driver/Src/stm32f1xx_hal_cortex.o
                0x000000000800121e                HAL_NVIC_EnableIRQ
 *fill*         0x000000000800123a        0x2 
 .text.HAL_GPIO_Init
                0x000000000800123c      0x2f8 ./Drivers/STM32F1xx_HAL_Driver/Src/stm32f1xx_hal_gpio.o
                0x000000000800123c                HAL_GPIO_Init
 .text.HAL_GPIO_WritePin
                0x0000000008001534       0x30 ./Drivers/STM32F1xx_HAL_Driver/Src/stm32f1xx_hal_gpio.o
                0x0000000008001534                HAL_GPIO_WritePin
 .text.HAL_GPIO_TogglePin
                0x0000000008001564       0x32 ./Drivers/STM32F1xx_HAL_Driver/Src/stm32f1xx_hal_gpio.o
                0x0000000008001564                HAL_GPIO_TogglePin
 *fill*         0x0000000008001596        0x2 
 .text.HAL_RCC_OscConfig
                0x0000000008001598      0x504 ./Drivers/STM32F1xx_HAL_Driver/Src/stm32f1xx_hal_rcc.o
                0x0000000008001598                HAL_RCC_OscConfig
 .text.HAL_RCC_ClockConfig
                0x0000000008001a9c      0x1d4 ./Drivers/STM32F1xx_HAL_Driver/Src/stm32f1xx_hal_rcc.o
                0x0000000008001a9c                HAL_RCC_ClockConfig
 .text.HAL_RCC_GetSysClockFreq
                0x0000000008001c70       0xa8 ./Drivers/STM32F1xx_HAL_Driver/Src/stm32f1xx_hal_rcc.o
                0x0000000008001c70                HAL_RCC_GetSysClockFreq
 .text.HAL_RCC_GetHCLKFreq
                0x0000000008001d18       0x14 ./Drivers/STM32F1xx_HAL_Driver/Src/stm32f1xx_hal_rcc.o
                0x0000000008001d18                HAL_RCC_GetHCLKFreq
 .text.HAL_RCC_GetPCLK1Freq
                0x0000000008001d2c       0x28 ./Drivers/STM32F1xx_HAL_Driver/Src/stm32f1xx_hal_rcc.o
                0x0000000008001d2c                HAL_RCC_GetPCLK1Freq
 .text.HAL_RCC_GetPCLK2Freq
                0x0000000008001d54       0x28 ./Drivers/STM32F1xx_HAL_Driver/Src/stm32f1xx_hal_rcc.o
                0x0000000008001d54                HAL_RCC_GetPCLK2Freq
 .text.HAL_RCC_GetClockConfig
                0x0000000008001d7c       0x60 ./Drivers/STM32F1xx_HAL_Driver/Src/stm32f1xx_hal_rcc.o
                0x0000000008001d7c                HAL_RCC_GetClockConfig
 .text.RCC_Delay
                0x0000000008001ddc       0x3c ./Drivers/STM32F1xx_HAL_Driver/Src/stm32f1xx_hal_rcc.o
 .text.HAL_SPI_Init
                0x0000000008001e18      0x108 ./Drivers/STM32F1xx_HAL_Driver/Src/stm32f1xx_hal_spi.o
                0x0000000008001e18                HAL_SPI_Init
 .text.HAL_SPI_Transmit
                0x0000000008001f20      0x286 ./Drivers/STM32F1xx_HAL_Driver/Src/stm32f1xx_hal_spi.o
                0x0000000008001f20                HAL_SPI_Transmit
 .text.HAL_SPI_Receive
                0x00000000080021a6      0x230 ./Drivers/STM32F1xx_HAL_Driver/Src/stm32f1xx_hal_spi.o
                0x00000000080021a6                HAL_SPI_Receive
 .text.HAL_SPI_TransmitReceive
                0x00000000080023d6      0x360 ./Drivers/STM32F1xx_HAL_Driver/Src/stm32f1xx_hal_spi.o
                0x00000000080023d6                HAL_SPI_TransmitReceive
 *fill*         0x0000000008002736        0x2 
 .text.SPI_WaitFlagStateUntilTimeout
                0x0000000008002738      0x110 ./Drivers/STM32F1xx_HAL_Driver/Src/stm32f1xx_hal_spi.o
 .text.SPI_EndRxTransaction
                0x0000000008002848       0xa4 ./Drivers/STM32F1xx_HAL_Driver/Src/stm32f1xx_hal_spi.o
 .text.SPI_EndRxTxTransaction
                0x00000000080028ec       0x3c ./Drivers/STM32F1xx_HAL_Driver/Src/stm32f1xx_hal_spi.o
 .text.HAL_TIM_Base_Init
                0x0000000008002928       0x9e ./Drivers/STM32F1xx_HAL_Driver/Src/stm32f1xx_hal_tim.o
                0x0000000008002928                HAL_TIM_Base_Init
 .text.HAL_TIM_Base_MspInit
                0x00000000080029c6       0x12 ./Drivers/STM32F1xx_HAL_Driver/Src/stm32f1xx_hal_tim.o
                0x00000000080029c6                HAL_TIM_Base_MspInit
 .text.HAL_TIM_Base_Start_IT
                0x00000000080029d8       0x98 ./Drivers/STM32F1xx_HAL_Driver/Src/stm32f1xx_hal_tim.o
                0x00000000080029d8                HAL_TIM_Base_Start_IT
 .text.HAL_TIM_PWM_Init
                0x0000000008002a70       0x9e ./Drivers/STM32F1xx_HAL_Driver/Src/stm32f1xx_hal_tim.o
                0x0000000008002a70                HAL_TIM_PWM_Init
 *fill*         0x0000000008002b0e        0x2 
 .text.HAL_TIM_PWM_Start
                0x0000000008002b10      0x138 ./Drivers/STM32F1xx_HAL_Driver/Src/stm32f1xx_hal_tim.o
                0x0000000008002b10                HAL_TIM_PWM_Start
 .text.HAL_TIM_IRQHandler
                0x0000000008002c48      0x210 ./Drivers/STM32F1xx_HAL_Driver/Src/stm32f1xx_hal_tim.o
                0x0000000008002c48                HAL_TIM_IRQHandler
 .text.HAL_TIM_PWM_ConfigChannel
                0x0000000008002e58      0x184 ./Drivers/STM32F1xx_HAL_Driver/Src/stm32f1xx_hal_tim.o
                0x0000000008002e58                HAL_TIM_PWM_ConfigChannel
 .text.HAL_TIM_OC_DelayElapsedCallback
                0x0000000008002fdc       0x12 ./Drivers/STM32F1xx_HAL_Driver/Src/stm32f1xx_hal_tim.o
                0x0000000008002fdc                HAL_TIM_OC_DelayElapsedCallback
 .text.HAL_TIM_IC_CaptureCallback
                0x0000000008002fee       0x12 ./Drivers/STM32F1xx_HAL_Driver/Src/stm32f1xx_hal_tim.o
                0x0000000008002fee                HAL_TIM_IC_CaptureCallback
 .text.HAL_TIM_PWM_PulseFinishedCallback
                0x0000000008003000       0x12 ./Drivers/STM32F1xx_HAL_Driver/Src/stm32f1xx_hal_tim.o
                0x0000000008003000                HAL_TIM_PWM_PulseFinishedCallback
 .text.HAL_TIM_TriggerCallback
                0x0000000008003012       0x12 ./Drivers/STM32F1xx_HAL_Driver/Src/stm32f1xx_hal_tim.o
                0x0000000008003012                HAL_TIM_TriggerCallback
 .text.TIM_Base_SetConfig
                0x0000000008003024       0xb0 ./Drivers/STM32F1xx_HAL_Driver/Src/stm32f1xx_hal_tim.o
                0x0000000008003024                TIM_Base_SetConfig
 .text.TIM_OC1_SetConfig
                0x00000000080030d4       0xcc ./Drivers/STM32F1xx_HAL_Driver/Src/stm32f1xx_hal_tim.o
 .text.TIM_OC2_SetConfig
                0x00000000080031a0       0xd4 ./Drivers/STM32F1xx_HAL_Driver/Src/stm32f1xx_hal_tim.o
                0x00000000080031a0                TIM_OC2_SetConfig
 .text.TIM_OC3_SetConfig
                0x0000000008003274       0xd4 ./Drivers/STM32F1xx_HAL_Driver/Src/stm32f1xx_hal_tim.o
 .text.TIM_OC4_SetConfig
                0x0000000008003348       0x9c ./Drivers/STM32F1xx_HAL_Driver/Src/stm32f1xx_hal_tim.o
 .text.TIM_CCxChannelCmd
                0x00000000080033e4       0x48 ./Drivers/STM32F1xx_HAL_Driver/Src/stm32f1xx_hal_tim.o
                0x00000000080033e4                TIM_CCxChannelCmd
 .text.HAL_TIMEx_MasterConfigSynchronization
                0x000000000800342c       0xb0 ./Drivers/STM32F1xx_HAL_Driver/Src/stm32f1xx_hal_tim_ex.o
                0x000000000800342c                HAL_TIMEx_MasterConfigSynchronization
 .text.HAL_TIMEx_CommutCallback
                0x00000000080034dc       0x12 ./Drivers/STM32F1xx_HAL_Driver/Src/stm32f1xx_hal_tim_ex.o
                0x00000000080034dc                HAL_TIMEx_CommutCallback
 .text.HAL_TIMEx_BreakCallback
                0x00000000080034ee       0x12 ./Drivers/STM32F1xx_HAL_Driver/Src/stm32f1xx_hal_tim_ex.o
                0x00000000080034ee                HAL_TIMEx_BreakCallback
 .text.HAL_UART_Init
                0x0000000008003500       0xa0 ./Drivers/STM32F1xx_HAL_Driver/Src/stm32f1xx_hal_uart.o
                0x0000000008003500                HAL_UART_Init
 .text.HAL_UART_Receive
                0x00000000080035a0      0x124 ./Drivers/STM32F1xx_HAL_Driver/Src/stm32f1xx_hal_uart.o
                0x00000000080035a0                HAL_UART_Receive
 .text.UART_WaitOnFlagUntilTimeout
                0x00000000080036c4       0xdc ./Drivers/STM32F1xx_HAL_Driver/Src/stm32f1xx_hal_uart.o
 .text.UART_SetConfig
                0x00000000080037a0      0x11c ./Drivers/STM32F1xx_HAL_Driver/Src/stm32f1xx_hal_uart.o
 .text.osKernelInitialize
                0x00000000080038bc       0x64 ./Middlewares/Third_Party/FreeRTOS/Source/CMSIS_RTOS_V2/cmsis_os2.o
                0x00000000080038bc                osKernelInitialize
 .text.osKernelStart
                0x0000000008003920       0x68 ./Middlewares/Third_Party/FreeRTOS/Source/CMSIS_RTOS_V2/cmsis_os2.o
                0x0000000008003920                osKernelStart
 .text.osThreadNew
                0x0000000008003988      0x154 ./Middlewares/Third_Party/FreeRTOS/Source/CMSIS_RTOS_V2/cmsis_os2.o
                0x0000000008003988                osThreadNew
 .text.osDelay  0x0000000008003adc       0x5c ./Middlewares/Third_Party/FreeRTOS/Source/CMSIS_RTOS_V2/cmsis_os2.o
                0x0000000008003adc                osDelay
 .text.vApplicationGetIdleTaskMemory
                0x0000000008003b38       0x30 ./Middlewares/Third_Party/FreeRTOS/Source/CMSIS_RTOS_V2/cmsis_os2.o
                0x0000000008003b38                vApplicationGetIdleTaskMemory
 .text.vApplicationGetTimerTaskMemory
                0x0000000008003b68       0x34 ./Middlewares/Third_Party/FreeRTOS/Source/CMSIS_RTOS_V2/cmsis_os2.o
                0x0000000008003b68                vApplicationGetTimerTaskMemory
 .text.vListInitialise
                0x0000000008003b9c       0x3e ./Middlewares/Third_Party/FreeRTOS/Source/list.o
                0x0000000008003b9c                vListInitialise
 .text.vListInitialiseItem
                0x0000000008003bda       0x18 ./Middlewares/Third_Party/FreeRTOS/Source/list.o
                0x0000000008003bda                vListInitialiseItem
 .text.vListInsertEnd
                0x0000000008003bf2       0x46 ./Middlewares/Third_Party/FreeRTOS/Source/list.o
                0x0000000008003bf2                vListInsertEnd
 .text.vListInsert
                0x0000000008003c38       0x70 ./Middlewares/Third_Party/FreeRTOS/Source/list.o
                0x0000000008003c38                vListInsert
 .text.uxListRemove
                0x0000000008003ca8       0x52 ./Middlewares/Third_Party/FreeRTOS/Source/list.o
                0x0000000008003ca8                uxListRemove
 *fill*         0x0000000008003cfa        0x2 
 .text.xQueueGenericReset
                0x0000000008003cfc       0xd0 ./Middlewares/Third_Party/FreeRTOS/Source/queue.o
                0x0000000008003cfc                xQueueGenericReset
 .text.xQueueGenericCreateStatic
                0x0000000008003dcc       0xee ./Middlewares/Third_Party/FreeRTOS/Source/queue.o
                0x0000000008003dcc                xQueueGenericCreateStatic
 .text.prvInitialiseNewQueue
                0x0000000008003eba       0x46 ./Middlewares/Third_Party/FreeRTOS/Source/queue.o
 .text.xQueueGenericSend
                0x0000000008003f00      0x1fc ./Middlewares/Third_Party/FreeRTOS/Source/queue.o
                0x0000000008003f00                xQueueGenericSend
 .text.xQueueGenericSendFromISR
                0x00000000080040fc      0x130 ./Middlewares/Third_Party/FreeRTOS/Source/queue.o
                0x00000000080040fc                xQueueGenericSendFromISR
 .text.xQueueReceive
                0x000000000800422c      0x1c0 ./Middlewares/Third_Party/FreeRTOS/Source/queue.o
                0x000000000800422c                xQueueReceive
 .text.prvCopyDataToQueue
                0x00000000080043ec       0xd4 ./Middlewares/Third_Party/FreeRTOS/Source/queue.o
 .text.prvCopyDataFromQueue
                0x00000000080044c0       0x4c ./Middlewares/Third_Party/FreeRTOS/Source/queue.o
 .text.prvUnlockQueue
                0x000000000800450c       0xa4 ./Middlewares/Third_Party/FreeRTOS/Source/queue.o
 .text.prvIsQueueEmpty
                0x00000000080045b0       0x2c ./Middlewares/Third_Party/FreeRTOS/Source/queue.o
 .text.prvIsQueueFull
                0x00000000080045dc       0x30 ./Middlewares/Third_Party/FreeRTOS/Source/queue.o
 .text.vQueueAddToRegistry
                0x000000000800460c       0x50 ./Middlewares/Third_Party/FreeRTOS/Source/queue.o
                0x000000000800460c                vQueueAddToRegistry
 .text.vQueueWaitForMessageRestricted
                0x000000000800465c       0x68 ./Middlewares/Third_Party/FreeRTOS/Source/queue.o
                0x000000000800465c                vQueueWaitForMessageRestricted
 .text.xTaskCreateStatic
                0x00000000080046c4       0xb8 ./Middlewares/Third_Party/FreeRTOS/Source/tasks.o
                0x00000000080046c4                xTaskCreateStatic
 .text.xTaskCreate
                0x000000000800477c       0x8a ./Middlewares/Third_Party/FreeRTOS/Source/tasks.o
                0x000000000800477c                xTaskCreate
 .text.prvInitialiseNewTask
                0x0000000008004806      0x10e ./Middlewares/Third_Party/FreeRTOS/Source/tasks.o
 .text.prvAddNewTaskToReadyList
                0x0000000008004914       0xe0 ./Middlewares/Third_Party/FreeRTOS/Source/tasks.o
 .text.vTaskDelay
                0x00000000080049f4       0x68 ./Middlewares/Third_Party/FreeRTOS/Source/tasks.o
                0x00000000080049f4                vTaskDelay
 .text.vTaskStartScheduler
                0x0000000008004a5c       0xcc ./Middlewares/Third_Party/FreeRTOS/Source/tasks.o
                0x0000000008004a5c                vTaskStartScheduler
 .text.vTaskSuspendAll
                0x0000000008004b28       0x1c ./Middlewares/Third_Party/FreeRTOS/Source/tasks.o
                0x0000000008004b28                vTaskSuspendAll
 .text.xTaskResumeAll
                0x0000000008004b44      0x13c ./Middlewares/Third_Party/FreeRTOS/Source/tasks.o
                0x0000000008004b44                xTaskResumeAll
 .text.xTaskGetTickCount
                0x0000000008004c80       0x1c ./Middlewares/Third_Party/FreeRTOS/Source/tasks.o
                0x0000000008004c80                xTaskGetTickCount
 .text.xTaskIncrementTick
                0x0000000008004c9c      0x17c ./Middlewares/Third_Party/FreeRTOS/Source/tasks.o
                0x0000000008004c9c                xTaskIncrementTick
 .text.vTaskSwitchContext
                0x0000000008004e18       0xb8 ./Middlewares/Third_Party/FreeRTOS/Source/tasks.o
                0x0000000008004e18                vTaskSwitchContext
 .text.vTaskPlaceOnEventList
                0x0000000008004ed0       0x48 ./Middlewares/Third_Party/FreeRTOS/Source/tasks.o
                0x0000000008004ed0                vTaskPlaceOnEventList
 .text.vTaskPlaceOnEventListRestricted
                0x0000000008004f18       0x58 ./Middlewares/Third_Party/FreeRTOS/Source/tasks.o
                0x0000000008004f18                vTaskPlaceOnEventListRestricted
 .text.xTaskRemoveFromEventList
                0x0000000008004f70       0xc8 ./Middlewares/Third_Party/FreeRTOS/Source/tasks.o
                0x0000000008004f70                xTaskRemoveFromEventList
 .text.vTaskInternalSetTimeOutState
                0x0000000008005038       0x2c ./Middlewares/Third_Party/FreeRTOS/Source/tasks.o
                0x0000000008005038                vTaskInternalSetTimeOutState
 .text.xTaskCheckForTimeOut
                0x0000000008005064       0xc4 ./Middlewares/Third_Party/FreeRTOS/Source/tasks.o
                0x0000000008005064                xTaskCheckForTimeOut
 .text.vTaskMissedYield
                0x0000000008005128       0x18 ./Middlewares/Third_Party/FreeRTOS/Source/tasks.o
                0x0000000008005128                vTaskMissedYield
 .text.prvIdleTask
                0x0000000008005140       0x30 ./Middlewares/Third_Party/FreeRTOS/Source/tasks.o
 .text.prvInitialiseTaskLists
                0x0000000008005170       0x80 ./Middlewares/Third_Party/FreeRTOS/Source/tasks.o
 .text.prvCheckTasksWaitingTermination
                0x00000000080051f0       0x5c ./Middlewares/Third_Party/FreeRTOS/Source/tasks.o
 .text.prvDeleteTCB
                0x000000000800524c       0x5e ./Middlewares/Third_Party/FreeRTOS/Source/tasks.o
 *fill*         0x00000000080052aa        0x2 
 .text.prvResetNextTaskUnblockTime
                0x00000000080052ac       0x48 ./Middlewares/Third_Party/FreeRTOS/Source/tasks.o
 .text.xTaskGetSchedulerState
                0x00000000080052f4       0x3c ./Middlewares/Third_Party/FreeRTOS/Source/tasks.o
                0x00000000080052f4                xTaskGetSchedulerState
 .text.xTaskPriorityDisinherit
                0x0000000008005330       0xdc ./Middlewares/Third_Party/FreeRTOS/Source/tasks.o
                0x0000000008005330                xTaskPriorityDisinherit
 .text.prvAddCurrentTaskToDelayedList
                0x000000000800540c       0xa8 ./Middlewares/Third_Party/FreeRTOS/Source/tasks.o
 .text.xTimerCreateTimerTask
                0x00000000080054b4       0x90 ./Middlewares/Third_Party/FreeRTOS/Source/timers.o
                0x00000000080054b4                xTimerCreateTimerTask
 .text.xTimerGenericCommand
                0x0000000008005544       0x9c ./Middlewares/Third_Party/FreeRTOS/Source/timers.o
                0x0000000008005544                xTimerGenericCommand
 .text.prvProcessExpiredTimer
                0x00000000080055e0       0x80 ./Middlewares/Third_Party/FreeRTOS/Source/timers.o
 .text.prvTimerTask
                0x0000000008005660       0x24 ./Middlewares/Third_Party/FreeRTOS/Source/timers.o
 .text.prvProcessTimerOrBlockTask
                0x0000000008005684       0x9c ./Middlewares/Third_Party/FreeRTOS/Source/timers.o
 .text.prvGetNextExpireTime
                0x0000000008005720       0x48 ./Middlewares/Third_Party/FreeRTOS/Source/timers.o
 .text.prvSampleTimeNow
                0x0000000008005768       0x40 ./Middlewares/Third_Party/FreeRTOS/Source/timers.o
 .text.prvInsertTimerInActiveList
                0x00000000080057a8       0x84 ./Middlewares/Third_Party/FreeRTOS/Source/timers.o
 .text.prvProcessReceivedCommands
                0x000000000800582c      0x168 ./Middlewares/Third_Party/FreeRTOS/Source/timers.o
 .text.prvSwitchTimerLists
                0x0000000008005994       0xc4 ./Middlewares/Third_Party/FreeRTOS/Source/timers.o
 .text.prvCheckForValidListAndQueue
                0x0000000008005a58       0x80 ./Middlewares/Third_Party/FreeRTOS/Source/timers.o
 .text.pxPortInitialiseStack
                0x0000000008005ad8       0x58 ./Middlewares/Third_Party/FreeRTOS/Source/portable/GCC/ARM_CM3/port.o
                0x0000000008005ad8                pxPortInitialiseStack
 .text.prvTaskExitError
                0x0000000008005b30       0x58 ./Middlewares/Third_Party/FreeRTOS/Source/portable/GCC/ARM_CM3/port.o
 *fill*         0x0000000008005b88        0x8 
 .text.SVC_Handler
                0x0000000008005b90       0x28 ./Middlewares/Third_Party/FreeRTOS/Source/portable/GCC/ARM_CM3/port.o
                0x0000000008005b90                SVC_Handler
 .text.prvPortStartFirstTask
                0x0000000008005bb8       0x20 ./Middlewares/Third_Party/FreeRTOS/Source/portable/GCC/ARM_CM3/port.o
 .text.xPortStartScheduler
                0x0000000008005bd8       0xe4 ./Middlewares/Third_Party/FreeRTOS/Source/portable/GCC/ARM_CM3/port.o
                0x0000000008005bd8                xPortStartScheduler
 .text.vPortEnterCritical
                0x0000000008005cbc       0x60 ./Middlewares/Third_Party/FreeRTOS/Source/portable/GCC/ARM_CM3/port.o
                0x0000000008005cbc                vPortEnterCritical
 .text.vPortExitCritical
                0x0000000008005d1c       0x50 ./Middlewares/Third_Party/FreeRTOS/Source/portable/GCC/ARM_CM3/port.o
                0x0000000008005d1c                vPortExitCritical
 *fill*         0x0000000008005d6c        0x4 
 .text.PendSV_Handler
                0x0000000008005d70       0x48 ./Middlewares/Third_Party/FreeRTOS/Source/portable/GCC/ARM_CM3/port.o
                0x0000000008005d70                PendSV_Handler
 .text.SysTick_Handler
                0x0000000008005db8       0x44 ./Middlewares/Third_Party/FreeRTOS/Source/portable/GCC/ARM_CM3/port.o
                0x0000000008005db8                SysTick_Handler
 .text.vPortSetupTimerInterrupt
                0x0000000008005dfc       0x44 ./Middlewares/Third_Party/FreeRTOS/Source/portable/GCC/ARM_CM3/port.o
                0x0000000008005dfc                vPortSetupTimerInterrupt
 .text.vPortValidateInterruptPriority
                0x0000000008005e40       0x7c ./Middlewares/Third_Party/FreeRTOS/Source/portable/GCC/ARM_CM3/port.o
                0x0000000008005e40                vPortValidateInterruptPriority
 .text.pvPortMalloc
                0x0000000008005ebc      0x188 ./Middlewares/Third_Party/FreeRTOS/Source/portable/MemMang/heap_4.o
                0x0000000008005ebc                pvPortMalloc
 .text.vPortFree
                0x0000000008006044       0xb4 ./Middlewares/Third_Party/FreeRTOS/Source/portable/MemMang/heap_4.o
                0x0000000008006044                vPortFree
 .text.prvHeapInit
                0x00000000080060f8       0xc4 ./Middlewares/Third_Party/FreeRTOS/Source/portable/MemMang/heap_4.o
 .text.prvInsertBlockIntoFreeList
                0x00000000080061bc       0xb0 ./Middlewares/Third_Party/FreeRTOS/Source/portable/MemMang/heap_4.o
 .text.atoi     0x000000000800626c        0x8 c:/st/stm32cubeide_1.10.1/stm32cubeide/plugins/com.st.stm32cube.ide.mcu.externaltools.gnu-tools-for-stm32.10.3-2021.10.win32_1.0.0.202111181127/tools/bin/../lib/gcc/arm-none-eabi/10.3.1/../../../../arm-none-eabi/lib/thumb/v7-m/nofp\libc_nano.a(lib_a-atoi.o)
                0x000000000800626c                atoi
 .text.__errno  0x0000000008006274        0xc c:/st/stm32cubeide_1.10.1/stm32cubeide/plugins/com.st.stm32cube.ide.mcu.externaltools.gnu-tools-for-stm32.10.3-2021.10.win32_1.0.0.202111181127/tools/bin/../lib/gcc/arm-none-eabi/10.3.1/../../../../arm-none-eabi/lib/thumb/v7-m/nofp\libc_nano.a(lib_a-errno.o)
                0x0000000008006274                __errno
 .text.__libc_init_array
                0x0000000008006280       0x48 c:/st/stm32cubeide_1.10.1/stm32cubeide/plugins/com.st.stm32cube.ide.mcu.externaltools.gnu-tools-for-stm32.10.3-2021.10.win32_1.0.0.202111181127/tools/bin/../lib/gcc/arm-none-eabi/10.3.1/../../../../arm-none-eabi/lib/thumb/v7-m/nofp\libc_nano.a(lib_a-init.o)
                0x0000000008006280                __libc_init_array
 .text.memcpy   0x00000000080062c8       0x1c c:/st/stm32cubeide_1.10.1/stm32cubeide/plugins/com.st.stm32cube.ide.mcu.externaltools.gnu-tools-for-stm32.10.3-2021.10.win32_1.0.0.202111181127/tools/bin/../lib/gcc/arm-none-eabi/10.3.1/../../../../arm-none-eabi/lib/thumb/v7-m/nofp\libc_nano.a(lib_a-memcpy-stub.o)
                0x00000000080062c8                memcpy
 .text.memset   0x00000000080062e4       0x10 c:/st/stm32cubeide_1.10.1/stm32cubeide/plugins/com.st.stm32cube.ide.mcu.externaltools.gnu-tools-for-stm32.10.3-2021.10.win32_1.0.0.202111181127/tools/bin/../lib/gcc/arm-none-eabi/10.3.1/../../../../arm-none-eabi/lib/thumb/v7-m/nofp\libc_nano.a(lib_a-memset.o)
                0x00000000080062e4                memset
 .text._strtol_l.constprop.0
                0x00000000080062f4       0xf8 c:/st/stm32cubeide_1.10.1/stm32cubeide/plugins/com.st.stm32cube.ide.mcu.externaltools.gnu-tools-for-stm32.10.3-2021.10.win32_1.0.0.202111181127/tools/bin/../lib/gcc/arm-none-eabi/10.3.1/../../../../arm-none-eabi/lib/thumb/v7-m/nofp\libc_nano.a(lib_a-strtol.o)
 .text.strtol   0x00000000080063ec       0x14 c:/st/stm32cubeide_1.10.1/stm32cubeide/plugins/com.st.stm32cube.ide.mcu.externaltools.gnu-tools-for-stm32.10.3-2021.10.win32_1.0.0.202111181127/tools/bin/../lib/gcc/arm-none-eabi/10.3.1/../../../../arm-none-eabi/lib/thumb/v7-m/nofp\libc_nano.a(lib_a-strtol.o)
                0x00000000080063ec                strtol
 *(.glue_7)
 .glue_7        0x0000000008006400        0x0 linker stubs
 *(.glue_7t)
 .glue_7t       0x0000000008006400        0x0 linker stubs
 *(.eh_frame)
 .eh_frame      0x0000000008006400        0x0 c:/st/stm32cubeide_1.10.1/stm32cubeide/plugins/com.st.stm32cube.ide.mcu.externaltools.gnu-tools-for-stm32.10.3-2021.10.win32_1.0.0.202111181127/tools/bin/../lib/gcc/arm-none-eabi/10.3.1/thumb/v7-m/nofp/crtbegin.o
 *(.init)
 .init          0x0000000008006400        0x4 c:/st/stm32cubeide_1.10.1/stm32cubeide/plugins/com.st.stm32cube.ide.mcu.externaltools.gnu-tools-for-stm32.10.3-2021.10.win32_1.0.0.202111181127/tools/bin/../lib/gcc/arm-none-eabi/10.3.1/thumb/v7-m/nofp/crti.o
                0x0000000008006400                _init
 .init          0x0000000008006404        0x8 c:/st/stm32cubeide_1.10.1/stm32cubeide/plugins/com.st.stm32cube.ide.mcu.externaltools.gnu-tools-for-stm32.10.3-2021.10.win32_1.0.0.202111181127/tools/bin/../lib/gcc/arm-none-eabi/10.3.1/thumb/v7-m/nofp/crtn.o
 *(.fini)
 .fini          0x000000000800640c        0x4 c:/st/stm32cubeide_1.10.1/stm32cubeide/plugins/com.st.stm32cube.ide.mcu.externaltools.gnu-tools-for-stm32.10.3-2021.10.win32_1.0.0.202111181127/tools/bin/../lib/gcc/arm-none-eabi/10.3.1/thumb/v7-m/nofp/crti.o
                0x000000000800640c                _fini
 .fini          0x0000000008006410        0x8 c:/st/stm32cubeide_1.10.1/stm32cubeide/plugins/com.st.stm32cube.ide.mcu.externaltools.gnu-tools-for-stm32.10.3-2021.10.win32_1.0.0.202111181127/tools/bin/../lib/gcc/arm-none-eabi/10.3.1/thumb/v7-m/nofp/crtn.o
                0x0000000008006418                . = ALIGN (0x4)
                0x0000000008006418                _etext = .

.vfp11_veneer   0x0000000008006418        0x0
 .vfp11_veneer  0x0000000008006418        0x0 linker stubs

.v4_bx          0x0000000008006418        0x0
 .v4_bx         0x0000000008006418        0x0 linker stubs

.iplt           0x0000000008006418        0x0
 .iplt          0x0000000008006418        0x0 c:/st/stm32cubeide_1.10.1/stm32cubeide/plugins/com.st.stm32cube.ide.mcu.externaltools.gnu-tools-for-stm32.10.3-2021.10.win32_1.0.0.202111181127/tools/bin/../lib/gcc/arm-none-eabi/10.3.1/thumb/v7-m/nofp/crtbegin.o

.rodata         0x0000000008006418      0x19c
                0x0000000008006418                . = ALIGN (0x4)
 *(.rodata)
 .rodata        0x0000000008006418        0xf ./Core/Src/main.o
 *fill*         0x0000000008006427        0x1 
 .rodata        0x0000000008006428        0x5 ./Middlewares/Third_Party/FreeRTOS/Source/tasks.o
 *fill*         0x000000000800642d        0x3 
 .rodata        0x0000000008006430        0xd ./Middlewares/Third_Party/FreeRTOS/Source/timers.o
 *(.rodata*)
 *fill*         0x000000000800643d        0x3 
 .rodata.Task_1_attributes
                0x0000000008006440       0x24 ./Core/Src/main.o
                0x0000000008006440                Task_1_attributes
 .rodata.Task_2_attributes
                0x0000000008006464       0x24 ./Core/Src/main.o
                0x0000000008006464                Task_2_attributes
 .rodata.AHBPrescTable
                0x0000000008006488       0x10 ./Core/Src/system_stm32f1xx.o
                0x0000000008006488                AHBPrescTable
 .rodata.APBPrescTable
                0x0000000008006498        0x8 ./Core/Src/system_stm32f1xx.o
                0x0000000008006498                APBPrescTable
 .rodata.aPLLMULFactorTable.1
                0x00000000080064a0       0x10 ./Drivers/STM32F1xx_HAL_Driver/Src/stm32f1xx_hal_rcc.o
 .rodata.aPredivFactorTable.0
                0x00000000080064b0        0x2 ./Drivers/STM32F1xx_HAL_Driver/Src/stm32f1xx_hal_rcc.o
 .rodata._ctype_
                0x00000000080064b2      0x101 c:/st/stm32cubeide_1.10.1/stm32cubeide/plugins/com.st.stm32cube.ide.mcu.externaltools.gnu-tools-for-stm32.10.3-2021.10.win32_1.0.0.202111181127/tools/bin/../lib/gcc/arm-none-eabi/10.3.1/../../../../arm-none-eabi/lib/thumb/v7-m/nofp\libc_nano.a(lib_a-ctype_.o)
                0x00000000080064b2                _ctype_
                0x00000000080065b4                . = ALIGN (0x4)
 *fill*         0x00000000080065b3        0x1 

.rel.dyn        0x00000000080065b4        0x0
 .rel.iplt      0x00000000080065b4        0x0 c:/st/stm32cubeide_1.10.1/stm32cubeide/plugins/com.st.stm32cube.ide.mcu.externaltools.gnu-tools-for-stm32.10.3-2021.10.win32_1.0.0.202111181127/tools/bin/../lib/gcc/arm-none-eabi/10.3.1/thumb/v7-m/nofp/crtbegin.o

.ARM.extab      0x00000000080065b4        0x0
                0x00000000080065b4                . = ALIGN (0x4)
 *(.ARM.extab* .gnu.linkonce.armextab.*)
                0x00000000080065b4                . = ALIGN (0x4)

.ARM            0x00000000080065b4        0x0
                0x00000000080065b4                . = ALIGN (0x4)
                0x00000000080065b4                __exidx_start = .
 *(.ARM.exidx*)
                0x00000000080065b4                __exidx_end = .
                0x00000000080065b4                . = ALIGN (0x4)

.preinit_array  0x00000000080065b4        0x0
                0x00000000080065b4                . = ALIGN (0x4)
                0x00000000080065b4                PROVIDE (__preinit_array_start = .)
 *(.preinit_array*)
                0x00000000080065b4                PROVIDE (__preinit_array_end = .)
                0x00000000080065b4                . = ALIGN (0x4)

.init_array     0x00000000080065b4        0x4
                0x00000000080065b4                . = ALIGN (0x4)
                0x00000000080065b4                PROVIDE (__init_array_start = .)
 *(SORT_BY_NAME(.init_array.*))
 *(.init_array*)
 .init_array    0x00000000080065b4        0x4 c:/st/stm32cubeide_1.10.1/stm32cubeide/plugins/com.st.stm32cube.ide.mcu.externaltools.gnu-tools-for-stm32.10.3-2021.10.win32_1.0.0.202111181127/tools/bin/../lib/gcc/arm-none-eabi/10.3.1/thumb/v7-m/nofp/crtbegin.o
                0x00000000080065b8                PROVIDE (__init_array_end = .)
                0x00000000080065b8                . = ALIGN (0x4)

.fini_array     0x00000000080065b8        0x4
                0x00000000080065b8                . = ALIGN (0x4)
                [!provide]                        PROVIDE (__fini_array_start = .)
 *(SORT_BY_NAME(.fini_array.*))
 *(.fini_array*)
 .fini_array    0x00000000080065b8        0x4 c:/st/stm32cubeide_1.10.1/stm32cubeide/plugins/com.st.stm32cube.ide.mcu.externaltools.gnu-tools-for-stm32.10.3-2021.10.win32_1.0.0.202111181127/tools/bin/../lib/gcc/arm-none-eabi/10.3.1/thumb/v7-m/nofp/crtbegin.o
                [!provide]                        PROVIDE (__fini_array_end = .)
                0x00000000080065bc                . = ALIGN (0x4)
                0x00000000080065bc                _sidata = LOADADDR (.data)

.data           0x0000000020000000       0x84 load address 0x00000000080065bc
                0x0000000020000000                . = ALIGN (0x4)
                0x0000000020000000                _sdata = .
 *(.data)
 *(.data*)
 .data.NRF_RxAddress
                0x0000000020000000        0x5 ./Core/Src/main.o
                0x0000000020000000                NRF_RxAddress
 *fill*         0x0000000020000005        0x1 
 .data.centerValue
                0x0000000020000006        0x2 ./Core/Src/main.o
                0x0000000020000006                centerValue
 .data.maxMotorSpeed
                0x0000000020000008        0x2 ./Core/Src/main.o
                0x0000000020000008                maxMotorSpeed
 .data.minMotorSpeed
                0x000000002000000a        0x2 ./Core/Src/main.o
                0x000000002000000a                minMotorSpeed
 .data.someThreshold
                0x000000002000000c        0x1 ./Core/Src/main.o
                0x000000002000000c                someThreshold
 .data.someMaxError
                0x000000002000000d        0x1 ./Core/Src/main.o
                0x000000002000000d                someMaxError
 *fill*         0x000000002000000e        0x2 
 .data.SystemCoreClock
                0x0000000020000010        0x4 ./Core/Src/system_stm32f1xx.o
                0x0000000020000010                SystemCoreClock
 .data.uwTickPrio
                0x0000000020000014        0x4 ./Drivers/STM32F1xx_HAL_Driver/Src/stm32f1xx_hal.o
                0x0000000020000014                uwTickPrio
 .data.uwTickFreq
                0x0000000020000018        0x1 ./Drivers/STM32F1xx_HAL_Driver/Src/stm32f1xx_hal.o
                0x0000000020000018                uwTickFreq
 *fill*         0x0000000020000019        0x3 
 .data.uxCriticalNesting
                0x000000002000001c        0x4 ./Middlewares/Third_Party/FreeRTOS/Source/portable/GCC/ARM_CM3/port.o
 .data._impure_ptr
                0x0000000020000020        0x4 c:/st/stm32cubeide_1.10.1/stm32cubeide/plugins/com.st.stm32cube.ide.mcu.externaltools.gnu-tools-for-stm32.10.3-2021.10.win32_1.0.0.202111181127/tools/bin/../lib/gcc/arm-none-eabi/10.3.1/../../../../arm-none-eabi/lib/thumb/v7-m/nofp\libc_nano.a(lib_a-impure.o)
                0x0000000020000020                _impure_ptr
 .data.impure_data
                0x0000000020000024       0x60 c:/st/stm32cubeide_1.10.1/stm32cubeide/plugins/com.st.stm32cube.ide.mcu.externaltools.gnu-tools-for-stm32.10.3-2021.10.win32_1.0.0.202111181127/tools/bin/../lib/gcc/arm-none-eabi/10.3.1/../../../../arm-none-eabi/lib/thumb/v7-m/nofp\libc_nano.a(lib_a-impure.o)
 *(.RamFunc)
 *(.RamFunc*)
                0x0000000020000084                . = ALIGN (0x4)
                0x0000000020000084                _edata = .

.igot.plt       0x0000000020000084        0x0 load address 0x0000000008006640
 .igot.plt      0x0000000020000084        0x0 c:/st/stm32cubeide_1.10.1/stm32cubeide/plugins/com.st.stm32cube.ide.mcu.externaltools.gnu-tools-for-stm32.10.3-2021.10.win32_1.0.0.202111181127/tools/bin/../lib/gcc/arm-none-eabi/10.3.1/thumb/v7-m/nofp/crtbegin.o
                0x0000000020000084                . = ALIGN (0x4)

.bss            0x0000000020000084     0x1ac0 load address 0x0000000008006640
                0x0000000020000084                _sbss = .
                0x0000000020000084                __bss_start__ = _sbss
 *(.bss)
 .bss           0x0000000020000084       0x1c c:/st/stm32cubeide_1.10.1/stm32cubeide/plugins/com.st.stm32cube.ide.mcu.externaltools.gnu-tools-for-stm32.10.3-2021.10.win32_1.0.0.202111181127/tools/bin/../lib/gcc/arm-none-eabi/10.3.1/thumb/v7-m/nofp/crtbegin.o
 *(.bss*)
 .bss.ADC_Read_speed
                0x00000000200000a0        0x4 ./Core/Src/main.o
                0x00000000200000a0                ADC_Read_speed
 .bss.Left_motor_speed
                0x00000000200000a4        0x4 ./Core/Src/main.o
                0x00000000200000a4                Left_motor_speed
 .bss.ADC_Read_Direction
                0x00000000200000a8        0x4 ./Core/Src/main.o
                0x00000000200000a8                ADC_Read_Direction
 .bss.Right_motor_speed
                0x00000000200000ac        0x4 ./Core/Src/main.o
                0x00000000200000ac                Right_motor_speed
 .bss.NRF_RxData
                0x00000000200000b0        0x1 ./Core/Src/main.o
                0x00000000200000b0                NRF_RxData
 *fill*         0x00000000200000b1        0x3 
 .bss.rxBuffer  0x00000000200000b4        0x4 ./Core/Src/main.o
                0x00000000200000b4                rxBuffer
 .bss.bufferIndex
                0x00000000200000b8        0x1 ./Core/Src/main.o
                0x00000000200000b8                bufferIndex
 .bss.receivedByte
                0x00000000200000b9        0x1 ./Core/Src/main.o
                0x00000000200000b9                receivedByte
 *fill*         0x00000000200000ba        0x2 
 .bss.receivedNumber
                0x00000000200000bc        0x4 ./Core/Src/main.o
                0x00000000200000bc                receivedNumber
 .bss.hspi1     0x00000000200000c0       0x58 ./Core/Src/main.o
                0x00000000200000c0                hspi1
 .bss.htim3     0x0000000020000118       0x48 ./Core/Src/main.o
                0x0000000020000118                htim3
 .bss.huart1    0x0000000020000160       0x48 ./Core/Src/main.o
                0x0000000020000160                huart1
 .bss.Task_1Handle
                0x00000000200001a8        0x4 ./Core/Src/main.o
                0x00000000200001a8                Task_1Handle
 .bss.Task_2Handle
                0x00000000200001ac        0x4 ./Core/Src/main.o
                0x00000000200001ac                Task_2Handle
 .bss.htim2     0x00000000200001b0       0x48 ./Core/Src/stm32f1xx_hal_timebase_tim.o
                0x00000000200001b0                htim2
 .bss.uwTick    0x00000000200001f8        0x4 ./Drivers/STM32F1xx_HAL_Driver/Src/stm32f1xx_hal.o
                0x00000000200001f8                uwTick
 .bss.KernelState
                0x00000000200001fc        0x4 ./Middlewares/Third_Party/FreeRTOS/Source/CMSIS_RTOS_V2/cmsis_os2.o
 .bss.Idle_TCB  0x0000000020000200       0x5c ./Middlewares/Third_Party/FreeRTOS/Source/CMSIS_RTOS_V2/cmsis_os2.o
 .bss.Idle_Stack
                0x000000002000025c      0x200 ./Middlewares/Third_Party/FreeRTOS/Source/CMSIS_RTOS_V2/cmsis_os2.o
 .bss.Timer_TCB
                0x000000002000045c       0x5c ./Middlewares/Third_Party/FreeRTOS/Source/CMSIS_RTOS_V2/cmsis_os2.o
 .bss.Timer_Stack
                0x00000000200004b8      0x400 ./Middlewares/Third_Party/FreeRTOS/Source/CMSIS_RTOS_V2/cmsis_os2.o
 .bss.xQueueRegistry
                0x00000000200008b8       0x40 ./Middlewares/Third_Party/FreeRTOS/Source/queue.o
                0x00000000200008b8                xQueueRegistry
 .bss.pxCurrentTCB
                0x00000000200008f8        0x4 ./Middlewares/Third_Party/FreeRTOS/Source/tasks.o
                0x00000000200008f8                pxCurrentTCB
 .bss.pxReadyTasksLists
                0x00000000200008fc      0x460 ./Middlewares/Third_Party/FreeRTOS/Source/tasks.o
 .bss.xDelayedTaskList1
                0x0000000020000d5c       0x14 ./Middlewares/Third_Party/FreeRTOS/Source/tasks.o
 .bss.xDelayedTaskList2
                0x0000000020000d70       0x14 ./Middlewares/Third_Party/FreeRTOS/Source/tasks.o
 .bss.pxDelayedTaskList
                0x0000000020000d84        0x4 ./Middlewares/Third_Party/FreeRTOS/Source/tasks.o
 .bss.pxOverflowDelayedTaskList
                0x0000000020000d88        0x4 ./Middlewares/Third_Party/FreeRTOS/Source/tasks.o
 .bss.xPendingReadyList
                0x0000000020000d8c       0x14 ./Middlewares/Third_Party/FreeRTOS/Source/tasks.o
 .bss.xTasksWaitingTermination
                0x0000000020000da0       0x14 ./Middlewares/Third_Party/FreeRTOS/Source/tasks.o
 .bss.uxDeletedTasksWaitingCleanUp
                0x0000000020000db4        0x4 ./Middlewares/Third_Party/FreeRTOS/Source/tasks.o
 .bss.xSuspendedTaskList
                0x0000000020000db8       0x14 ./Middlewares/Third_Party/FreeRTOS/Source/tasks.o
 .bss.uxCurrentNumberOfTasks
                0x0000000020000dcc        0x4 ./Middlewares/Third_Party/FreeRTOS/Source/tasks.o
 .bss.xTickCount
                0x0000000020000dd0        0x4 ./Middlewares/Third_Party/FreeRTOS/Source/tasks.o
 .bss.uxTopReadyPriority
                0x0000000020000dd4        0x4 ./Middlewares/Third_Party/FreeRTOS/Source/tasks.o
 .bss.xSchedulerRunning
                0x0000000020000dd8        0x4 ./Middlewares/Third_Party/FreeRTOS/Source/tasks.o
 .bss.uxPendedTicks
                0x0000000020000ddc        0x4 ./Middlewares/Third_Party/FreeRTOS/Source/tasks.o
 .bss.xYieldPending
                0x0000000020000de0        0x4 ./Middlewares/Third_Party/FreeRTOS/Source/tasks.o
 .bss.xNumOfOverflows
                0x0000000020000de4        0x4 ./Middlewares/Third_Party/FreeRTOS/Source/tasks.o
 .bss.uxTaskNumber
                0x0000000020000de8        0x4 ./Middlewares/Third_Party/FreeRTOS/Source/tasks.o
 .bss.xNextTaskUnblockTime
                0x0000000020000dec        0x4 ./Middlewares/Third_Party/FreeRTOS/Source/tasks.o
 .bss.xIdleTaskHandle
                0x0000000020000df0        0x4 ./Middlewares/Third_Party/FreeRTOS/Source/tasks.o
 .bss.uxSchedulerSuspended
                0x0000000020000df4        0x4 ./Middlewares/Third_Party/FreeRTOS/Source/tasks.o
 .bss.xActiveTimerList1
                0x0000000020000df8       0x14 ./Middlewares/Third_Party/FreeRTOS/Source/timers.o
 .bss.xActiveTimerList2
                0x0000000020000e0c       0x14 ./Middlewares/Third_Party/FreeRTOS/Source/timers.o
 .bss.pxCurrentTimerList
                0x0000000020000e20        0x4 ./Middlewares/Third_Party/FreeRTOS/Source/timers.o
 .bss.pxOverflowTimerList
                0x0000000020000e24        0x4 ./Middlewares/Third_Party/FreeRTOS/Source/timers.o
 .bss.xTimerQueue
                0x0000000020000e28        0x4 ./Middlewares/Third_Party/FreeRTOS/Source/timers.o
 .bss.xTimerTaskHandle
                0x0000000020000e2c        0x4 ./Middlewares/Third_Party/FreeRTOS/Source/timers.o
 .bss.xLastTime.2
                0x0000000020000e30        0x4 ./Middlewares/Third_Party/FreeRTOS/Source/timers.o
 .bss.ucStaticTimerQueueStorage.1
                0x0000000020000e34       0xa0 ./Middlewares/Third_Party/FreeRTOS/Source/timers.o
 .bss.xStaticTimerQueue.0
                0x0000000020000ed4       0x50 ./Middlewares/Third_Party/FreeRTOS/Source/timers.o
 .bss.ucMaxSysCallPriority
                0x0000000020000f24        0x1 ./Middlewares/Third_Party/FreeRTOS/Source/portable/GCC/ARM_CM3/port.o
 *fill*         0x0000000020000f25        0x3 
 .bss.ulMaxPRIGROUPValue
                0x0000000020000f28        0x4 ./Middlewares/Third_Party/FreeRTOS/Source/portable/GCC/ARM_CM3/port.o
 .bss.ucHeap    0x0000000020000f2c      0xc00 ./Middlewares/Third_Party/FreeRTOS/Source/portable/MemMang/heap_4.o
 .bss.xStart    0x0000000020001b2c        0x8 ./Middlewares/Third_Party/FreeRTOS/Source/portable/MemMang/heap_4.o
 .bss.pxEnd     0x0000000020001b34        0x4 ./Middlewares/Third_Party/FreeRTOS/Source/portable/MemMang/heap_4.o
 .bss.xFreeBytesRemaining
                0x0000000020001b38        0x4 ./Middlewares/Third_Party/FreeRTOS/Source/portable/MemMang/heap_4.o
 .bss.xMinimumEverFreeBytesRemaining
                0x0000000020001b3c        0x4 ./Middlewares/Third_Party/FreeRTOS/Source/portable/MemMang/heap_4.o
 .bss.xBlockAllocatedBit
                0x0000000020001b40        0x4 ./Middlewares/Third_Party/FreeRTOS/Source/portable/MemMang/heap_4.o
 *(COMMON)
                0x0000000020001b44                . = ALIGN (0x4)
                0x0000000020001b44                _ebss = .
                0x0000000020001b44                __bss_end__ = _ebss

._user_heap_stack
                0x0000000020001b44      0x604 load address 0x0000000008006640
                0x0000000020001b48                . = ALIGN (0x8)
 *fill*         0x0000000020001b44        0x4 
                [!provide]                        PROVIDE (end = .)
                0x0000000020001b48                PROVIDE (_end = .)
                0x0000000020001d48                . = (. + _Min_Heap_Size)
 *fill*         0x0000000020001b48      0x200 
                0x0000000020002148                . = (. + _Min_Stack_Size)
 *fill*         0x0000000020001d48      0x400 
                0x0000000020002148                . = ALIGN (0x8)

/DISCARD/
 libc.a(*)
 libm.a(*)
 libgcc.a(*)

.ARM.attributes
                0x0000000000000000       0x29
 *(.ARM.attributes)
 .ARM.attributes
                0x0000000000000000       0x1d c:/st/stm32cubeide_1.10.1/stm32cubeide/plugins/com.st.stm32cube.ide.mcu.externaltools.gnu-tools-for-stm32.10.3-2021.10.win32_1.0.0.202111181127/tools/bin/../lib/gcc/arm-none-eabi/10.3.1/thumb/v7-m/nofp/crti.o
 .ARM.attributes
                0x000000000000001d       0x2d c:/st/stm32cubeide_1.10.1/stm32cubeide/plugins/com.st.stm32cube.ide.mcu.externaltools.gnu-tools-for-stm32.10.3-2021.10.win32_1.0.0.202111181127/tools/bin/../lib/gcc/arm-none-eabi/10.3.1/thumb/v7-m/nofp/crtbegin.o
 .ARM.attributes
                0x000000000000004a       0x2d ./Core/Src/NRF24L01.o
 .ARM.attributes
                0x0000000000000077       0x2d ./Core/Src/main.o
 .ARM.attributes
                0x00000000000000a4       0x2d ./Core/Src/stm32f1xx_hal_msp.o
 .ARM.attributes
                0x00000000000000d1       0x2d ./Core/Src/stm32f1xx_hal_timebase_tim.o
 .ARM.attributes
                0x00000000000000fe       0x2d ./Core/Src/stm32f1xx_it.o
 .ARM.attributes
                0x000000000000012b       0x2d ./Core/Src/system_stm32f1xx.o
 .ARM.attributes
                0x0000000000000158       0x21 ./Core/Startup/startup_stm32f103c6tx.o
 .ARM.attributes
                0x0000000000000179       0x2d ./Drivers/STM32F1xx_HAL_Driver/Src/stm32f1xx_hal.o
 .ARM.attributes
                0x00000000000001a6       0x2d ./Drivers/STM32F1xx_HAL_Driver/Src/stm32f1xx_hal_cortex.o
 .ARM.attributes
                0x00000000000001d3       0x2d ./Drivers/STM32F1xx_HAL_Driver/Src/stm32f1xx_hal_gpio.o
 .ARM.attributes
                0x0000000000000200       0x2d ./Drivers/STM32F1xx_HAL_Driver/Src/stm32f1xx_hal_rcc.o
 .ARM.attributes
                0x000000000000022d       0x2d ./Drivers/STM32F1xx_HAL_Driver/Src/stm32f1xx_hal_spi.o
 .ARM.attributes
                0x000000000000025a       0x2d ./Drivers/STM32F1xx_HAL_Driver/Src/stm32f1xx_hal_tim.o
 .ARM.attributes
                0x0000000000000287       0x2d ./Drivers/STM32F1xx_HAL_Driver/Src/stm32f1xx_hal_tim_ex.o
 .ARM.attributes
                0x00000000000002b4       0x2d ./Drivers/STM32F1xx_HAL_Driver/Src/stm32f1xx_hal_uart.o
 .ARM.attributes
                0x00000000000002e1       0x2d ./Middlewares/Third_Party/FreeRTOS/Source/CMSIS_RTOS_V2/cmsis_os2.o
 .ARM.attributes
                0x000000000000030e       0x2d ./Middlewares/Third_Party/FreeRTOS/Source/list.o
 .ARM.attributes
                0x000000000000033b       0x2d ./Middlewares/Third_Party/FreeRTOS/Source/queue.o
 .ARM.attributes
                0x0000000000000368       0x2d ./Middlewares/Third_Party/FreeRTOS/Source/tasks.o
 .ARM.attributes
                0x0000000000000395       0x2d ./Middlewares/Third_Party/FreeRTOS/Source/timers.o
 .ARM.attributes
                0x00000000000003c2       0x2d ./Middlewares/Third_Party/FreeRTOS/Source/portable/GCC/ARM_CM3/port.o
 .ARM.attributes
                0x00000000000003ef       0x2d ./Middlewares/Third_Party/FreeRTOS/Source/portable/MemMang/heap_4.o
 .ARM.attributes
                0x000000000000041c       0x2d c:/st/stm32cubeide_1.10.1/stm32cubeide/plugins/com.st.stm32cube.ide.mcu.externaltools.gnu-tools-for-stm32.10.3-2021.10.win32_1.0.0.202111181127/tools/bin/../lib/gcc/arm-none-eabi/10.3.1/../../../../arm-none-eabi/lib/thumb/v7-m/nofp\libc_nano.a(lib_a-atoi.o)
 .ARM.attributes
                0x0000000000000449       0x2d c:/st/stm32cubeide_1.10.1/stm32cubeide/plugins/com.st.stm32cube.ide.mcu.externaltools.gnu-tools-for-stm32.10.3-2021.10.win32_1.0.0.202111181127/tools/bin/../lib/gcc/arm-none-eabi/10.3.1/../../../../arm-none-eabi/lib/thumb/v7-m/nofp\libc_nano.a(lib_a-errno.o)
 .ARM.attributes
                0x0000000000000476       0x2d c:/st/stm32cubeide_1.10.1/stm32cubeide/plugins/com.st.stm32cube.ide.mcu.externaltools.gnu-tools-for-stm32.10.3-2021.10.win32_1.0.0.202111181127/tools/bin/../lib/gcc/arm-none-eabi/10.3.1/../../../../arm-none-eabi/lib/thumb/v7-m/nofp\libc_nano.a(lib_a-impure.o)
 .ARM.attributes
                0x00000000000004a3       0x2d c:/st/stm32cubeide_1.10.1/stm32cubeide/plugins/com.st.stm32cube.ide.mcu.externaltools.gnu-tools-for-stm32.10.3-2021.10.win32_1.0.0.202111181127/tools/bin/../lib/gcc/arm-none-eabi/10.3.1/../../../../arm-none-eabi/lib/thumb/v7-m/nofp\libc_nano.a(lib_a-init.o)
 .ARM.attributes
                0x00000000000004d0       0x2d c:/st/stm32cubeide_1.10.1/stm32cubeide/plugins/com.st.stm32cube.ide.mcu.externaltools.gnu-tools-for-stm32.10.3-2021.10.win32_1.0.0.202111181127/tools/bin/../lib/gcc/arm-none-eabi/10.3.1/../../../../arm-none-eabi/lib/thumb/v7-m/nofp\libc_nano.a(lib_a-memcpy-stub.o)
 .ARM.attributes
                0x00000000000004fd       0x2d c:/st/stm32cubeide_1.10.1/stm32cubeide/plugins/com.st.stm32cube.ide.mcu.externaltools.gnu-tools-for-stm32.10.3-2021.10.win32_1.0.0.202111181127/tools/bin/../lib/gcc/arm-none-eabi/10.3.1/../../../../arm-none-eabi/lib/thumb/v7-m/nofp\libc_nano.a(lib_a-memset.o)
 .ARM.attributes
                0x000000000000052a       0x2d c:/st/stm32cubeide_1.10.1/stm32cubeide/plugins/com.st.stm32cube.ide.mcu.externaltools.gnu-tools-for-stm32.10.3-2021.10.win32_1.0.0.202111181127/tools/bin/../lib/gcc/arm-none-eabi/10.3.1/../../../../arm-none-eabi/lib/thumb/v7-m/nofp\libc_nano.a(lib_a-strtol.o)
 .ARM.attributes
                0x0000000000000557       0x2d c:/st/stm32cubeide_1.10.1/stm32cubeide/plugins/com.st.stm32cube.ide.mcu.externaltools.gnu-tools-for-stm32.10.3-2021.10.win32_1.0.0.202111181127/tools/bin/../lib/gcc/arm-none-eabi/10.3.1/../../../../arm-none-eabi/lib/thumb/v7-m/nofp\libc_nano.a(lib_a-ctype_.o)
 .ARM.attributes
                0x0000000000000584       0x1d c:/st/stm32cubeide_1.10.1/stm32cubeide/plugins/com.st.stm32cube.ide.mcu.externaltools.gnu-tools-for-stm32.10.3-2021.10.win32_1.0.0.202111181127/tools/bin/../lib/gcc/arm-none-eabi/10.3.1/thumb/v7-m/nofp/crtn.o
OUTPUT(RTOS.elf elf32-littlearm)
LOAD linker stubs
LOAD c:/st/stm32cubeide_1.10.1/stm32cubeide/plugins/com.st.stm32cube.ide.mcu.externaltools.gnu-tools-for-stm32.10.3-2021.10.win32_1.0.0.202111181127/tools/bin/../lib/gcc/arm-none-eabi/10.3.1/../../../../arm-none-eabi/lib/thumb/v7-m/nofp\libc.a
LOAD c:/st/stm32cubeide_1.10.1/stm32cubeide/plugins/com.st.stm32cube.ide.mcu.externaltools.gnu-tools-for-stm32.10.3-2021.10.win32_1.0.0.202111181127/tools/bin/../lib/gcc/arm-none-eabi/10.3.1/../../../../arm-none-eabi/lib/thumb/v7-m/nofp\libm.a
LOAD c:/st/stm32cubeide_1.10.1/stm32cubeide/plugins/com.st.stm32cube.ide.mcu.externaltools.gnu-tools-for-stm32.10.3-2021.10.win32_1.0.0.202111181127/tools/bin/../lib/gcc/arm-none-eabi/10.3.1/thumb/v7-m/nofp\libgcc.a

.debug_info     0x0000000000000000    0x18b7f
 .debug_info    0x0000000000000000      0xa2e ./Core/Src/NRF24L01.o
 .debug_info    0x0000000000000a2e     0x1933 ./Core/Src/main.o
 .debug_info    0x0000000000002361     0x10e5 ./Core/Src/stm32f1xx_hal_msp.o
 .debug_info    0x0000000000003446      0x9df ./Core/Src/stm32f1xx_hal_timebase_tim.o
 .debug_info    0x0000000000003e25      0x6b7 ./Core/Src/stm32f1xx_it.o
 .debug_info    0x00000000000044dc      0x23d ./Core/Src/system_stm32f1xx.o
 .debug_info    0x0000000000004719       0x22 ./Core/Startup/startup_stm32f103c6tx.o
 .debug_info    0x000000000000473b      0x716 ./Drivers/STM32F1xx_HAL_Driver/Src/stm32f1xx_hal.o
 .debug_info    0x0000000000004e51      0xb02 ./Drivers/STM32F1xx_HAL_Driver/Src/stm32f1xx_hal_cortex.o
 .debug_info    0x0000000000005953      0x615 ./Drivers/STM32F1xx_HAL_Driver/Src/stm32f1xx_hal_gpio.o
 .debug_info    0x0000000000005f68      0x865 ./Drivers/STM32F1xx_HAL_Driver/Src/stm32f1xx_hal_rcc.o
 .debug_info    0x00000000000067cd     0x165d ./Drivers/STM32F1xx_HAL_Driver/Src/stm32f1xx_hal_spi.o
 .debug_info    0x0000000000007e2a     0x2bab ./Drivers/STM32F1xx_HAL_Driver/Src/stm32f1xx_hal_tim.o
 .debug_info    0x000000000000a9d5     0x15c7 ./Drivers/STM32F1xx_HAL_Driver/Src/stm32f1xx_hal_tim_ex.o
 .debug_info    0x000000000000bf9c     0x31b2 ./Drivers/STM32F1xx_HAL_Driver/Src/stm32f1xx_hal_uart.o
 .debug_info    0x000000000000f14e     0x3bef ./Middlewares/Third_Party/FreeRTOS/Source/CMSIS_RTOS_V2/cmsis_os2.o
 .debug_info    0x0000000000012d3d      0x2cb ./Middlewares/Third_Party/FreeRTOS/Source/list.o
 .debug_info    0x0000000000013008     0x1bf9 ./Middlewares/Third_Party/FreeRTOS/Source/queue.o
 .debug_info    0x0000000000014c01     0x224a ./Middlewares/Third_Party/FreeRTOS/Source/tasks.o
 .debug_info    0x0000000000016e4b     0x1495 ./Middlewares/Third_Party/FreeRTOS/Source/timers.o
 .debug_info    0x00000000000182e0      0x4b7 ./Middlewares/Third_Party/FreeRTOS/Source/portable/GCC/ARM_CM3/port.o
 .debug_info    0x0000000000018797      0x3e8 ./Middlewares/Third_Party/FreeRTOS/Source/portable/MemMang/heap_4.o

.debug_abbrev   0x0000000000000000     0x3398
 .debug_abbrev  0x0000000000000000      0x23d ./Core/Src/NRF24L01.o
 .debug_abbrev  0x000000000000023d      0x36a ./Core/Src/main.o
 .debug_abbrev  0x00000000000005a7      0x215 ./Core/Src/stm32f1xx_hal_msp.o
 .debug_abbrev  0x00000000000007bc      0x1e6 ./Core/Src/stm32f1xx_hal_timebase_tim.o
 .debug_abbrev  0x00000000000009a2      0x171 ./Core/Src/stm32f1xx_it.o
 .debug_abbrev  0x0000000000000b13      0x13b ./Core/Src/system_stm32f1xx.o
 .debug_abbrev  0x0000000000000c4e       0x12 ./Core/Startup/startup_stm32f103c6tx.o
 .debug_abbrev  0x0000000000000c60      0x1fb ./Drivers/STM32F1xx_HAL_Driver/Src/stm32f1xx_hal.o
 .debug_abbrev  0x0000000000000e5b      0x2ed ./Drivers/STM32F1xx_HAL_Driver/Src/stm32f1xx_hal_cortex.o
 .debug_abbrev  0x0000000000001148      0x1bb ./Drivers/STM32F1xx_HAL_Driver/Src/stm32f1xx_hal_gpio.o
 .debug_abbrev  0x0000000000001303      0x2a8 ./Drivers/STM32F1xx_HAL_Driver/Src/stm32f1xx_hal_rcc.o
 .debug_abbrev  0x00000000000015ab      0x26e ./Drivers/STM32F1xx_HAL_Driver/Src/stm32f1xx_hal_spi.o
 .debug_abbrev  0x0000000000001819      0x264 ./Drivers/STM32F1xx_HAL_Driver/Src/stm32f1xx_hal_tim.o
 .debug_abbrev  0x0000000000001a7d      0x26c ./Drivers/STM32F1xx_HAL_Driver/Src/stm32f1xx_hal_tim_ex.o
 .debug_abbrev  0x0000000000001ce9      0x2df ./Drivers/STM32F1xx_HAL_Driver/Src/stm32f1xx_hal_uart.o
 .debug_abbrev  0x0000000000001fc8      0x414 ./Middlewares/Third_Party/FreeRTOS/Source/CMSIS_RTOS_V2/cmsis_os2.o
 .debug_abbrev  0x00000000000023dc       0xf2 ./Middlewares/Third_Party/FreeRTOS/Source/list.o
 .debug_abbrev  0x00000000000024ce      0x3ba ./Middlewares/Third_Party/FreeRTOS/Source/queue.o
 .debug_abbrev  0x0000000000002888      0x37d ./Middlewares/Third_Party/FreeRTOS/Source/tasks.o
 .debug_abbrev  0x0000000000002c05      0x33d ./Middlewares/Third_Party/FreeRTOS/Source/timers.o
 .debug_abbrev  0x0000000000002f42      0x257 ./Middlewares/Third_Party/FreeRTOS/Source/portable/GCC/ARM_CM3/port.o
 .debug_abbrev  0x0000000000003199      0x1ff ./Middlewares/Third_Party/FreeRTOS/Source/portable/MemMang/heap_4.o

.debug_aranges  0x0000000000000000     0x1598
 .debug_aranges
                0x0000000000000000       0x90 ./Core/Src/NRF24L01.o
 .debug_aranges
                0x0000000000000090       0xa8 ./Core/Src/main.o
 .debug_aranges
                0x0000000000000138       0x58 ./Core/Src/stm32f1xx_hal_msp.o
 .debug_aranges
                0x0000000000000190       0x30 ./Core/Src/stm32f1xx_hal_timebase_tim.o
 .debug_aranges
                0x00000000000001c0       0x50 ./Core/Src/stm32f1xx_it.o
 .debug_aranges
                0x0000000000000210       0x28 ./Core/Src/system_stm32f1xx.o
 .debug_aranges
                0x0000000000000238       0x28 ./Core/Startup/startup_stm32f103c6tx.o
 .debug_aranges
                0x0000000000000260       0xe0 ./Drivers/STM32F1xx_HAL_Driver/Src/stm32f1xx_hal.o
 .debug_aranges
                0x0000000000000340      0x100 ./Drivers/STM32F1xx_HAL_Driver/Src/stm32f1xx_hal_cortex.o
 .debug_aranges
                0x0000000000000440       0x58 ./Drivers/STM32F1xx_HAL_Driver/Src/stm32f1xx_hal_gpio.o
 .debug_aranges
                0x0000000000000498       0x90 ./Drivers/STM32F1xx_HAL_Driver/Src/stm32f1xx_hal_rcc.o
 .debug_aranges
                0x0000000000000528      0x1d0 ./Drivers/STM32F1xx_HAL_Driver/Src/stm32f1xx_hal_spi.o
 .debug_aranges
                0x00000000000006f8      0x3d0 ./Drivers/STM32F1xx_HAL_Driver/Src/stm32f1xx_hal_tim.o
 .debug_aranges
                0x0000000000000ac8      0x168 ./Drivers/STM32F1xx_HAL_Driver/Src/stm32f1xx_hal_tim_ex.o
 .debug_aranges
                0x0000000000000c30      0x208 ./Drivers/STM32F1xx_HAL_Driver/Src/stm32f1xx_hal_uart.o
 .debug_aranges
                0x0000000000000e38      0x228 ./Middlewares/Third_Party/FreeRTOS/Source/CMSIS_RTOS_V2/cmsis_os2.o
 .debug_aranges
                0x0000000000001060       0x40 ./Middlewares/Third_Party/FreeRTOS/Source/list.o
 .debug_aranges
                0x00000000000010a0      0x158 ./Middlewares/Third_Party/FreeRTOS/Source/queue.o
 .debug_aranges
                0x00000000000011f8      0x1f8 ./Middlewares/Third_Party/FreeRTOS/Source/tasks.o
 .debug_aranges
                0x00000000000013f0       0xe0 ./Middlewares/Third_Party/FreeRTOS/Source/timers.o
 .debug_aranges
                0x00000000000014d0       0x78 ./Middlewares/Third_Party/FreeRTOS/Source/portable/GCC/ARM_CM3/port.o
 .debug_aranges
                0x0000000000001548       0x50 ./Middlewares/Third_Party/FreeRTOS/Source/portable/MemMang/heap_4.o

.debug_ranges   0x0000000000000000     0x1470
 .debug_ranges  0x0000000000000000       0x80 ./Core/Src/NRF24L01.o
 .debug_ranges  0x0000000000000080       0x98 ./Core/Src/main.o
 .debug_ranges  0x0000000000000118       0x48 ./Core/Src/stm32f1xx_hal_msp.o
 .debug_ranges  0x0000000000000160       0x20 ./Core/Src/stm32f1xx_hal_timebase_tim.o
 .debug_ranges  0x0000000000000180       0x40 ./Core/Src/stm32f1xx_it.o
 .debug_ranges  0x00000000000001c0       0x18 ./Core/Src/system_stm32f1xx.o
 .debug_ranges  0x00000000000001d8       0x20 ./Core/Startup/startup_stm32f103c6tx.o
 .debug_ranges  0x00000000000001f8       0xd0 ./Drivers/STM32F1xx_HAL_Driver/Src/stm32f1xx_hal.o
 .debug_ranges  0x00000000000002c8       0xf0 ./Drivers/STM32F1xx_HAL_Driver/Src/stm32f1xx_hal_cortex.o
 .debug_ranges  0x00000000000003b8       0x48 ./Drivers/STM32F1xx_HAL_Driver/Src/stm32f1xx_hal_gpio.o
 .debug_ranges  0x0000000000000400       0x80 ./Drivers/STM32F1xx_HAL_Driver/Src/stm32f1xx_hal_rcc.o
 .debug_ranges  0x0000000000000480      0x1c0 ./Drivers/STM32F1xx_HAL_Driver/Src/stm32f1xx_hal_spi.o
 .debug_ranges  0x0000000000000640      0x3c0 ./Drivers/STM32F1xx_HAL_Driver/Src/stm32f1xx_hal_tim.o
 .debug_ranges  0x0000000000000a00      0x158 ./Drivers/STM32F1xx_HAL_Driver/Src/stm32f1xx_hal_tim_ex.o
 .debug_ranges  0x0000000000000b58      0x228 ./Drivers/STM32F1xx_HAL_Driver/Src/stm32f1xx_hal_uart.o
 .debug_ranges  0x0000000000000d80      0x218 ./Middlewares/Third_Party/FreeRTOS/Source/CMSIS_RTOS_V2/cmsis_os2.o
 .debug_ranges  0x0000000000000f98       0x30 ./Middlewares/Third_Party/FreeRTOS/Source/list.o
 .debug_ranges  0x0000000000000fc8      0x148 ./Middlewares/Third_Party/FreeRTOS/Source/queue.o
 .debug_ranges  0x0000000000001110      0x1e8 ./Middlewares/Third_Party/FreeRTOS/Source/tasks.o
 .debug_ranges  0x00000000000012f8       0xd0 ./Middlewares/Third_Party/FreeRTOS/Source/timers.o
 .debug_ranges  0x00000000000013c8       0x68 ./Middlewares/Third_Party/FreeRTOS/Source/portable/GCC/ARM_CM3/port.o
 .debug_ranges  0x0000000000001430       0x40 ./Middlewares/Third_Party/FreeRTOS/Source/portable/MemMang/heap_4.o

.debug_macro    0x0000000000000000    0x18a91
 .debug_macro   0x0000000000000000      0x1d2 ./Core/Src/NRF24L01.o
 .debug_macro   0x00000000000001d2      0xa6c ./Core/Src/NRF24L01.o
 .debug_macro   0x0000000000000c3e      0x221 ./Core/Src/NRF24L01.o
 .debug_macro   0x0000000000000e5f       0x2e ./Core/Src/NRF24L01.o
 .debug_macro   0x0000000000000e8d       0x22 ./Core/Src/NRF24L01.o
 .debug_macro   0x0000000000000eaf       0x22 ./Core/Src/NRF24L01.o
 .debug_macro   0x0000000000000ed1       0x8e ./Core/Src/NRF24L01.o
 .debug_macro   0x0000000000000f5f       0x51 ./Core/Src/NRF24L01.o
 .debug_macro   0x0000000000000fb0      0x103 ./Core/Src/NRF24L01.o
 .debug_macro   0x00000000000010b3       0x6a ./Core/Src/NRF24L01.o
 .debug_macro   0x000000000000111d      0x1df ./Core/Src/NRF24L01.o
 .debug_macro   0x00000000000012fc       0x1c ./Core/Src/NRF24L01.o
 .debug_macro   0x0000000000001318       0x22 ./Core/Src/NRF24L01.o
 .debug_macro   0x000000000000133a       0xbd ./Core/Src/NRF24L01.o
 .debug_macro   0x00000000000013f7      0xd23 ./Core/Src/NRF24L01.o
 .debug_macro   0x000000000000211a     0xde75 ./Core/Src/NRF24L01.o
 .debug_macro   0x000000000000ff8f       0x6d ./Core/Src/NRF24L01.o
 .debug_macro   0x000000000000fffc     0x348d ./Core/Src/NRF24L01.o
 .debug_macro   0x0000000000013489      0x174 ./Core/Src/NRF24L01.o
 .debug_macro   0x00000000000135fd       0x5c ./Core/Src/NRF24L01.o
 .debug_macro   0x0000000000013659      0x5bc ./Core/Src/NRF24L01.o
 .debug_macro   0x0000000000013c15      0x1b7 ./Core/Src/NRF24L01.o
 .debug_macro   0x0000000000013dcc      0x1cb ./Core/Src/NRF24L01.o
 .debug_macro   0x0000000000013f97      0x114 ./Core/Src/NRF24L01.o
 .debug_macro   0x00000000000140ab      0x1b2 ./Core/Src/NRF24L01.o
 .debug_macro   0x000000000001425d       0x27 ./Core/Src/NRF24L01.o
 .debug_macro   0x0000000000014284      0x12f ./Core/Src/NRF24L01.o
 .debug_macro   0x00000000000143b3      0x1bc ./Core/Src/NRF24L01.o
 .debug_macro   0x000000000001456f       0x34 ./Core/Src/NRF24L01.o
 .debug_macro   0x00000000000145a3       0x3c ./Core/Src/NRF24L01.o
 .debug_macro   0x00000000000145df       0x57 ./Core/Src/NRF24L01.o
 .debug_macro   0x0000000000014636       0x87 ./Core/Src/NRF24L01.o
 .debug_macro   0x00000000000146bd      0x183 ./Core/Src/NRF24L01.o
 .debug_macro   0x0000000000014840      0x140 ./Core/Src/NRF24L01.o
 .debug_macro   0x0000000000014980      0x217 ./Core/Src/NRF24L01.o
 .debug_macro   0x0000000000014b97      0x8ed ./Core/Src/NRF24L01.o
 .debug_macro   0x0000000000015484      0x28e ./Core/Src/NRF24L01.o
 .debug_macro   0x0000000000015712       0x69 ./Core/Src/NRF24L01.o
 .debug_macro   0x000000000001577b       0xee ./Core/Src/NRF24L01.o
 .debug_macro   0x0000000000015869      0x303 ./Core/Src/main.o
 .debug_macro   0x0000000000015b6c       0x5b ./Core/Src/main.o
 .debug_macro   0x0000000000015bc7       0x74 ./Core/Src/main.o
 .debug_macro   0x0000000000015c3b      0x122 ./Core/Src/main.o
 .debug_macro   0x0000000000015d5d       0xdd ./Core/Src/main.o
 .debug_macro   0x0000000000015e3a       0x18 ./Core/Src/main.o
 .debug_macro   0x0000000000015e52       0x52 ./Core/Src/main.o
 .debug_macro   0x0000000000015ea4       0x3c ./Core/Src/main.o
 .debug_macro   0x0000000000015ee0       0x34 ./Core/Src/main.o
 .debug_macro   0x0000000000015f14       0x16 ./Core/Src/main.o
 .debug_macro   0x0000000000015f2a       0x35 ./Core/Src/main.o
 .debug_macro   0x0000000000015f5f       0x16 ./Core/Src/main.o
 .debug_macro   0x0000000000015f75       0x43 ./Core/Src/main.o
 .debug_macro   0x0000000000015fb8       0x34 ./Core/Src/main.o
 .debug_macro   0x0000000000015fec       0x10 ./Core/Src/main.o
 .debug_macro   0x0000000000015ffc       0x58 ./Core/Src/main.o
 .debug_macro   0x0000000000016054       0x71 ./Core/Src/main.o
 .debug_macro   0x00000000000160c5       0x1c ./Core/Src/main.o
 .debug_macro   0x00000000000160e1      0x12a ./Core/Src/main.o
 .debug_macro   0x000000000001620b      0x341 ./Core/Src/main.o
 .debug_macro   0x000000000001654c       0x16 ./Core/Src/main.o
 .debug_macro   0x0000000000016562       0x29 ./Core/Src/main.o
 .debug_macro   0x000000000001658b      0x1b5 ./Core/Src/stm32f1xx_hal_msp.o
 .debug_macro   0x0000000000016740      0x1ab ./Core/Src/stm32f1xx_hal_timebase_tim.o
 .debug_macro   0x00000000000168eb      0x1d2 ./Core/Src/stm32f1xx_it.o
 .debug_macro   0x0000000000016abd      0x1ab ./Core/Src/system_stm32f1xx.o
 .debug_macro   0x0000000000016c68      0x1cf ./Drivers/STM32F1xx_HAL_Driver/Src/stm32f1xx_hal.o
 .debug_macro   0x0000000000016e37      0x1ab ./Drivers/STM32F1xx_HAL_Driver/Src/stm32f1xx_hal_cortex.o
 .debug_macro   0x0000000000016fe2      0x216 ./Drivers/STM32F1xx_HAL_Driver/Src/stm32f1xx_hal_gpio.o
 .debug_macro   0x00000000000171f8      0x1bd ./Drivers/STM32F1xx_HAL_Driver/Src/stm32f1xx_hal_rcc.o
 .debug_macro   0x00000000000173b5      0x1b3 ./Drivers/STM32F1xx_HAL_Driver/Src/stm32f1xx_hal_spi.o
 .debug_macro   0x0000000000017568      0x1ac ./Drivers/STM32F1xx_HAL_Driver/Src/stm32f1xx_hal_tim.o
 .debug_macro   0x0000000000017714      0x1ab ./Drivers/STM32F1xx_HAL_Driver/Src/stm32f1xx_hal_tim_ex.o
 .debug_macro   0x00000000000178bf      0x1ac ./Drivers/STM32F1xx_HAL_Driver/Src/stm32f1xx_hal_uart.o
 .debug_macro   0x0000000000017a6b      0x247 ./Middlewares/Third_Party/FreeRTOS/Source/CMSIS_RTOS_V2/cmsis_os2.o
 .debug_macro   0x0000000000017cb2       0x10 ./Middlewares/Third_Party/FreeRTOS/Source/CMSIS_RTOS_V2/cmsis_os2.o
 .debug_macro   0x0000000000017cc2       0x20 ./Middlewares/Third_Party/FreeRTOS/Source/CMSIS_RTOS_V2/cmsis_os2.o
 .debug_macro   0x0000000000017ce2       0x10 ./Middlewares/Third_Party/FreeRTOS/Source/CMSIS_RTOS_V2/cmsis_os2.o
 .debug_macro   0x0000000000017cf2       0xb7 ./Middlewares/Third_Party/FreeRTOS/Source/CMSIS_RTOS_V2/cmsis_os2.o
 .debug_macro   0x0000000000017da9       0x91 ./Middlewares/Third_Party/FreeRTOS/Source/CMSIS_RTOS_V2/cmsis_os2.o
 .debug_macro   0x0000000000017e3a       0x8d ./Middlewares/Third_Party/FreeRTOS/Source/CMSIS_RTOS_V2/cmsis_os2.o
 .debug_macro   0x0000000000017ec7       0x9a ./Middlewares/Third_Party/FreeRTOS/Source/CMSIS_RTOS_V2/cmsis_os2.o
 .debug_macro   0x0000000000017f61      0x187 ./Middlewares/Third_Party/FreeRTOS/Source/list.o
 .debug_macro   0x00000000000180e8      0x212 ./Middlewares/Third_Party/FreeRTOS/Source/queue.o
 .debug_macro   0x00000000000182fa       0x16 ./Middlewares/Third_Party/FreeRTOS/Source/queue.o
 .debug_macro   0x0000000000018310      0x287 ./Middlewares/Third_Party/FreeRTOS/Source/tasks.o
 .debug_macro   0x0000000000018597       0x10 ./Middlewares/Third_Party/FreeRTOS/Source/tasks.o
 .debug_macro   0x00000000000185a7      0x1ca ./Middlewares/Third_Party/FreeRTOS/Source/timers.o
 .debug_macro   0x0000000000018771      0x172 ./Middlewares/Third_Party/FreeRTOS/Source/portable/GCC/ARM_CM3/port.o
 .debug_macro   0x00000000000188e3      0x1ae ./Middlewares/Third_Party/FreeRTOS/Source/portable/MemMang/heap_4.o

.debug_line     0x0000000000000000    0x16a18
 .debug_line    0x0000000000000000      0x89e ./Core/Src/NRF24L01.o
 .debug_line    0x000000000000089e      0xd00 ./Core/Src/main.o
 .debug_line    0x000000000000159e      0x796 ./Core/Src/stm32f1xx_hal_msp.o
 .debug_line    0x0000000000001d34      0x703 ./Core/Src/stm32f1xx_hal_timebase_tim.o
 .debug_line    0x0000000000002437      0x76d ./Core/Src/stm32f1xx_it.o
 .debug_line    0x0000000000002ba4      0x707 ./Core/Src/system_stm32f1xx.o
 .debug_line    0x00000000000032ab       0x86 ./Core/Startup/startup_stm32f103c6tx.o
 .debug_line    0x0000000000003331      0x934 ./Drivers/STM32F1xx_HAL_Driver/Src/stm32f1xx_hal.o
 .debug_line    0x0000000000003c65      0xb1c ./Drivers/STM32F1xx_HAL_Driver/Src/stm32f1xx_hal_cortex.o
 .debug_line    0x0000000000004781      0x9b8 ./Drivers/STM32F1xx_HAL_Driver/Src/stm32f1xx_hal_gpio.o
 .debug_line    0x0000000000005139      0xd40 ./Drivers/STM32F1xx_HAL_Driver/Src/stm32f1xx_hal_rcc.o
 .debug_line    0x0000000000005e79     0x1bb5 ./Drivers/STM32F1xx_HAL_Driver/Src/stm32f1xx_hal_spi.o
 .debug_line    0x0000000000007a2e     0x3376 ./Drivers/STM32F1xx_HAL_Driver/Src/stm32f1xx_hal_tim.o
 .debug_line    0x000000000000ada4     0x185a ./Drivers/STM32F1xx_HAL_Driver/Src/stm32f1xx_hal_tim_ex.o
 .debug_line    0x000000000000c5fe     0x2865 ./Drivers/STM32F1xx_HAL_Driver/Src/stm32f1xx_hal_uart.o
 .debug_line    0x000000000000ee63     0x244c ./Middlewares/Third_Party/FreeRTOS/Source/CMSIS_RTOS_V2/cmsis_os2.o
 .debug_line    0x00000000000112af      0x6fc ./Middlewares/Third_Party/FreeRTOS/Source/list.o
 .debug_line    0x00000000000119ab     0x16bf ./Middlewares/Third_Party/FreeRTOS/Source/queue.o
 .debug_line    0x000000000001306a     0x1d17 ./Middlewares/Third_Party/FreeRTOS/Source/tasks.o
 .debug_line    0x0000000000014d81      0xc8f ./Middlewares/Third_Party/FreeRTOS/Source/timers.o
 .debug_line    0x0000000000015a10      0x74a ./Middlewares/Third_Party/FreeRTOS/Source/portable/GCC/ARM_CM3/port.o
 .debug_line    0x000000000001615a      0x8be ./Middlewares/Third_Party/FreeRTOS/Source/portable/MemMang/heap_4.o

.debug_str      0x0000000000000000    0x92df6
 .debug_str     0x0000000000000000    0x829d3 ./Core/Src/NRF24L01.o
                                      0x82dae (size before relaxing)
 .debug_str     0x00000000000829d3     0x743d ./Core/Src/main.o
                                      0x8a117 (size before relaxing)
 .debug_str     0x0000000000089e10      0x337 ./Core/Src/stm32f1xx_hal_msp.o
                                      0x831b0 (size before relaxing)
 .debug_str     0x000000000008a147      0x11a ./Core/Src/stm32f1xx_hal_timebase_tim.o
                                      0x82e56 (size before relaxing)
 .debug_str     0x000000000008a261       0xb5 ./Core/Src/stm32f1xx_it.o
                                      0x82c3c (size before relaxing)
 .debug_str     0x000000000008a316       0x7e ./Core/Src/system_stm32f1xx.o
                                      0x825c8 (size before relaxing)
 .debug_str     0x000000000008a394       0x36 ./Core/Startup/startup_stm32f103c6tx.o
                                         0x64 (size before relaxing)
 .debug_str     0x000000000008a3ca      0x336 ./Drivers/STM32F1xx_HAL_Driver/Src/stm32f1xx_hal.o
                                      0x82cc1 (size before relaxing)
 .debug_str     0x000000000008a700      0x29f ./Drivers/STM32F1xx_HAL_Driver/Src/stm32f1xx_hal_cortex.o
                                      0x82c0d (size before relaxing)
 .debug_str     0x000000000008a99f      0x2d3 ./Drivers/STM32F1xx_HAL_Driver/Src/stm32f1xx_hal_gpio.o
                                      0x8294e (size before relaxing)
 .debug_str     0x000000000008ac72      0x1f3 ./Drivers/STM32F1xx_HAL_Driver/Src/stm32f1xx_hal_rcc.o
                                      0x829f7 (size before relaxing)
 .debug_str     0x000000000008ae65      0x545 ./Drivers/STM32F1xx_HAL_Driver/Src/stm32f1xx_hal_spi.o
                                      0x82ef4 (size before relaxing)
 .debug_str     0x000000000008b3aa      0xd7f ./Drivers/STM32F1xx_HAL_Driver/Src/stm32f1xx_hal_tim.o
                                      0x839e9 (size before relaxing)
 .debug_str     0x000000000008c129      0x493 ./Drivers/STM32F1xx_HAL_Driver/Src/stm32f1xx_hal_tim_ex.o
                                      0x83205 (size before relaxing)
 .debug_str     0x000000000008c5bc      0x603 ./Drivers/STM32F1xx_HAL_Driver/Src/stm32f1xx_hal_uart.o
                                      0x83068 (size before relaxing)
 .debug_str     0x000000000008cbbf     0x3a2d ./Middlewares/Third_Party/FreeRTOS/Source/CMSIS_RTOS_V2/cmsis_os2.o
                                       0xe11e (size before relaxing)
 .debug_str     0x00000000000905ec      0x139 ./Middlewares/Third_Party/FreeRTOS/Source/list.o
                                       0xa20b (size before relaxing)
 .debug_str     0x0000000000090725      0x86c ./Middlewares/Third_Party/FreeRTOS/Source/queue.o
                                       0xbc05 (size before relaxing)
 .debug_str     0x0000000000090f91     0x10a8 ./Middlewares/Third_Party/FreeRTOS/Source/tasks.o
                                       0xc769 (size before relaxing)
 .debug_str     0x0000000000092039      0x515 ./Middlewares/Third_Party/FreeRTOS/Source/timers.o
                                       0xc0da (size before relaxing)
 .debug_str     0x000000000009254e      0x66e ./Middlewares/Third_Party/FreeRTOS/Source/portable/GCC/ARM_CM3/port.o
                                       0x7fa8 (size before relaxing)
 .debug_str     0x0000000000092bbc      0x23a ./Middlewares/Third_Party/FreeRTOS/Source/portable/MemMang/heap_4.o
                                       0xa958 (size before relaxing)

.comment        0x0000000000000000       0x50
 .comment       0x0000000000000000       0x50 ./Core/Src/NRF24L01.o
                                         0x51 (size before relaxing)
 .comment       0x0000000000000050       0x51 ./Core/Src/main.o
 .comment       0x0000000000000050       0x51 ./Core/Src/stm32f1xx_hal_msp.o
 .comment       0x0000000000000050       0x51 ./Core/Src/stm32f1xx_hal_timebase_tim.o
 .comment       0x0000000000000050       0x51 ./Core/Src/stm32f1xx_it.o
 .comment       0x0000000000000050       0x51 ./Core/Src/system_stm32f1xx.o
 .comment       0x0000000000000050       0x51 ./Drivers/STM32F1xx_HAL_Driver/Src/stm32f1xx_hal.o
 .comment       0x0000000000000050       0x51 ./Drivers/STM32F1xx_HAL_Driver/Src/stm32f1xx_hal_cortex.o
 .comment       0x0000000000000050       0x51 ./Drivers/STM32F1xx_HAL_Driver/Src/stm32f1xx_hal_gpio.o
 .comment       0x0000000000000050       0x51 ./Drivers/STM32F1xx_HAL_Driver/Src/stm32f1xx_hal_rcc.o
 .comment       0x0000000000000050       0x51 ./Drivers/STM32F1xx_HAL_Driver/Src/stm32f1xx_hal_spi.o
 .comment       0x0000000000000050       0x51 ./Drivers/STM32F1xx_HAL_Driver/Src/stm32f1xx_hal_tim.o
 .comment       0x0000000000000050       0x51 ./Drivers/STM32F1xx_HAL_Driver/Src/stm32f1xx_hal_tim_ex.o
 .comment       0x0000000000000050       0x51 ./Drivers/STM32F1xx_HAL_Driver/Src/stm32f1xx_hal_uart.o
 .comment       0x0000000000000050       0x51 ./Middlewares/Third_Party/FreeRTOS/Source/CMSIS_RTOS_V2/cmsis_os2.o
 .comment       0x0000000000000050       0x51 ./Middlewares/Third_Party/FreeRTOS/Source/list.o
 .comment       0x0000000000000050       0x51 ./Middlewares/Third_Party/FreeRTOS/Source/queue.o
 .comment       0x0000000000000050       0x51 ./Middlewares/Third_Party/FreeRTOS/Source/tasks.o
 .comment       0x0000000000000050       0x51 ./Middlewares/Third_Party/FreeRTOS/Source/timers.o
 .comment       0x0000000000000050       0x51 ./Middlewares/Third_Party/FreeRTOS/Source/portable/GCC/ARM_CM3/port.o
 .comment       0x0000000000000050       0x51 ./Middlewares/Third_Party/FreeRTOS/Source/portable/MemMang/heap_4.o

.debug_frame    0x0000000000000000     0x5bd4
 .debug_frame   0x0000000000000000      0x204 ./Core/Src/NRF24L01.o
 .debug_frame   0x0000000000000204      0x288 ./Core/Src/main.o
 .debug_frame   0x000000000000048c      0x138 ./Core/Src/stm32f1xx_hal_msp.o
 .debug_frame   0x00000000000005c4       0x74 ./Core/Src/stm32f1xx_hal_timebase_tim.o
 .debug_frame   0x0000000000000638       0xc4 ./Core/Src/stm32f1xx_it.o
 .debug_frame   0x00000000000006fc       0x58 ./Core/Src/system_stm32f1xx.o
 .debug_frame   0x0000000000000754      0x334 ./Drivers/STM32F1xx_HAL_Driver/Src/stm32f1xx_hal.o
 .debug_frame   0x0000000000000a88      0x428 ./Drivers/STM32F1xx_HAL_Driver/Src/stm32f1xx_hal_cortex.o
 .debug_frame   0x0000000000000eb0      0x14c ./Drivers/STM32F1xx_HAL_Driver/Src/stm32f1xx_hal_gpio.o
 .debug_frame   0x0000000000000ffc      0x218 ./Drivers/STM32F1xx_HAL_Driver/Src/stm32f1xx_hal_rcc.o
 .debug_frame   0x0000000000001214      0x824 ./Drivers/STM32F1xx_HAL_Driver/Src/stm32f1xx_hal_spi.o
 .debug_frame   0x0000000000001a38     0x11b8 ./Drivers/STM32F1xx_HAL_Driver/Src/stm32f1xx_hal_tim.o
 .debug_frame   0x0000000000002bf0      0x638 ./Drivers/STM32F1xx_HAL_Driver/Src/stm32f1xx_hal_tim_ex.o
 .debug_frame   0x0000000000003228      0x944 ./Drivers/STM32F1xx_HAL_Driver/Src/stm32f1xx_hal_uart.o
 .debug_frame   0x0000000000003b6c      0x980 ./Middlewares/Third_Party/FreeRTOS/Source/CMSIS_RTOS_V2/cmsis_os2.o
 .debug_frame   0x00000000000044ec       0xd8 ./Middlewares/Third_Party/FreeRTOS/Source/list.o
 .debug_frame   0x00000000000045c4      0x5ec ./Middlewares/Third_Party/FreeRTOS/Source/queue.o
 .debug_frame   0x0000000000004bb0      0x8a8 ./Middlewares/Third_Party/FreeRTOS/Source/tasks.o
 .debug_frame   0x0000000000005458      0x3b4 ./Middlewares/Third_Party/FreeRTOS/Source/timers.o
 .debug_frame   0x000000000000580c      0x198 ./Middlewares/Third_Party/FreeRTOS/Source/portable/GCC/ARM_CM3/port.o
 .debug_frame   0x00000000000059a4      0x108 ./Middlewares/Third_Party/FreeRTOS/Source/portable/MemMang/heap_4.o
 .debug_frame   0x0000000000005aac       0x30 c:/st/stm32cubeide_1.10.1/stm32cubeide/plugins/com.st.stm32cube.ide.mcu.externaltools.gnu-tools-for-stm32.10.3-2021.10.win32_1.0.0.202111181127/tools/bin/../lib/gcc/arm-none-eabi/10.3.1/../../../../arm-none-eabi/lib/thumb/v7-m/nofp\libc_nano.a(lib_a-atoi.o)
 .debug_frame   0x0000000000005adc       0x20 c:/st/stm32cubeide_1.10.1/stm32cubeide/plugins/com.st.stm32cube.ide.mcu.externaltools.gnu-tools-for-stm32.10.3-2021.10.win32_1.0.0.202111181127/tools/bin/../lib/gcc/arm-none-eabi/10.3.1/../../../../arm-none-eabi/lib/thumb/v7-m/nofp\libc_nano.a(lib_a-errno.o)
 .debug_frame   0x0000000000005afc       0x2c c:/st/stm32cubeide_1.10.1/stm32cubeide/plugins/com.st.stm32cube.ide.mcu.externaltools.gnu-tools-for-stm32.10.3-2021.10.win32_1.0.0.202111181127/tools/bin/../lib/gcc/arm-none-eabi/10.3.1/../../../../arm-none-eabi/lib/thumb/v7-m/nofp\libc_nano.a(lib_a-init.o)
 .debug_frame   0x0000000000005b28       0x28 c:/st/stm32cubeide_1.10.1/stm32cubeide/plugins/com.st.stm32cube.ide.mcu.externaltools.gnu-tools-for-stm32.10.3-2021.10.win32_1.0.0.202111181127/tools/bin/../lib/gcc/arm-none-eabi/10.3.1/../../../../arm-none-eabi/lib/thumb/v7-m/nofp\libc_nano.a(lib_a-memcpy-stub.o)