../Core/Src/main.c:108:6:map	24	static
../Core/Src/main.c:112:10:constrain	24	static
../Core/Src/main.c:121:6:adjustMotorSpeed	24	static
../Core/Src/main.c:155:6:camera_move_left_motor	16	static
../Core/Src/main.c:163:6:camera_move_right_motor	16	static
../Core/Src/main.c:170:6:SetMotorSpeed	16	static
../Core/Src/main.c:176:10:CalculateSpeedAdjustment	24	static
../Core/Src/main.c:188:6:AdjustMotorSpeedBasedOnError	24	static
../Core/Src/main.c:217:5:main	8	static
../Core/Src/main.c:320:6:SystemClock_Config	72	static
../Core/Src/main.c:360:13:MX_SPI1_Init	8	static
../Core/Src/main.c:398:13:MX_TIM3_Init	48	static
../Core/Src/main.c:451:13:MX_USART1_UART_Init	8	static
../Core/Src/main.c:484:13:MX_GPIO_Init	40	static
../Core/Src/main.c:526:6:Task_one	24	static
../Core/Src/main.c:578:6:Task_Two	24	static
../Core/Src/main.c:606:6:HAL_TIM_PeriodElapsedCallback	16	static
../Core/Src/main.c:623:6:Error_Handler	4	static,ignoring_inline_asm
