../Core/Src/NRF24L01.c:25:6:CS_Select	8	static
../Core/Src/NRF24L01.c:30:6:CS_UnSelect	8	static
../Core/Src/NRF24L01.c:36:6:CE_Enable	8	static
../Core/Src/NRF24L01.c:41:6:CE_Disable	8	static
../Core/Src/NRF24L01.c:49:6:nrf24_WriteReg	24	static
../Core/Src/NRF24L01.c:65:6:nrf24_WriteRegMulti	32	static
../Core/Src/NRF24L01.c:82:9:nrf24_ReadReg	24	static
../Core/Src/NRF24L01.c:100:6:nrf24_ReadReg_Multi	24	static
../Core/Src/NRF24L01.c:114:6:nrfsendCmd	16	static
../Core/Src/NRF24L01.c:126:6:NRF24_Init	8	static
../Core/Src/NRF24L01.c:153:6:NRF24_TxMode	24	static
../Core/Src/NRF24L01.c:177:9:NRF24_Transmit	24	static
../Core/Src/NRF24L01.c:209:6:NRF24_RxMode	24	static
../Core/Src/NRF24L01.c:250:9:isDataAvailable	24	static
../Core/Src/NRF24L01.c:273:6:NRF24_Receive	24	static
